<html>
<body>
<pre>
<h1>µVision Build Log</h1>
<h2>Tool Versions:</h2>
IDE-Version: ¦ÌVision V5.27.1.0
Copyright (C) 2019 ARM Ltd and ARM Germany GmbH. All rights reserved.
License Information: 1 Administrator, 1, LIC=9WSKC-7NYPZ-CX3U6-DZINN-FI8F8-N95FT
 
Tool Versions:
Toolchain:       MDK-ARM Plus  Version: 5.27.1.0
Toolchain Path:  D:\keil_pack\mdk_v5\ARM\ARMCLANG\Bin
C Compiler:      ArmClang.exe V6.12
Assembler:       Armasm.exe V6.12
Linker/Locator:  ArmLink.exe V6.12
Library Manager: ArmAr.exe V6.12
Hex Converter:   FromElf.exe V6.12
CPU DLL:         
Dialog DLL:      
Target DLL:      Segger\JL2CM3.dll V2.99.35.0
Dialog DLL:      TCM.DLL V1.36.1.0
 
<h2>Project:</h2>
D:\Personal\Desktop\GD_pack\GD32E5\GD32E50x_Demo_Suites_V1.4.0\GD32E507Z_EVAL_Demo_Suites\Projects\03_EXTI_Key_Interrupt_mode\MDK-ARM\GD32E507Z_EVAL.uvprojx
Project File Date:  10/09/2024

<h2>Output:</h2>
*** Using Compiler 'V6.12', folder: 'D:\keil_pack\mdk_v5\ARM\ARMCLANG\Bin'
Rebuild target 'GD32E507Z_EVAL'
compiling gd32e50x_bkp.c...
compiling systick.c...
compiling main.c...
compiling gd32e50x_it.c...
compiling system_gd32e50x.c...
compiling gd32e50x_crc.c...
compiling gd32e50x_cmp.c...
compiling gd32e50x_adc.c...
compiling gd32e50x_ctc.c...
compiling gd32e50x_dbg.c...
compiling gd32e50x_dac.c...
compiling gd32e50x_exti.c...
compiling gd32e50x_dma.c...
compiling gd32e50x_fmc.c...
compiling gd32e50x_exmc.c...
compiling gd32e50x_enet.c...
compiling gd32e50x_fwdgt.c...
compiling gd32e50x_misc.c...
compiling gd32e50x_gpio.c...
compiling gd32e50x_pmu.c...
compiling gd32e50x_rtc.c...
compiling gd32e50x_i2c.c...
compiling gd32e50x_rcu.c...
compiling gd32e50x_sdio.c...
compiling gd32e50x_spi.c...
compiling gd32e50x_sqpi.c...
compiling gd32e50x_tmu.c...
compiling gd32e50x_shrtimer.c...
compiling gd32e50x_wwdgt.c...
compiling gd32e50x_timer.c...
assembling startup_gd32e50x_cl.s...
compiling gd32e50x_usart.c...
compiling gd32e50x_can.c...
compiling gd32e507z_eval.c...
linking...
Program Size: Code=3152 RO-data=448 RW-data=4 ZI-data=2060  
".\output\Project.axf" - 0 Error(s), 0 Warning(s).

<h2>Software Packages used:</h2>

Package Vendor: ARM
                http://www.keil.com/pack/ARM.CMSIS.5.5.1.pack
                ARM.CMSIS.5.5.1
                CMSIS (Cortex Microcontroller Software Interface Standard)
   * Component: CORE Version: 5.2.0

Package Vendor: GigaDevice
                https://gd32mcu.com/data/documents/pack/GigaDevice.GD32E50x_DFP.1.5.0.pack
                GigaDevice.GD32E50x_DFP.1.5.0
                GigaDevice GD32E50x Series Device Support and Examples

<h2>Collection of Component include folders:</h2>
  .\RTE\_GD32E507Z_EVAL
  D:\keil_pack\mdk_v5\pack\ARM\CMSIS\5.5.1\CMSIS\Core\Include
  D:\keil_pack\mdk_v5\pack\GigaDevice\GD32E50x_DFP\1.5.0\Device\Include

<h2>Collection of Component Files used:</h2>

   * Component: ARM::CMSIS:CORE:5.2.0
Build Time Elapsed:  00:00:03
</pre>
</body>
</html>
