Component: ARM Compiler 6.12 Tool: armlink [5d624300]

==============================================================================

Section Cross References

    main.o(.ARM.exidx.text.strip_crlf) refers to main.o(.text.strip_crlf) for [Anonymous Symbol]
    main.o(.text.uprintf) refers to main.o(.bss.uprintf.tmp) for uprintf.tmp
    main.o(.text.uprintf) refers to printfa.o(i.__0vsnprintf) for vsnprintf
    main.o(.text.uprintf) refers to main.o(.text.ring_buf_write) for ring_buf_write
    main.o(.text.uprintf) refers to main.o(.text.DMA_TX_start) for DMA_TX_start
    main.o(.ARM.exidx.text.uprintf) refers to main.o(.text.uprintf) for [Anonymous Symbol]
    main.o(.text.ring_buf_write) refers to main.o(.text.irq_lock) for irq_lock
    main.o(.text.ring_buf_write) refers to main.o(.bss.s_tx_head) for s_tx_head
    main.o(.text.ring_buf_write) refers to main.o(.bss.s_tx_tail) for s_tx_tail
    main.o(.text.ring_buf_write) refers to main.o(.bss.s_tx_buf) for s_tx_buf
    main.o(.text.ring_buf_write) refers to memcpya.o(.text) for __aeabi_memcpy
    main.o(.text.ring_buf_write) refers to main.o(.text.irq_unlock) for irq_unlock
    main.o(.ARM.exidx.text.ring_buf_write) refers to main.o(.text.ring_buf_write) for [Anonymous Symbol]
    main.o(.text.DMA_TX_start) refers to main.o(.bss.s_dma_busy) for s_dma_busy
    main.o(.text.DMA_TX_start) refers to main.o(.text.This_Time_TX_len) for This_Time_TX_len
    main.o(.text.DMA_TX_start) refers to gd32e50x_dma.o(.text.dma_channel_disable) for dma_channel_disable
    main.o(.text.DMA_TX_start) refers to main.o(.bss.s_dma_chunk_len) for s_dma_chunk_len
    main.o(.text.DMA_TX_start) refers to main.o(.bss.s_tx_tail) for s_tx_tail
    main.o(.text.DMA_TX_start) refers to main.o(.bss.s_tx_buf) for s_tx_buf
    main.o(.text.DMA_TX_start) refers to gd32e50x_dma.o(.text.dma_memory_address_config) for dma_memory_address_config
    main.o(.text.DMA_TX_start) refers to gd32e50x_dma.o(.text.dma_transfer_number_config) for dma_transfer_number_config
    main.o(.text.DMA_TX_start) refers to gd32e50x_dma.o(.text.dma_channel_enable) for dma_channel_enable
    main.o(.ARM.exidx.text.DMA_TX_start) refers to main.o(.text.DMA_TX_start) for [Anonymous Symbol]
    main.o(.text.uart_dma_init) refers to gd32e50x_rcu.o(.text.rcu_periph_clock_enable) for rcu_periph_clock_enable
    main.o(.text.uart_dma_init) refers to gd32e50x_gpio.o(.text.gpio_init) for gpio_init
    main.o(.text.uart_dma_init) refers to gd32e50x_usart.o(.text.usart_deinit) for usart_deinit
    main.o(.text.uart_dma_init) refers to gd32e50x_usart.o(.text.usart_baudrate_set) for usart_baudrate_set
    main.o(.text.uart_dma_init) refers to gd32e50x_usart.o(.text.usart_word_length_set) for usart_word_length_set
    main.o(.text.uart_dma_init) refers to gd32e50x_usart.o(.text.usart_stop_bit_set) for usart_stop_bit_set
    main.o(.text.uart_dma_init) refers to gd32e50x_usart.o(.text.usart_parity_config) for usart_parity_config
    main.o(.text.uart_dma_init) refers to gd32e50x_usart.o(.text.usart_hardware_flow_rts_config) for usart_hardware_flow_rts_config
    main.o(.text.uart_dma_init) refers to gd32e50x_usart.o(.text.usart_hardware_flow_cts_config) for usart_hardware_flow_cts_config
    main.o(.text.uart_dma_init) refers to gd32e50x_usart.o(.text.usart_receive_config) for usart_receive_config
    main.o(.text.uart_dma_init) refers to gd32e50x_usart.o(.text.usart_transmit_config) for usart_transmit_config
    main.o(.text.uart_dma_init) refers to gd32e50x_usart.o(.text.usart_enable) for usart_enable
    main.o(.text.uart_dma_init) refers to gd32e50x_dma.o(.text.dma_deinit) for dma_deinit
    main.o(.text.uart_dma_init) refers to main.o(.bss.s_tx_buf) for s_tx_buf
    main.o(.text.uart_dma_init) refers to gd32e50x_dma.o(.text.dma_init) for dma_init
    main.o(.text.uart_dma_init) refers to gd32e50x_dma.o(.text.dma_interrupt_enable) for dma_interrupt_enable
    main.o(.text.uart_dma_init) refers to gd32e50x_misc.o(.text.nvic_irq_enable) for nvic_irq_enable
    main.o(.text.uart_dma_init) refers to gd32e50x_usart.o(.text.usart_dma_transmit_config) for usart_dma_transmit_config
    main.o(.text.uart_dma_init) refers to main.o(.bss.s_rx_buf) for s_rx_buf
    main.o(.text.uart_dma_init) refers to gd32e50x_dma.o(.text.dma_channel_enable) for dma_channel_enable
    main.o(.text.uart_dma_init) refers to gd32e50x_usart.o(.text.usart_dma_receive_config) for usart_dma_receive_config
    main.o(.text.uart_dma_init) refers to gd32e50x_usart.o(.text.usart_interrupt_enable) for usart_interrupt_enable
    main.o(.ARM.exidx.text.uart_dma_init) refers to main.o(.text.uart_dma_init) for [Anonymous Symbol]
    main.o(.text.main) refers to systick.o(.text.systick_config) for systick_config
    main.o(.text.main) refers to main.o(.text.uart_dma_init) for uart_dma_init
    main.o(.text.main) refers to main.o(.rodata.str1.1) for .L.str
    main.o(.text.main) refers to main.o(.text.uprintf) for uprintf
[...]
    Removing gd32e50x_timer.o(.text.timer_channel_control_shadow_update_config), (62 bytes).
    Removing gd32e50x_timer.o(.ARM.exidx.text.timer_channel_control_shadow_update_config), (8 bytes).
    Removing gd32e50x_timer.o(.text.timer_channel_output_struct_para_init), (38 bytes).
    Removing gd32e50x_timer.o(.ARM.exidx.text.timer_channel_output_struct_para_init), (8 bytes).
    Removing gd32e50x_timer.o(.text.timer_channel_output_config), (738 bytes).
    Removing gd32e50x_timer.o(.ARM.exidx.text.timer_channel_output_config), (8 bytes).
    Removing gd32e50x_timer.o(.text.timer_channel_output_mode_config), (158 bytes).
    Removing gd32e50x_timer.o(.ARM.exidx.text.timer_channel_output_mode_config), (8 bytes).
    Removing gd32e50x_timer.o(.text.timer_channel_output_pulse_value_config), (88 bytes).
    Removing gd32e50x_timer.o(.ARM.exidx.text.timer_channel_output_pulse_value_config), (8 bytes).
    Removing gd32e50x_timer.o(.text.timer_channel_output_shadow_config), (158 bytes).
    Removing gd32e50x_timer.o(.ARM.exidx.text.timer_channel_output_shadow_config), (8 bytes).
    Removing gd32e50x_timer.o(.text.timer_channel_output_fast_config), (158 bytes).
    Removing gd32e50x_timer.o(.ARM.exidx.text.timer_channel_output_fast_config), (8 bytes).
    Removing gd32e50x_timer.o(.text.timer_channel_output_clear_config), (158 bytes).
    Removing gd32e50x_timer.o(.ARM.exidx.text.timer_channel_output_clear_config), (8 bytes).
    Removing gd32e50x_timer.o(.text.timer_channel_output_polarity_config), (160 bytes).
    Removing gd32e50x_timer.o(.ARM.exidx.text.timer_channel_output_polarity_config), (8 bytes).
    Removing gd32e50x_timer.o(.text.timer_channel_complementary_output_polarity_config), (142 bytes).
    Removing gd32e50x_timer.o(.ARM.exidx.text.timer_channel_complementary_output_polarity_config), (8 bytes).
    Removing gd32e50x_timer.o(.text.timer_channel_output_state_config), (150 bytes).
    Removing gd32e50x_timer.o(.ARM.exidx.text.timer_channel_output_state_config), (8 bytes).
    Removing gd32e50x_timer.o(.text.timer_channel_complementary_output_state_config), (142 bytes).
    Removing gd32e50x_timer.o(.ARM.exidx.text.timer_channel_complementary_output_state_config), (8 bytes).
    Removing gd32e50x_timer.o(.text.timer_channel_input_struct_para_init), (32 bytes).
    Removing gd32e50x_timer.o(.ARM.exidx.text.timer_channel_input_struct_para_init), (8 bytes).
    Removing gd32e50x_timer.o(.text.timer_input_capture_config), (442 bytes).
    Removing gd32e50x_timer.o(.ARM.exidx.text.timer_input_capture_config), (8 bytes).
    Removing gd32e50x_timer.o(.text.timer_channel_input_capture_prescaler_config), (158 bytes).
    Removing gd32e50x_timer.o(.ARM.exidx.text.timer_channel_input_capture_prescaler_config), (8 bytes).
    Removing gd32e50x_timer.o(.text.timer_channel_capture_value_register_read), (82 bytes).
    Removing gd32e50x_timer.o(.ARM.exidx.text.timer_channel_capture_value_register_read), (8 bytes).
    Removing gd32e50x_timer.o(.text.timer_input_pwm_capture_config), (516 bytes).
    Removing gd32e50x_timer.o(.ARM.exidx.text.timer_input_pwm_capture_config), (8 bytes).
    Removing gd32e50x_timer.o(.text.timer_hall_mode_config), (62 bytes).
    Removing gd32e50x_timer.o(.ARM.exidx.text.timer_hall_mode_config), (8 bytes).
    Removing gd32e50x_timer.o(.text.timer_input_trigger_source_select), (42 bytes).
    Removing gd32e50x_timer.o(.ARM.exidx.text.timer_input_trigger_source_select), (8 bytes).
    Removing gd32e50x_timer.o(.text.timer_master_output_trigger_source_select), (42 bytes).
    Removing gd32e50x_timer.o(.ARM.exidx.text.timer_master_output_trigger_source_select), (8 bytes).
    Removing gd32e50x_timer.o(.text.timer_slave_mode_select), (42 bytes).
    Removing gd32e50x_timer.o(.ARM.exidx.text.timer_slave_mode_select), (8 bytes).
    Removing gd32e50x_timer.o(.text.timer_master_slave_mode_config), (62 bytes).
    Removing gd32e50x_timer.o(.ARM.exidx.text.timer_master_slave_mode_config), (8 bytes).
    Removing gd32e50x_timer.o(.text.timer_external_trigger_config), (72 bytes).
    Removing gd32e50x_timer.o(.ARM.exidx.text.timer_external_trigger_config), (8 bytes).
    Removing gd32e50x_timer.o(.text.timer_quadrature_decoder_mode_config), (124 bytes).
    Removing gd32e50x_timer.o(.ARM.exidx.text.timer_quadrature_decoder_mode_config), (8 bytes).
    Removing gd32e50x_timer.o(.text.timer_internal_clock_config), (22 bytes).
    Removing gd32e50x_timer.o(.ARM.exidx.text.timer_internal_clock_config), (8 bytes).
    Removing gd32e50x_timer.o(.text.timer_internal_trigger_as_external_clock_config), (48 bytes).
    Removing gd32e50x_timer.o(.ARM.exidx.text.timer_internal_trigger_as_external_clock_config), (8 bytes).
    Removing gd32e50x_timer.o(.text.timer_external_trigger_as_external_clock_config), (248 bytes).
    Removing gd32e50x_timer.o(.ARM.exidx.text.timer_external_trigger_as_external_clock_config), (8 bytes).
    Removing gd32e50x_timer.o(.text.timer_external_clock_mode0_config), (68 bytes).
    Removing gd32e50x_timer.o(.ARM.exidx.text.timer_external_clock_mode0_config), (8 bytes).
    Removing gd32e50x_timer.o(.text.timer_external_clock_mode1_config), (58 bytes).
    Removing gd32e50x_timer.o(.ARM.exidx.text.timer_external_clock_mode1_config), (8 bytes).
    Removing gd32e50x_timer.o(.text.timer_external_clock_mode1_disable), (22 bytes).
    Removing gd32e50x_timer.o(.ARM.exidx.text.timer_external_clock_mode1_disable), (8 bytes).
    Removing gd32e50x_timer.o(.text.timer_write_chxval_register_config), (76 bytes).
    Removing gd32e50x_timer.o(.ARM.exidx.text.timer_write_chxval_register_config), (8 bytes).
    Removing gd32e50x_timer.o(.text.timer_output_value_selection_config), (76 bytes).
    Removing gd32e50x_timer.o(.ARM.exidx.text.timer_output_value_selection_config), (8 bytes).
    Removing gd32e50x_timer.o(.text.timer_flag_get), (50 bytes).
    Removing gd32e50x_timer.o(.ARM.exidx.text.timer_flag_get), (8 bytes).
    Removing gd32e50x_timer.o(.text.timer_flag_clear), (26 bytes).
    Removing gd32e50x_timer.o(.ARM.exidx.text.timer_flag_clear), (8 bytes).
    Removing gd32e50x_timer.o(.text.timer_interrupt_enable), (32 bytes).
    Removing gd32e50x_timer.o(.ARM.exidx.text.timer_interrupt_enable), (8 bytes).
    Removing gd32e50x_timer.o(.text.timer_interrupt_disable), (32 bytes).
    Removing gd32e50x_timer.o(.ARM.exidx.text.timer_interrupt_disable), (8 bytes).
    Removing gd32e50x_timer.o(.text.timer_interrupt_flag_get), (68 bytes).
    Removing gd32e50x_timer.o(.ARM.exidx.text.timer_interrupt_flag_get), (8 bytes).
    Removing gd32e50x_timer.o(.text.timer_interrupt_flag_clear), (26 bytes).
    Removing gd32e50x_timer.o(.ARM.exidx.text.timer_interrupt_flag_clear), (8 bytes).
    Removing gd32e50x_tmu.o(.text), (0 bytes).
    Removing gd32e50x_usart.o(.text), (0 bytes).
    Removing gd32e50x_usart.o(.ARM.exidx.text.usart_deinit), (8 bytes).
    Removing gd32e50x_usart.o(.ARM.exidx.text.usart_baudrate_set), (8 bytes).
    Removing gd32e50x_usart.o(.ARM.exidx.text.usart_parity_config), (8 bytes).
    Removing gd32e50x_usart.o(.ARM.exidx.text.usart_word_length_set), (8 bytes).
    Removing gd32e50x_usart.o(.ARM.exidx.text.usart_stop_bit_set), (8 bytes).
    Removing gd32e50x_usart.o(.ARM.exidx.text.usart_enable), (8 bytes).
    Removing gd32e50x_usart.o(.text.usart_disable), (52 bytes).
    Removing gd32e50x_usart.o(.ARM.exidx.text.usart_disable), (8 bytes).
    Removing gd32e50x_usart.o(.ARM.exidx.text.usart_transmit_config), (8 bytes).
    Removing gd32e50x_usart.o(.ARM.exidx.text.usart_receive_config), (8 bytes).
    Removing gd32e50x_usart.o(.text.usart_oversample_config), (96 bytes).
    Removing gd32e50x_usart.o(.ARM.exidx.text.usart_oversample_config), (8 bytes).
    Removing gd32e50x_usart.o(.text.usart_sample_bit_config), (96 bytes).
    Removing gd32e50x_usart.o(.ARM.exidx.text.usart_sample_bit_config), (8 bytes).
    Removing gd32e50x_usart.o(.text.usart_receiver_timeout_enable), (56 bytes).
    Removing gd32e50x_usart.o(.ARM.exidx.text.usart_receiver_timeout_enable), (8 bytes).
    Removing gd32e50x_usart.o(.text.usart_receiver_timeout_disable), (56 bytes).
    Removing gd32e50x_usart.o(.ARM.exidx.text.usart_receiver_timeout_disable), (8 bytes).
    Removing gd32e50x_usart.o(.text.usart_receiver_timeout_threshold_config), (94 bytes).
    Removing gd32e50x_usart.o(.ARM.exidx.text.usart_receiver_timeout_threshold_config), (8 bytes).
    Removing gd32e50x_usart.o(.text.usart_data_transmit), (64 bytes).
    Removing gd32e50x_usart.o(.ARM.exidx.text.usart_data_transmit), (8 bytes).
    Removing gd32e50x_usart.o(.text.usart_data_receive), (60 bytes).
    Removing gd32e50x_usart.o(.ARM.exidx.text.usart_data_receive), (8 bytes).
    Removing gd32e50x_usart.o(.text.usart_mute_mode_enable), (52 bytes).
    Removing gd32e50x_usart.o(.ARM.exidx.text.usart_mute_mode_enable), (8 bytes).
    Removing gd32e50x_usart.o(.text.usart_mute_mode_disable), (52 bytes).
    Removing gd32e50x_usart.o(.ARM.exidx.text.usart_mute_mode_disable), (8 bytes).
    Removing gd32e50x_usart.o(.text.usart_mute_mode_wakeup_config), (96 bytes).
    Removing gd32e50x_usart.o(.ARM.exidx.text.usart_mute_mode_wakeup_config), (8 bytes).
    Removing gd32e50x_usart.o(.text.usart_lin_mode_enable), (62 bytes).
    Removing gd32e50x_usart.o(.ARM.exidx.text.usart_lin_mode_enable), (8 bytes).
    Removing gd32e50x_usart.o(.text.usart_lin_mode_disable), (62 bytes).
    Removing gd32e50x_usart.o(.ARM.exidx.text.usart_lin_mode_disable), (8 bytes).
    Removing gd32e50x_usart.o(.text.usart_lin_break_detection_length_config), (96 bytes).
    Removing gd32e50x_usart.o(.ARM.exidx.text.usart_lin_break_detection_length_config), (8 bytes).
    Removing gd32e50x_usart.o(.text.usart_halfduplex_enable), (62 bytes).
    Removing gd32e50x_usart.o(.ARM.exidx.text.usart_halfduplex_enable), (8 bytes).
    Removing gd32e50x_usart.o(.text.usart_halfduplex_disable), (62 bytes).
    Removing gd32e50x_usart.o(.ARM.exidx.text.usart_halfduplex_disable), (8 bytes).
    Removing gd32e50x_usart.o(.text.usart_synchronous_clock_enable), (62 bytes).
    Removing gd32e50x_usart.o(.ARM.exidx.text.usart_synchronous_clock_enable), (8 bytes).
    Removing gd32e50x_usart.o(.text.usart_synchronous_clock_disable), (62 bytes).
    Removing gd32e50x_usart.o(.ARM.exidx.text.usart_synchronous_clock_disable), (8 bytes).
    Removing gd32e50x_usart.o(.text.usart_synchronous_clock_config), (146 bytes).
    Removing gd32e50x_usart.o(.ARM.exidx.text.usart_synchronous_clock_config), (8 bytes).
    Removing gd32e50x_usart.o(.text.usart_guard_time_config), (98 bytes).
    Removing gd32e50x_usart.o(.ARM.exidx.text.usart_guard_time_config), (8 bytes).
    Removing gd32e50x_usart.o(.text.usart_smartcard_mode_enable), (62 bytes).
    Removing gd32e50x_usart.o(.ARM.exidx.text.usart_smartcard_mode_enable), (8 bytes).
    Removing gd32e50x_usart.o(.text.usart_smartcard_mode_disable), (62 bytes).
    Removing gd32e50x_usart.o(.ARM.exidx.text.usart_smartcard_mode_disable), (8 bytes).
    Removing gd32e50x_usart.o(.text.usart_smartcard_mode_nack_enable), (62 bytes).
    Removing gd32e50x_usart.o(.ARM.exidx.text.usart_smartcard_mode_nack_enable), (8 bytes).
    Removing gd32e50x_usart.o(.text.usart_smartcard_mode_nack_disable), (62 bytes).
    Removing gd32e50x_usart.o(.ARM.exidx.text.usart_smartcard_mode_nack_disable), (8 bytes).
    Removing gd32e50x_usart.o(.text.usart_smartcard_autoretry_config), (114 bytes).
    Removing gd32e50x_usart.o(.ARM.exidx.text.usart_smartcard_autoretry_config), (8 bytes).
    Removing gd32e50x_usart.o(.text.usart_block_length_config), (96 bytes).
    Removing gd32e50x_usart.o(.ARM.exidx.text.usart_block_length_config), (8 bytes).
    Removing gd32e50x_usart.o(.text.usart_irda_mode_enable), (62 bytes).
    Removing gd32e50x_usart.o(.ARM.exidx.text.usart_irda_mode_enable), (8 bytes).
    Removing gd32e50x_usart.o(.text.usart_irda_mode_disable), (62 bytes).
    Removing gd32e50x_usart.o(.ARM.exidx.text.usart_irda_mode_disable), (8 bytes).
    Removing gd32e50x_usart.o(.text.usart_prescaler_config), (94 bytes).
    Removing gd32e50x_usart.o(.ARM.exidx.text.usart_prescaler_config), (8 bytes).
    Removing gd32e50x_usart.o(.text.usart_irda_lowpower_config), (96 bytes).
    Removing gd32e50x_usart.o(.ARM.exidx.text.usart_irda_lowpower_config), (8 bytes).
    Removing gd32e50x_usart.o(.ARM.exidx.text.usart_dma_receive_config), (8 bytes).
    Removing gd32e50x_usart.o(.ARM.exidx.text.usart_dma_transmit_config), (8 bytes).
    Removing gd32e50x_usart.o(.ARM.exidx.text.usart_hardware_flow_rts_config), (8 bytes).
    Removing gd32e50x_usart.o(.ARM.exidx.text.usart_hardware_flow_cts_config), (8 bytes).
    Removing gd32e50x_usart.o(.text.usart_data_first_config), (58 bytes).
    Removing gd32e50x_usart.o(.ARM.exidx.text.usart_data_first_config), (8 bytes).
    Removing gd32e50x_usart.o(.text.usart_invert_config), (142 bytes).
    Removing gd32e50x_usart.o(.ARM.exidx.text.usart_invert_config), (8 bytes).
    Removing gd32e50x_usart.o(.text.usart_address_config), (50 bytes).
    Removing gd32e50x_usart.o(.ARM.exidx.text.usart_address_config), (8 bytes).
    Removing gd32e50x_usart.o(.text.usart_send_break), (22 bytes).
    Removing gd32e50x_usart.o(.ARM.exidx.text.usart_send_break), (8 bytes).
    Removing gd32e50x_usart.o(.text.usart_collision_detected_interrupt_enable), (26 bytes).
    Removing gd32e50x_usart.o(.ARM.exidx.text.usart_collision_detected_interrupt_enable), (8 bytes).
    Removing gd32e50x_usart.o(.text.usart_collision_detected_interrupt_disable), (26 bytes).
    Removing gd32e50x_usart.o(.ARM.exidx.text.usart_collision_detected_interrupt_disable), (8 bytes).
    Removing gd32e50x_usart.o(.text.usart_collision_detection_enable), (26 bytes).
    Removing gd32e50x_usart.o(.ARM.exidx.text.usart_collision_detection_enable), (8 bytes).
    Removing gd32e50x_usart.o(.text.usart_collision_detection_disable), (26 bytes).
    Removing gd32e50x_usart.o(.ARM.exidx.text.usart_collision_detection_disable), (8 bytes).
    Removing gd32e50x_usart.o(.text.usart_flag_get), (72 bytes).
    Removing gd32e50x_usart.o(.ARM.exidx.text.usart_flag_get), (8 bytes).
    Removing gd32e50x_usart.o(.text.usart_flag_clear), (86 bytes).
    Removing gd32e50x_usart.o(.ARM.exidx.text.usart_flag_clear), (8 bytes).
    Removing gd32e50x_usart.o(.ARM.exidx.text.usart_interrupt_enable), (8 bytes).
    Removing gd32e50x_usart.o(.text.usart_interrupt_disable), (56 bytes).
    Removing gd32e50x_usart.o(.ARM.exidx.text.usart_interrupt_disable), (8 bytes).
    Removing gd32e50x_usart.o(.ARM.exidx.text.usart_interrupt_flag_get), (8 bytes).
    Removing gd32e50x_usart.o(.ARM.exidx.text.usart_interrupt_flag_clear), (8 bytes).
    Removing gd32e50x_usart.o(.text.usart5_data_first_config), (64 bytes).
    Removing gd32e50x_usart.o(.ARM.exidx.text.usart5_data_first_config), (8 bytes).
    Removing gd32e50x_usart.o(.text.usart5_invert_config), (144 bytes).
    Removing gd32e50x_usart.o(.ARM.exidx.text.usart5_invert_config), (8 bytes).
    Removing gd32e50x_usart.o(.text.usart5_overrun_enable), (32 bytes).
    Removing gd32e50x_usart.o(.ARM.exidx.text.usart5_overrun_enable), (8 bytes).
    Removing gd32e50x_usart.o(.text.usart5_overrun_disable), (32 bytes).
    Removing gd32e50x_usart.o(.ARM.exidx.text.usart5_overrun_disable), (8 bytes).
    Removing gd32e50x_usart.o(.text.usart5_address_config), (56 bytes).
    Removing gd32e50x_usart.o(.ARM.exidx.text.usart5_address_config), (8 bytes).
    Removing gd32e50x_usart.o(.text.usart5_address_detection_mode_config), (56 bytes).
    Removing gd32e50x_usart.o(.ARM.exidx.text.usart5_address_detection_mode_config), (8 bytes).
    Removing gd32e50x_usart.o(.text.usart5_smartcard_mode_early_nack_enable), (26 bytes).
    Removing gd32e50x_usart.o(.ARM.exidx.text.usart5_smartcard_mode_early_nack_enable), (8 bytes).
    Removing gd32e50x_usart.o(.text.usart5_smartcard_mode_early_nack_disable), (26 bytes).
    Removing gd32e50x_usart.o(.ARM.exidx.text.usart5_smartcard_mode_early_nack_disable), (8 bytes).
    Removing gd32e50x_usart.o(.text.usart5_reception_error_dma_enable), (32 bytes).
    Removing gd32e50x_usart.o(.ARM.exidx.text.usart5_reception_error_dma_enable), (8 bytes).
    Removing gd32e50x_usart.o(.text.usart5_reception_error_dma_disable), (32 bytes).
    Removing gd32e50x_usart.o(.ARM.exidx.text.usart5_reception_error_dma_disable), (8 bytes).
    Removing gd32e50x_usart.o(.text.usart5_wakeup_enable), (22 bytes).
    Removing gd32e50x_usart.o(.ARM.exidx.text.usart5_wakeup_enable), (8 bytes).
    Removing gd32e50x_usart.o(.text.usart5_wakeup_disable), (22 bytes).
    Removing gd32e50x_usart.o(.ARM.exidx.text.usart5_wakeup_disable), (8 bytes).
    Removing gd32e50x_usart.o(.text.usart5_wakeup_mode_config), (56 bytes).
    Removing gd32e50x_usart.o(.ARM.exidx.text.usart5_wakeup_mode_config), (8 bytes).
    Removing gd32e50x_usart.o(.text.usart5_receive_fifo_enable), (26 bytes).
    Removing gd32e50x_usart.o(.ARM.exidx.text.usart5_receive_fifo_enable), (8 bytes).
    Removing gd32e50x_usart.o(.text.usart5_receive_fifo_disable), (26 bytes).
    Removing gd32e50x_usart.o(.ARM.exidx.text.usart5_receive_fifo_disable), (8 bytes).
    Removing gd32e50x_usart.o(.text.usart5_receive_fifo_counter_number), (22 bytes).
    Removing gd32e50x_usart.o(.ARM.exidx.text.usart5_receive_fifo_counter_number), (8 bytes).
    Removing gd32e50x_usart.o(.text.usart5_flag_get), (72 bytes).
    Removing gd32e50x_usart.o(.ARM.exidx.text.usart5_flag_get), (8 bytes).
    Removing gd32e50x_usart.o(.text.usart5_flag_clear), (46 bytes).
    Removing gd32e50x_usart.o(.ARM.exidx.text.usart5_flag_clear), (8 bytes).
    Removing gd32e50x_usart.o(.text.usart5_interrupt_enable), (56 bytes).
    Removing gd32e50x_usart.o(.ARM.exidx.text.usart5_interrupt_enable), (8 bytes).
    Removing gd32e50x_usart.o(.text.usart5_interrupt_disable), (56 bytes).
    Removing gd32e50x_usart.o(.ARM.exidx.text.usart5_interrupt_disable), (8 bytes).
    Removing gd32e50x_usart.o(.text.usart5_command_enable), (32 bytes).
    Removing gd32e50x_usart.o(.ARM.exidx.text.usart5_command_enable), (8 bytes).
    Removing gd32e50x_usart.o(.text.usart5_interrupt_flag_get), (110 bytes).
    Removing gd32e50x_usart.o(.ARM.exidx.text.usart5_interrupt_flag_get), (8 bytes).
    Removing gd32e50x_usart.o(.text.usart5_interrupt_flag_clear), (72 bytes).
    Removing gd32e50x_usart.o(.ARM.exidx.text.usart5_interrupt_flag_clear), (8 bytes).
    Removing gd32e50x_wwdgt.o(.text), (0 bytes).
    Removing gd32e50x_wwdgt.o(.text.wwdgt_deinit), (24 bytes).
    Removing gd32e50x_wwdgt.o(.ARM.exidx.text.wwdgt_deinit), (8 bytes).
    Removing gd32e50x_wwdgt.o(.text.wwdgt_enable), (18 bytes).
    Removing gd32e50x_wwdgt.o(.ARM.exidx.text.wwdgt_enable), (8 bytes).
    Removing gd32e50x_wwdgt.o(.text.wwdgt_counter_update), (32 bytes).
    Removing gd32e50x_wwdgt.o(.ARM.exidx.text.wwdgt_counter_update), (8 bytes).
    Removing gd32e50x_wwdgt.o(.text.wwdgt_config), (74 bytes).
    Removing gd32e50x_wwdgt.o(.ARM.exidx.text.wwdgt_config), (8 bytes).
    Removing gd32e50x_wwdgt.o(.text.wwdgt_flag_get), (44 bytes).
    Removing gd32e50x_wwdgt.o(.ARM.exidx.text.wwdgt_flag_get), (8 bytes).
    Removing gd32e50x_wwdgt.o(.text.wwdgt_flag_clear), (14 bytes).
    Removing gd32e50x_wwdgt.o(.ARM.exidx.text.wwdgt_flag_clear), (8 bytes).
    Removing gd32e50x_wwdgt.o(.text.wwdgt_interrupt_enable), (18 bytes).
    Removing gd32e50x_wwdgt.o(.ARM.exidx.text.wwdgt_interrupt_enable), (8 bytes).
    Removing gd32e50x_can.o(.text), (0 bytes).
    Removing gd32e50x_can.o(.text.can_deinit), (86 bytes).
    Removing gd32e50x_can.o(.ARM.exidx.text.can_deinit), (8 bytes).
    Removing gd32e50x_can.o(.text.can_struct_para_init), (318 bytes).
    Removing gd32e50x_can.o(.ARM.exidx.text.can_struct_para_init), (8 bytes).
    Removing gd32e50x_can.o(.text.can_init), (464 bytes).
    Removing gd32e50x_can.o(.ARM.exidx.text.can_init), (8 bytes).
    Removing gd32e50x_can.o(.text.can_filter_init), (362 bytes).
    Removing gd32e50x_can.o(.ARM.exidx.text.can_filter_init), (8 bytes).
    Removing gd32e50x_can.o(.text.can_filter_mask_mode_init), (306 bytes).
    Removing gd32e50x_can.o(.ARM.exidx.text.can_filter_mask_mode_init), (8 bytes).
    Removing gd32e50x_can.o(.text.can_monitor_mode_set), (264 bytes).
    Removing gd32e50x_can.o(.ARM.exidx.text.can_monitor_mode_set), (8 bytes).
    Removing gd32e50x_can.o(.text.can1_filter_start_bank), (62 bytes).
    Removing gd32e50x_can.o(.ARM.exidx.text.can1_filter_start_bank), (8 bytes).
    Removing gd32e50x_can.o(.text.can_debug_freeze_enable), (80 bytes).
    Removing gd32e50x_can.o(.ARM.exidx.text.can_debug_freeze_enable), (8 bytes).
    Removing gd32e50x_can.o(.text.can_debug_freeze_disable), (80 bytes).
    Removing gd32e50x_can.o(.ARM.exidx.text.can_debug_freeze_disable), (8 bytes).
    Removing gd32e50x_can.o(.text.can_time_trigger_mode_enable), (76 bytes).
    Removing gd32e50x_can.o(.ARM.exidx.text.can_time_trigger_mode_enable), (8 bytes).
    Removing gd32e50x_can.o(.text.can_time_trigger_mode_disable), (76 bytes).
    Removing gd32e50x_can.o(.ARM.exidx.text.can_time_trigger_mode_disable), (8 bytes).
    Removing gd32e50x_can.o(.text.can_message_transmit), (336 bytes).
    Removing gd32e50x_can.o(.ARM.exidx.text.can_message_transmit), (8 bytes).
    Removing gd32e50x_can.o(.text.can_transmit_states), (212 bytes).
    Removing gd32e50x_can.o(.ARM.exidx.text.can_transmit_states), (8 bytes).
    Removing gd32e50x_can.o(.text.can_transmission_stop), (140 bytes).
    Removing gd32e50x_can.o(.ARM.exidx.text.can_transmission_stop), (8 bytes).
    Removing gd32e50x_can.o(.text.can_message_receive), (362 bytes).
    Removing gd32e50x_can.o(.ARM.exidx.text.can_message_receive), (8 bytes).
    Removing gd32e50x_can.o(.text.can_fifo_release), (80 bytes).
    Removing gd32e50x_can.o(.ARM.exidx.text.can_fifo_release), (8 bytes).
    Removing gd32e50x_can.o(.text.can_receive_message_length_get), (82 bytes).
    Removing gd32e50x_can.o(.ARM.exidx.text.can_receive_message_length_get), (8 bytes).
    Removing gd32e50x_can.o(.text.can_working_mode_set), (366 bytes).
    Removing gd32e50x_can.o(.ARM.exidx.text.can_working_mode_set), (8 bytes).
    Removing gd32e50x_can.o(.text.can_wakeup), (114 bytes).
    Removing gd32e50x_can.o(.ARM.exidx.text.can_wakeup), (8 bytes).
    Removing gd32e50x_can.o(.text.can_error_get), (34 bytes).
    Removing gd32e50x_can.o(.ARM.exidx.text.can_error_get), (8 bytes).
    Removing gd32e50x_can.o(.text.can_receive_error_number_get), (26 bytes).
    Removing gd32e50x_can.o(.ARM.exidx.text.can_receive_error_number_get), (8 bytes).
    Removing gd32e50x_can.o(.text.can_transmit_error_number_get), (26 bytes).
    Removing gd32e50x_can.o(.ARM.exidx.text.can_transmit_error_number_get), (8 bytes).
    Removing gd32e50x_can.o(.text.can_interrupt_enable), (32 bytes).
    Removing gd32e50x_can.o(.ARM.exidx.text.can_interrupt_enable), (8 bytes).
    Removing gd32e50x_can.o(.text.can_interrupt_disable), (32 bytes).
    Removing gd32e50x_can.o(.ARM.exidx.text.can_interrupt_disable), (8 bytes).
    Removing gd32e50x_can.o(.text.can_flag_get), (72 bytes).
    Removing gd32e50x_can.o(.ARM.exidx.text.can_flag_get), (8 bytes).
    Removing gd32e50x_can.o(.text.can_flag_clear), (56 bytes).
    Removing gd32e50x_can.o(.ARM.exidx.text.can_flag_clear), (8 bytes).
    Removing gd32e50x_can.o(.text.can_interrupt_flag_get), (188 bytes).
    Removing gd32e50x_can.o(.ARM.exidx.text.can_interrupt_flag_get), (8 bytes).
    Removing gd32e50x_can.o(.text.can_interrupt_flag_clear), (52 bytes).
    Removing gd32e50x_can.o(.ARM.exidx.text.can_interrupt_flag_clear), (8 bytes).
    Removing gd32e50x_can.o(.rodata.g_can_fdlength_table), (7 bytes).
    Removing gd32e503v_eval.o(.text), (0 bytes).
    Removing gd32e503v_eval.o(.text.gd_eval_led_init), (108 bytes).
    Removing gd32e503v_eval.o(.ARM.exidx.text.gd_eval_led_init), (8 bytes).
    Removing gd32e503v_eval.o(.text.gd_eval_led_on), (44 bytes).
    Removing gd32e503v_eval.o(.ARM.exidx.text.gd_eval_led_on), (8 bytes).
    Removing gd32e503v_eval.o(.text.gd_eval_led_off), (44 bytes).
    Removing gd32e503v_eval.o(.ARM.exidx.text.gd_eval_led_off), (8 bytes).
    Removing gd32e503v_eval.o(.text.gd_eval_led_toggle), (72 bytes).
    Removing gd32e503v_eval.o(.ARM.exidx.text.gd_eval_led_toggle), (8 bytes).
    Removing gd32e503v_eval.o(.text.gd_eval_key_init), (208 bytes).
    Removing gd32e503v_eval.o(.ARM.exidx.text.gd_eval_key_init), (8 bytes).
    Removing gd32e503v_eval.o(.text.gd_eval_key_state_get), (56 bytes).
    Removing gd32e503v_eval.o(.ARM.exidx.text.gd_eval_key_state_get), (8 bytes).
    Removing gd32e503v_eval.o(.text.gd_eval_com_init), (200 bytes).
    Removing gd32e503v_eval.o(.ARM.exidx.text.gd_eval_com_init), (8 bytes).
    Removing gd32e503v_eval.o(.data.GPIO_CLK), (8 bytes).
    Removing gd32e503v_eval.o(.data.GPIO_PORT), (16 bytes).
    Removing gd32e503v_eval.o(.data.GPIO_PIN), (16 bytes).
    Removing gd32e503v_eval.o(.data.KEY_CLK), (10 bytes).
    Removing gd32e503v_eval.o(.data.KEY_PORT), (20 bytes).
    Removing gd32e503v_eval.o(.data.KEY_PIN), (20 bytes).
    Removing gd32e503v_eval.o(.data.KEY_IRQn), (5 bytes).
    Removing gd32e503v_eval.o(.data.KEY_PORT_SOURCE), (5 bytes).
    Removing gd32e503v_eval.o(.data.KEY_PIN_SOURCE), (5 bytes).
    Removing gd32e503v_eval.o(.data.KEY_EXTI_LINE), (20 bytes).
    Removing gd32e503v_eval.o(.data.COM_GPIO_CLK), (2 bytes).
    Removing gd32e503v_eval.o(.data.COM_CLK), (2 bytes).
    Removing gd32e503v_eval.o(.data.COM_GPIO_PORT), (4 bytes).
    Removing gd32e503v_eval.o(.data.COM_TX_PIN), (4 bytes).
    Removing gd32e503v_eval.o(.data.COM_RX_PIN), (4 bytes).
    Removing gd25qxx.o(.text), (0 bytes).
    Removing gd25qxx.o(.text.spi_flash_init), (164 bytes).
    Removing gd25qxx.o(.ARM.exidx.text.spi_flash_init), (8 bytes).
    Removing gd25qxx.o(.text.spi_flash_sector_erase), (94 bytes).
    Removing gd25qxx.o(.ARM.exidx.text.spi_flash_sector_erase), (8 bytes).
    Removing gd25qxx.o(.text.spi_flash_write_enable), (44 bytes).
    Removing gd25qxx.o(.ARM.exidx.text.spi_flash_write_enable), (8 bytes).
    Removing gd25qxx.o(.text.spi_flash_send_byte), (94 bytes).
    Removing gd25qxx.o(.ARM.exidx.text.spi_flash_send_byte), (8 bytes).
    Removing gd25qxx.o(.text.spi_flash_wait_for_write_end), (76 bytes).
    Removing gd25qxx.o(.ARM.exidx.text.spi_flash_wait_for_write_end), (8 bytes).
    Removing gd25qxx.o(.text.spi_flash_bulk_erase), (58 bytes).
    Removing gd25qxx.o(.ARM.exidx.text.spi_flash_bulk_erase), (8 bytes).
    Removing gd25qxx.o(.text.spi_flash_page_write), (154 bytes).
    Removing gd25qxx.o(.ARM.exidx.text.spi_flash_page_write), (8 bytes).
    Removing gd25qxx.o(.text.spi_flash_buffer_write), (424 bytes).
    Removing gd25qxx.o(.ARM.exidx.text.spi_flash_buffer_write), (8 bytes).
    Removing gd25qxx.o(.text.spi_flash_buffer_read), (144 bytes).
    Removing gd25qxx.o(.ARM.exidx.text.spi_flash_buffer_read), (8 bytes).
    Removing gd25qxx.o(.text.spi_flash_read_id), (98 bytes).
    Removing gd25qxx.o(.ARM.exidx.text.spi_flash_read_id), (8 bytes).
    Removing gd25qxx.o(.text.spi_flash_start_read_sequence), (74 bytes).
    Removing gd25qxx.o(.ARM.exidx.text.spi_flash_start_read_sequence), (8 bytes).
    Removing gd25qxx.o(.text.spi_flash_read_byte), (10 bytes).
    Removing gd25qxx.o(.ARM.exidx.text.spi_flash_read_byte), (8 bytes).
    Removing gd25qxx.o(.text.spi_flash_send_halfword), (92 bytes).
    Removing gd25qxx.o(.ARM.exidx.text.spi_flash_send_halfword), (8 bytes).
    Removing startup_gd32e50x_hd.o(HEAP), (1024 bytes).

1720 unused section(s) (total 67271 bytes) removed from the image.

==============================================================================

Image Symbol Table

    Local Symbols

    Symbol Name                              Value     Ov Type        Size  Object(Section)

    ../clib/microlib/division.c              0x00000000   Number         0  uidiv.o ABSOLUTE
    ../clib/microlib/division.c              0x00000000   Number         0  uldiv.o ABSOLUTE
    ../clib/microlib/init/entry.s            0x00000000   Number         0  entry.o ABSOLUTE
    ../clib/microlib/init/entry.s            0x00000000   Number         0  entry2.o ABSOLUTE
    ../clib/microlib/init/entry.s            0x00000000   Number         0  entry5.o ABSOLUTE
    ../clib/microlib/init/entry.s            0x00000000   Number         0  entry7a.o ABSOLUTE
    ../clib/microlib/init/entry.s            0x00000000   Number         0  entry7b.o ABSOLUTE
    ../clib/microlib/init/entry.s            0x00000000   Number         0  entry8a.o ABSOLUTE
    ../clib/microlib/init/entry.s            0x00000000   Number         0  entry8b.o ABSOLUTE
    ../clib/microlib/init/entry.s            0x00000000   Number         0  entry9a.o ABSOLUTE
    ../clib/microlib/init/entry.s            0x00000000   Number         0  entry9b.o ABSOLUTE
    ../clib/microlib/init/entry.s            0x00000000   Number         0  entry10a.o ABSOLUTE
    ../clib/microlib/init/entry.s            0x00000000   Number         0  entry10b.o ABSOLUTE
    ../clib/microlib/init/entry.s            0x00000000   Number         0  entry11a.o ABSOLUTE
    ../clib/microlib/init/entry.s            0x00000000   Number         0  entry11b.o ABSOLUTE
    ../clib/microlib/longlong.c              0x00000000   Number         0  llshl.o ABSOLUTE
    ../clib/microlib/longlong.c              0x00000000   Number         0  llushr.o ABSOLUTE
    ../clib/microlib/longlong.c              0x00000000   Number         0  llsshr.o ABSOLUTE
    ../clib/microlib/printf/printf.c         0x00000000   Number         0  printfa.o ABSOLUTE
    ../clib/microlib/stdio/fputc.c           0x00000000   Number         0  fputc.o ABSOLUTE
    ../clib/microlib/stdio/fputc.c           0x00000000   Number         0  fputc_h.o ABSOLUTE
    ../clib/microlib/stdio/semi.s            0x00000000   Number         0  semi.o ABSOLUTE
    ../clib/microlib/stdio/streams.c         0x00000000   Number         0  stdout.o ABSOLUTE
    ../clib/microlib/string/memcpy.c         0x00000000   Number         0  memcpya.o ABSOLUTE
    ../clib/microlib/string/memcpy.c         0x00000000   Number         0  memcpyb.o ABSOLUTE
    ../clib/microlib/string/strcmp.c         0x00000000   Number         0  strcmp.o ABSOLUTE
    ../clib/microlib/string/strcpy.c         0x00000000   Number         0  strcpy.o ABSOLUTE
    ../clib/microlib/stubs.s                 0x00000000   Number         0  iusefp.o ABSOLUTE
    ../clib/microlib/stubs.s                 0x00000000   Number         0  iusesemip.o ABSOLUTE
    ../fplib/microlib/fpadd.c                0x00000000   Number         0  dadd.o ABSOLUTE
    ../fplib/microlib/fpdiv.c                0x00000000   Number         0  ddiv.o ABSOLUTE
    ../fplib/microlib/fpepilogue.c           0x00000000   Number         0  depilogue.o ABSOLUTE
    ../fplib/microlib/fpfix.c                0x00000000   Number         0  dfixul.o ABSOLUTE
    ../fplib/microlib/fpmul.c                0x00000000   Number         0  dmul.o ABSOLUTE
    ..\..\..\..\GD32E50x_Firmware_Library\CMSIS\GD\GD32E50x\Source\ARM\startup_gd32e50x_hd.s 0x00000000   Number         0  startup_gd32e50x_hd.o ABSOLUTE
    cdrcmple.s                               0x00000000   Number         0  cdrcmple.o ABSOLUTE
    dc.s                                     0x00000000   Number         0  dc.o ABSOLUTE
    gd25qxx.c                                0x00000000   Number         0  gd25qxx.o ABSOLUTE
    gd32e503v_eval.c                         0x00000000   Number         0  gd32e503v_eval.o ABSOLUTE
    gd32e50x_adc.c                           0x00000000   Number         0  gd32e50x_adc.o ABSOLUTE
    gd32e50x_bkp.c                           0x00000000   Number         0  gd32e50x_bkp.o ABSOLUTE
    gd32e50x_can.c                           0x00000000   Number         0  gd32e50x_can.o ABSOLUTE
    gd32e50x_cmp.c                           0x00000000   Number         0  gd32e50x_cmp.o ABSOLUTE
    gd32e50x_crc.c                           0x00000000   Number         0  gd32e50x_crc.o ABSOLUTE
    gd32e50x_ctc.c                           0x00000000   Number         0  gd32e50x_ctc.o ABSOLUTE
    gd32e50x_dac.c                           0x00000000   Number         0  gd32e50x_dac.o ABSOLUTE
    gd32e50x_dbg.c                           0x00000000   Number         0  gd32e50x_dbg.o ABSOLUTE
    gd32e50x_dma.c                           0x00000000   Number         0  gd32e50x_dma.o ABSOLUTE
    gd32e50x_enet.c                          0x00000000   Number         0  gd32e50x_enet.o ABSOLUTE
    gd32e50x_exmc.c                          0x00000000   Number         0  gd32e50x_exmc.o ABSOLUTE
    gd32e50x_exti.c                          0x00000000   Number         0  gd32e50x_exti.o ABSOLUTE
    gd32e50x_fmc.c                           0x00000000   Number         0  gd32e50x_fmc.o ABSOLUTE
    gd32e50x_fwdgt.c                         0x00000000   Number         0  gd32e50x_fwdgt.o ABSOLUTE
    gd32e50x_gpio.c                          0x00000000   Number         0  gd32e50x_gpio.o ABSOLUTE
    gd32e50x_i2c.c                           0x00000000   Number         0  gd32e50x_i2c.o ABSOLUTE
    gd32e50x_it.c                            0x00000000   Number         0  gd32e50x_it.o ABSOLUTE
    gd32e50x_misc.c                          0x00000000   Number         0  gd32e50x_misc.o ABSOLUTE
    gd32e50x_pmu.c                           0x00000000   Number         0  gd32e50x_pmu.o ABSOLUTE
    gd32e50x_rcu.c                           0x00000000   Number         0  gd32e50x_rcu.o ABSOLUTE
    gd32e50x_rtc.c                           0x00000000   Number         0  gd32e50x_rtc.o ABSOLUTE
    gd32e50x_sdio.c                          0x00000000   Number         0  gd32e50x_sdio.o ABSOLUTE
    gd32e50x_shrtimer.c                      0x00000000   Number         0  gd32e50x_shrtimer.o ABSOLUTE
    gd32e50x_spi.c                           0x00000000   Number         0  gd32e50x_spi.o ABSOLUTE
    gd32e50x_sqpi.c                          0x00000000   Number         0  gd32e50x_sqpi.o ABSOLUTE
    gd32e50x_timer.c                         0x00000000   Number         0  gd32e50x_timer.o ABSOLUTE
    gd32e50x_tmu.c                           0x00000000   Number         0  gd32e50x_tmu.o ABSOLUTE
    gd32e50x_usart.c                         0x00000000   Number         0  gd32e50x_usart.o ABSOLUTE
    gd32e50x_wwdgt.c                         0x00000000   Number         0  gd32e50x_wwdgt.o ABSOLUTE
    handlers.s                               0x00000000   Number         0  handlers.o ABSOLUTE
    init.s                                   0x00000000   Number         0  init.o ABSOLUTE
    main.c                                   0x00000000   Number         0  main.o ABSOLUTE
    spi_dma_flash.c                          0x00000000   Number         0  spi_dma_flash.o ABSOLUTE
    system_gd32e50x.c                        0x00000000   Number         0  system_gd32e50x.o ABSOLUTE
    systick.c                                0x00000000   Number         0  systick.o ABSOLUTE
    RESET                                    0x08000000   Section      416  startup_gd32e50x_hd.o(RESET)
    .ARM.Collect$$$$00000000                 0x080001a0   Section        0  entry.o(.ARM.Collect$$$$00000000)
    .ARM.Collect$$$$00000001                 0x080001a0   Section        4  entry2.o(.ARM.Collect$$$$00000001)
    .ARM.Collect$$$$00000004                 0x080001a4   Section        4  entry5.o(.ARM.Collect$$$$00000004)
    .ARM.Collect$$$$00000008                 0x080001a8   Section        0  entry7b.o(.ARM.Collect$$$$00000008)
    .ARM.Collect$$$$0000000A                 0x080001a8   Section        0  entry8b.o(.ARM.Collect$$$$0000000A)
    .ARM.Collect$$$$0000000B                 0x080001a8   Section        8  entry9a.o(.ARM.Collect$$$$0000000B)
    __lit__00000000                          0x080001b0   Data           4  entry2.o(.ARM.Collect$$$$00002712)
    .ARM.Collect$$$$0000000D                 0x080001b0   Section        0  entry10a.o(.ARM.Collect$$$$0000000D)
    .ARM.Collect$$$$0000000F                 0x080001b0   Section        0  entry11a.o(.ARM.Collect$$$$0000000F)
    .ARM.Collect$$$$00002712                 0x080001b0   Section        4  entry2.o(.ARM.Collect$$$$00002712)
    $v0                                      0x080001b4   Number         0  startup_gd32e50x_hd.o(.text)
    .text                                    0x080001b4   Section       36  startup_gd32e50x_hd.o(.text)
    .text                                    0x080001d8   Section        0  memcpya.o(.text)
    .text                                    0x080001fc   Section        0  strcmp.o(.text)
    .text                                    0x08000218   Section        0  uidiv.o(.text)
    .text                                    0x08000244   Section        0  uldiv.o(.text)
    .text                                    0x080002a6   Section        0  iusefp.o(.text)
    .text                                    0x080002a6   Section        0  dadd.o(.text)
    .text                                    0x080003f4   Section        0  dmul.o(.text)
    .text                                    0x080004d8   Section        0  ddiv.o(.text)
    .text                                    0x080005b6   Section        0  dfixul.o(.text)
    .text                                    0x080005e8   Section       48  cdrcmple.o(.text)
    .text                                    0x08000618   Section       36  init.o(.text)
    .text                                    0x0800063c   Section        0  llshl.o(.text)
    .text                                    0x0800065a   Section        0  llushr.o(.text)
    .text                                    0x0800067a   Section        0  llsshr.o(.text)
    .text                                    0x0800069e   Section        0  depilogue.o(.text)
    [Anonymous Symbol]                       0x08000758   Section        0  gd32e50x_it.o(.text.BusFault_Handler)
    [Anonymous Symbol]                       0x0800075c   Section        0  main.o(.text.DMA0_Channel3_IRQHandler)
    DMA_TX_start                             0x080007b5   Thumb Code   166  main.o(.text.DMA_TX_start)
    [Anonymous Symbol]                       0x080007b4   Section        0  main.o(.text.DMA_TX_start)
    [Anonymous Symbol]                       0x0800085c   Section        0  gd32e50x_it.o(.text.DebugMon_Handler)
    [Anonymous Symbol]                       0x08000860   Section        0  gd32e50x_it.o(.text.HardFault_Handler)
    [Anonymous Symbol]                       0x08000864   Section        0  gd32e50x_it.o(.text.MemManage_Handler)
    [Anonymous Symbol]                       0x08000868   Section        0  gd32e50x_it.o(.text.NMI_Handler)
    [Anonymous Symbol]                       0x0800086c   Section        0  spi_dma_flash.o(.text.NOR_Erase)
    [Anonymous Symbol]                       0x080008f8   Section        0  spi_dma_flash.o(.text.NOR_Write_Test)
    [Anonymous Symbol]                       0x08000904   Section        0  gd32e50x_it.o(.text.PendSV_Handler)
    [Anonymous Symbol]                       0x08000908   Section        0  spi_dma_flash.o(.text.SPI_X_DMA_X_Init)
    [Anonymous Symbol]                       0x08000a4c   Section        0  gd32e50x_it.o(.text.SVC_Handler)
    SysTick_Config                           0x08000a51   Thumb Code    90  systick.o(.text.SysTick_Config)
    [Anonymous Symbol]                       0x08000a50   Section        0  systick.o(.text.SysTick_Config)
    [Anonymous Symbol]                       0x08000aac   Section        0  gd32e50x_it.o(.text.SysTick_Handler)
    [Anonymous Symbol]                       0x08000ab4   Section        0  system_gd32e50x.o(.text.SystemInit)
    This_Time_TX_len                         0x08000ba1   Thumb Code    84  main.o(.text.This_Time_TX_len)
    [Anonymous Symbol]                       0x08000ba0   Section        0  main.o(.text.This_Time_TX_len)
    [Anonymous Symbol]                       0x08000bf4   Section        0  main.o(.text.USART0_IRQHandler)
    [Anonymous Symbol]                       0x08000ccc   Section        0  gd32e50x_it.o(.text.UsageFault_Handler)
    __NVIC_SetPriority                       0x08000cd1   Thumb Code    74  systick.o(.text.__NVIC_SetPriority)
    [Anonymous Symbol]                       0x08000cd0   Section        0  systick.o(.text.__NVIC_SetPriority)
    cont_to_end_from_tail                    0x08000d1d   Thumb Code    20  main.o(.text.cont_to_end_from_tail)
    [Anonymous Symbol]                       0x08000d1c   Section        0  main.o(.text.cont_to_end_from_tail)
    [Anonymous Symbol]                       0x08000d30   Section        0  systick.o(.text.delay_1ms)
    [Anonymous Symbol]                       0x08000d5c   Section        0  systick.o(.text.delay_decrement)
    [Anonymous Symbol]                       0x08000d80   Section        0  gd32e50x_dma.o(.text.dma_channel_disable)
    [Anonymous Symbol]                       0x08000dc0   Section        0  gd32e50x_dma.o(.text.dma_channel_enable)
    [Anonymous Symbol]                       0x08000e00   Section        0  gd32e50x_dma.o(.text.dma_circulation_disable)
    [Anonymous Symbol]                       0x08000e40   Section        0  gd32e50x_dma.o(.text.dma_deinit)
    [Anonymous Symbol]                       0x08000ed8   Section        0  gd32e50x_dma.o(.text.dma_init)
    [Anonymous Symbol]                       0x08001040   Section        0  gd32e50x_dma.o(.text.dma_interrupt_enable)
    [Anonymous Symbol]                       0x0800108c   Section        0  gd32e50x_dma.o(.text.dma_interrupt_flag_clear)
    [Anonymous Symbol]                       0x080010d4   Section        0  gd32e50x_dma.o(.text.dma_interrupt_flag_get)
    [Anonymous Symbol]                       0x080011d0   Section        0  gd32e50x_dma.o(.text.dma_memory_address_config)
    [Anonymous Symbol]                       0x08001218   Section        0  gd32e50x_dma.o(.text.dma_memory_to_memory_disable)
    dma_periph_and_channel_check             0x08001259   Thumb Code    66  gd32e50x_dma.o(.text.dma_periph_and_channel_check)
    [Anonymous Symbol]                       0x08001258   Section        0  gd32e50x_dma.o(.text.dma_periph_and_channel_check)
    [Anonymous Symbol]                       0x0800129c   Section        0  gd32e50x_dma.o(.text.dma_transfer_number_config)
    [Anonymous Symbol]                       0x080012e4   Section        0  gd32e50x_dma.o(.text.dma_transfer_number_get)
    [Anonymous Symbol]                       0x08001320   Section        0  gd32e50x_gpio.o(.text.gpio_bit_reset)
    [Anonymous Symbol]                       0x08001338   Section        0  gd32e50x_gpio.o(.text.gpio_bit_set)
    [Anonymous Symbol]                       0x08001350   Section        0  gd32e50x_gpio.o(.text.gpio_init)
    irq_lock                                 0x080014f9   Thumb Code    26  main.o(.text.irq_lock)
    [Anonymous Symbol]                       0x080014f8   Section        0  main.o(.text.irq_lock)
    irq_unlock                               0x08001515   Thumb Code    24  main.o(.text.irq_unlock)
    [Anonymous Symbol]                       0x08001514   Section        0  main.o(.text.irq_unlock)
    [Anonymous Symbol]                       0x0800152c   Section        0  main.o(.text.main)
    nor_read_sr                              0x08001561   Thumb Code    70  spi_dma_flash.o(.text.nor_read_sr)
    [Anonymous Symbol]                       0x08001560   Section        0  spi_dma_flash.o(.text.nor_read_sr)
    [Anonymous Symbol]                       0x080015a8   Section        0  gd32e50x_misc.o(.text.nvic_irq_enable)
    [Anonymous Symbol]                       0x080016e8   Section        0  gd32e50x_misc.o(.text.nvic_priority_group_set)
    [Anonymous Symbol]                       0x08001708   Section        0  gd32e50x_misc.o(.text.nvic_vector_table_set)
    [Anonymous Symbol]                       0x0800173c   Section        0  gd32e50x_rcu.o(.text.rcu_clock_freq_get)
    [Anonymous Symbol]                       0x080019b4   Section        0  gd32e50x_rcu.o(.text.rcu_periph_clock_enable)
    [Anonymous Symbol]                       0x080019e4   Section        0  gd32e50x_rcu.o(.text.rcu_periph_reset_disable)
    [Anonymous Symbol]                       0x08001a14   Section        0  gd32e50x_rcu.o(.text.rcu_periph_reset_enable)
    ring_buf_write                           0x08001a45   Thumb Code   264  main.o(.text.ring_buf_write)
    [Anonymous Symbol]                       0x08001a44   Section        0  main.o(.text.ring_buf_write)
    ring_used                                0x08001b4d   Thumb Code    26  main.o(.text.ring_used)
    [Anonymous Symbol]                       0x08001b4c   Section        0  main.o(.text.ring_used)
    spi2rw                                   0x08001b69   Thumb Code   118  spi_dma_flash.o(.text.spi2rw)
    [Anonymous Symbol]                       0x08001b68   Section        0  spi_dma_flash.o(.text.spi2rw)
    [Anonymous Symbol]                       0x08001be0   Section        0  gd32e50x_spi.o(.text.spi_enable)
    [Anonymous Symbol]                       0x08001bf8   Section        0  gd32e50x_spi.o(.text.spi_i2s_data_receive)
    [Anonymous Symbol]                       0x08001c0c   Section        0  gd32e50x_spi.o(.text.spi_i2s_data_transmit)
    [Anonymous Symbol]                       0x08001c28   Section        0  gd32e50x_spi.o(.text.spi_i2s_flag_get)
    [Anonymous Symbol]                       0x08001c5c   Section        0  gd32e50x_spi.o(.text.spi_init)
    [Anonymous Symbol]                       0x08001cd8   Section        0  main.o(.text.strip_crlf)
    system_clock_180m_hxtal                  0x08001d19   Thumb Code   402  system_gd32e50x.o(.text.system_clock_180m_hxtal)
    [Anonymous Symbol]                       0x08001d18   Section        0  system_gd32e50x.o(.text.system_clock_180m_hxtal)
    system_clock_config                      0x08001ead   Thumb Code     8  system_gd32e50x.o(.text.system_clock_config)
    [Anonymous Symbol]                       0x08001eac   Section        0  system_gd32e50x.o(.text.system_clock_config)
    [Anonymous Symbol]                       0x08001eb4   Section        0  systick.o(.text.systick_config)
    [Anonymous Symbol]                       0x08001ef0   Section        0  main.o(.text.uart_dma_init)
    [Anonymous Symbol]                       0x08002078   Section        0  main.o(.text.uprintf)
    [Anonymous Symbol]                       0x080020d4   Section        0  gd32e50x_usart.o(.text.usart_baudrate_set)
    [Anonymous Symbol]                       0x08002268   Section        0  gd32e50x_usart.o(.text.usart_deinit)
    [Anonymous Symbol]                       0x08002348   Section        0  gd32e50x_usart.o(.text.usart_dma_receive_config)
    [Anonymous Symbol]                       0x080023b0   Section        0  gd32e50x_usart.o(.text.usart_dma_transmit_config)
    [Anonymous Symbol]                       0x08002418   Section        0  gd32e50x_usart.o(.text.usart_enable)
    [Anonymous Symbol]                       0x0800244c   Section        0  gd32e50x_usart.o(.text.usart_hardware_flow_cts_config)
    [Anonymous Symbol]                       0x0800247c   Section        0  gd32e50x_usart.o(.text.usart_hardware_flow_rts_config)
    [Anonymous Symbol]                       0x080024ac   Section        0  gd32e50x_usart.o(.text.usart_interrupt_enable)
    [Anonymous Symbol]                       0x080024e4   Section        0  gd32e50x_usart.o(.text.usart_interrupt_flag_clear)
    [Anonymous Symbol]                       0x08002510   Section        0  gd32e50x_usart.o(.text.usart_interrupt_flag_get)
    [Anonymous Symbol]                       0x08002580   Section        0  gd32e50x_usart.o(.text.usart_parity_config)
    [Anonymous Symbol]                       0x080025e0   Section        0  gd32e50x_usart.o(.text.usart_receive_config)
    [Anonymous Symbol]                       0x0800264c   Section        0  gd32e50x_usart.o(.text.usart_stop_bit_set)
    [Anonymous Symbol]                       0x080026ac   Section        0  gd32e50x_usart.o(.text.usart_transmit_config)
    [Anonymous Symbol]                       0x08002718   Section        0  gd32e50x_usart.o(.text.usart_word_length_set)
    i.__0vsnprintf                           0x08002778   Section        0  printfa.o(i.__0vsnprintf)
    i.__scatterload_copy                     0x080027a4   Section       14  handlers.o(i.__scatterload_copy)
    i.__scatterload_null                     0x080027b2   Section        2  handlers.o(i.__scatterload_null)
    i.__scatterload_zeroinit                 0x080027b4   Section       14  handlers.o(i.__scatterload_zeroinit)
    _fp_digits                               0x080027c5   Thumb Code   366  printfa.o(i._fp_digits)
    i._fp_digits                             0x080027c4   Section        0  printfa.o(i._fp_digits)
    _printf_core                             0x08002949   Thumb Code  1744  printfa.o(i._printf_core)
    i._printf_core                           0x08002948   Section        0  printfa.o(i._printf_core)
    _printf_post_padding                     0x08003025   Thumb Code    36  printfa.o(i._printf_post_padding)
    i._printf_post_padding                   0x08003024   Section        0  printfa.o(i._printf_post_padding)
    _printf_pre_padding                      0x08003049   Thumb Code    46  printfa.o(i._printf_pre_padding)
    i._printf_pre_padding                    0x08003048   Section        0  printfa.o(i._printf_pre_padding)
    _snputc                                  0x08003077   Thumb Code    22  printfa.o(i._snputc)
    i._snputc                                0x08003076   Section        0  printfa.o(i._snputc)
    .L.str                                   0x0800308c   Data          16  main.o(.rodata.str1.1)
    [Anonymous Symbol]                       0x0800308c   Section        0  main.o(.rodata.str1.1)
    .L.str.4                                 0x0800309c   Data           6  main.o(.rodata.str1.1)
    .L.str.2                                 0x080030a2   Data           7  main.o(.rodata.str1.1)
    .L.str.3                                 0x080030a9   Data           5  main.o(.rodata.str1.1)
    .L.str.1                                 0x080030ae   Data           6  main.o(.rodata.str1.1)
    delay                                    0x20000008   Data           4  systick.o(.bss.delay)
    [Anonymous Symbol]                       0x20000008   Section        0  systick.o(.bss.delay)
    flash_RX_buf                             0x2000000c   Data         256  spi_dma_flash.o(.bss.flash_RX_buf)
    [Anonymous Symbol]                       0x2000000c   Section        0  spi_dma_flash.o(.bss.flash_RX_buf)
    flash_TX_buf                             0x2000010c   Data         256  spi_dma_flash.o(.bss.flash_TX_buf)
    [Anonymous Symbol]                       0x2000010c   Section        0  spi_dma_flash.o(.bss.flash_TX_buf)
    s_dma_busy                               0x2000020c   Data           1  main.o(.bss.s_dma_busy)
    [Anonymous Symbol]                       0x2000020c   Section        0  main.o(.bss.s_dma_busy)
    s_dma_chunk_len                          0x2000020e   Data           2  main.o(.bss.s_dma_chunk_len)
    [Anonymous Symbol]                       0x2000020e   Section        0  main.o(.bss.s_dma_chunk_len)
    s_rx_buf                                 0x20000210   Data         256  main.o(.bss.s_rx_buf)
    [Anonymous Symbol]                       0x20000210   Section        0  main.o(.bss.s_rx_buf)
    s_tx_buf                                 0x20000310   Data        2048  main.o(.bss.s_tx_buf)
    [Anonymous Symbol]                       0x20000310   Section        0  main.o(.bss.s_tx_buf)
    s_tx_head                                0x20000b10   Data           2  main.o(.bss.s_tx_head)
    [Anonymous Symbol]                       0x20000b10   Section        0  main.o(.bss.s_tx_head)
    s_tx_tail                                0x20000b12   Data           2  main.o(.bss.s_tx_tail)
    [Anonymous Symbol]                       0x20000b12   Section        0  main.o(.bss.s_tx_tail)
    uprintf.tmp                              0x20000b14   Data         128  main.o(.bss.uprintf.tmp)
    [Anonymous Symbol]                       0x20000b14   Section        0  main.o(.bss.uprintf.tmp)
    STACK                                    0x20000b98   Section     1024  startup_gd32e50x_hd.o(STACK)

    Global Symbols

    Symbol Name                              Value     Ov Type        Size  Object(Section)

    BuildAttributes$$THM_ISAv4$E$P$D$K$B$S$7EM$8M$VFPi5$EXTD16$VFPS$VFMA$PE$A:L22UL41UL21$X:L11$S22US41US21$IEEE1$IW$~IW$USESV6$~STKCKD$USESV7$~SHL$OSPACE$ROPI$EBA8$MICROLIB$REQ8$PRES8$EABIv2 0x00000000   Number         0  anon$$obj.o ABSOLUTE
    __cpp_initialize__aeabi_                  - Undefined Weak Reference
    __cxa_finalize                            - Undefined Weak Reference
    __decompress                              - Undefined Weak Reference
    _clock_init                               - Undefined Weak Reference
    _microlib_exit                            - Undefined Weak Reference
    __Vectors_Size                           0x000001a0   Number         0  startup_gd32e50x_hd.o ABSOLUTE
    __Vectors                                0x08000000   Data           4  startup_gd32e50x_hd.o(RESET)
    __Vectors_End                            0x080001a0   Data           0  startup_gd32e50x_hd.o(RESET)
    __main                                   0x080001a1   Thumb Code     0  entry.o(.ARM.Collect$$$$00000000)
    _main_stk                                0x080001a1   Thumb Code     0  entry2.o(.ARM.Collect$$$$00000001)
    _main_scatterload                        0x080001a5   Thumb Code     0  entry5.o(.ARM.Collect$$$$00000004)
    __main_after_scatterload                 0x080001a9   Thumb Code     0  entry5.o(.ARM.Collect$$$$00000004)
    _main_clock                              0x080001a9   Thumb Code     0  entry7b.o(.ARM.Collect$$$$00000008)
    _main_cpp_init                           0x080001a9   Thumb Code     0  entry8b.o(.ARM.Collect$$$$0000000A)
    _main_init                               0x080001a9   Thumb Code     0  entry9a.o(.ARM.Collect$$$$0000000B)
    __rt_final_cpp                           0x080001b1   Thumb Code     0  entry10a.o(.ARM.Collect$$$$0000000D)
    __rt_final_exit                          0x080001b1   Thumb Code     0  entry11a.o(.ARM.Collect$$$$0000000F)
    Reset_Handler                            0x080001b5   Thumb Code     8  startup_gd32e50x_hd.o(.text)
    ADC0_1_IRQHandler                        0x080001cf   Thumb Code     0  startup_gd32e50x_hd.o(.text)
    ADC2_IRQHandler                          0x080001cf   Thumb Code     0  startup_gd32e50x_hd.o(.text)
    CAN0_EWMC_IRQHandler                     0x080001cf   Thumb Code     0  startup_gd32e50x_hd.o(.text)
    CAN0_RX1_IRQHandler                      0x080001cf   Thumb Code     0  startup_gd32e50x_hd.o(.text)
    CAN1_EWMC_IRQHandler                     0x080001cf   Thumb Code     0  startup_gd32e50x_hd.o(.text)
    CAN1_RX0_IRQHandler                      0x080001cf   Thumb Code     0  startup_gd32e50x_hd.o(.text)
    CAN1_RX1_IRQHandler                      0x080001cf   Thumb Code     0  startup_gd32e50x_hd.o(.text)
    CAN1_TX_IRQHandler                       0x080001cf   Thumb Code     0  startup_gd32e50x_hd.o(.text)
    DMA0_Channel0_IRQHandler                 0x080001cf   Thumb Code     0  startup_gd32e50x_hd.o(.text)
    DMA0_Channel1_IRQHandler                 0x080001cf   Thumb Code     0  startup_gd32e50x_hd.o(.text)
    DMA0_Channel2_IRQHandler                 0x080001cf   Thumb Code     0  startup_gd32e50x_hd.o(.text)
    DMA0_Channel4_IRQHandler                 0x080001cf   Thumb Code     0  startup_gd32e50x_hd.o(.text)
    DMA0_Channel5_IRQHandler                 0x080001cf   Thumb Code     0  startup_gd32e50x_hd.o(.text)
    DMA0_Channel6_IRQHandler                 0x080001cf   Thumb Code     0  startup_gd32e50x_hd.o(.text)
    DMA1_Channel0_IRQHandler                 0x080001cf   Thumb Code     0  startup_gd32e50x_hd.o(.text)
    DMA1_Channel1_IRQHandler                 0x080001cf   Thumb Code     0  startup_gd32e50x_hd.o(.text)
    DMA1_Channel2_IRQHandler                 0x080001cf   Thumb Code     0  startup_gd32e50x_hd.o(.text)
    DMA1_Channel3_4_IRQHandler               0x080001cf   Thumb Code     0  startup_gd32e50x_hd.o(.text)
    EXMC_IRQHandler                          0x080001cf   Thumb Code     0  startup_gd32e50x_hd.o(.text)
    EXTI0_IRQHandler                         0x080001cf   Thumb Code     0  startup_gd32e50x_hd.o(.text)
    EXTI10_15_IRQHandler                     0x080001cf   Thumb Code     0  startup_gd32e50x_hd.o(.text)
    EXTI1_IRQHandler                         0x080001cf   Thumb Code     0  startup_gd32e50x_hd.o(.text)
    EXTI2_IRQHandler                         0x080001cf   Thumb Code     0  startup_gd32e50x_hd.o(.text)
    EXTI3_IRQHandler                         0x080001cf   Thumb Code     0  startup_gd32e50x_hd.o(.text)
    EXTI4_IRQHandler                         0x080001cf   Thumb Code     0  startup_gd32e50x_hd.o(.text)
    EXTI5_9_IRQHandler                       0x080001cf   Thumb Code     0  startup_gd32e50x_hd.o(.text)
    FMC_IRQHandler                           0x080001cf   Thumb Code     0  startup_gd32e50x_hd.o(.text)
    I2C0_ER_IRQHandler                       0x080001cf   Thumb Code     0  startup_gd32e50x_hd.o(.text)
    I2C0_EV_IRQHandler                       0x080001cf   Thumb Code     0  startup_gd32e50x_hd.o(.text)
    I2C1_ER_IRQHandler                       0x080001cf   Thumb Code     0  startup_gd32e50x_hd.o(.text)
    I2C1_EV_IRQHandler                       0x080001cf   Thumb Code     0  startup_gd32e50x_hd.o(.text)
    I2C2_ER_IRQHandler                       0x080001cf   Thumb Code     0  startup_gd32e50x_hd.o(.text)
    I2C2_EV_IRQHandler                       0x080001cf   Thumb Code     0  startup_gd32e50x_hd.o(.text)
    I2C2_WKUP_IRQHandler                     0x080001cf   Thumb Code     0  startup_gd32e50x_hd.o(.text)
    LVD_IRQHandler                           0x080001cf   Thumb Code     0  startup_gd32e50x_hd.o(.text)
    RCU_CTC_IRQHandler                       0x080001cf   Thumb Code     0  startup_gd32e50x_hd.o(.text)
    RTC_Alarm_IRQHandler                     0x080001cf   Thumb Code     0  startup_gd32e50x_hd.o(.text)
    RTC_IRQHandler                           0x080001cf   Thumb Code     0  startup_gd32e50x_hd.o(.text)
    SDIO_IRQHandler                          0x080001cf   Thumb Code     0  startup_gd32e50x_hd.o(.text)
    SHRTIMER_IRQ0_IRQHandler                 0x080001cf   Thumb Code     0  startup_gd32e50x_hd.o(.text)
    SHRTIMER_IRQ1_IRQHandler                 0x080001cf   Thumb Code     0  startup_gd32e50x_hd.o(.text)
    SHRTIMER_IRQ2_IRQHandler                 0x080001cf   Thumb Code     0  startup_gd32e50x_hd.o(.text)
    SHRTIMER_IRQ3_IRQHandler                 0x080001cf   Thumb Code     0  startup_gd32e50x_hd.o(.text)
    SHRTIMER_IRQ4_IRQHandler                 0x080001cf   Thumb Code     0  startup_gd32e50x_hd.o(.text)
    SHRTIMER_IRQ5_IRQHandler                 0x080001cf   Thumb Code     0  startup_gd32e50x_hd.o(.text)
    SHRTIMER_IRQ6_IRQHandler                 0x080001cf   Thumb Code     0  startup_gd32e50x_hd.o(.text)
    SPI0_IRQHandler                          0x080001cf   Thumb Code     0  startup_gd32e50x_hd.o(.text)
    SPI1_I2S1ADD_IRQHandler                  0x080001cf   Thumb Code     0  startup_gd32e50x_hd.o(.text)
    SPI2_I2S2ADD_IRQHandler                  0x080001cf   Thumb Code     0  startup_gd32e50x_hd.o(.text)
    TAMPER_IRQHandler                        0x080001cf   Thumb Code     0  startup_gd32e50x_hd.o(.text)
    TIMER0_BRK_TIMER8_IRQHandler             0x080001cf   Thumb Code     0  startup_gd32e50x_hd.o(.text)
    TIMER0_Channel_IRQHandler                0x080001cf   Thumb Code     0  startup_gd32e50x_hd.o(.text)
    TIMER0_TRG_CMT_TIMER10_IRQHandler        0x080001cf   Thumb Code     0  startup_gd32e50x_hd.o(.text)
    TIMER0_UP_TIMER9_IRQHandler              0x080001cf   Thumb Code     0  startup_gd32e50x_hd.o(.text)
    TIMER1_IRQHandler                        0x080001cf   Thumb Code     0  startup_gd32e50x_hd.o(.text)
    TIMER2_IRQHandler                        0x080001cf   Thumb Code     0  startup_gd32e50x_hd.o(.text)
    TIMER3_IRQHandler                        0x080001cf   Thumb Code     0  startup_gd32e50x_hd.o(.text)
    TIMER4_IRQHandler                        0x080001cf   Thumb Code     0  startup_gd32e50x_hd.o(.text)
    TIMER5_DAC_IRQHandler                    0x080001cf   Thumb Code     0  startup_gd32e50x_hd.o(.text)
    TIMER6_IRQHandler                        0x080001cf   Thumb Code     0  startup_gd32e50x_hd.o(.text)
    TIMER7_BRK_TIMER11_IRQHandler            0x080001cf   Thumb Code     0  startup_gd32e50x_hd.o(.text)
    TIMER7_Channel_IRQHandler                0x080001cf   Thumb Code     0  startup_gd32e50x_hd.o(.text)
    TIMER7_TRG_CMT_TIMER13_IRQHandler        0x080001cf   Thumb Code     0  startup_gd32e50x_hd.o(.text)
    TIMER7_UP_TIMER12_IRQHandler             0x080001cf   Thumb Code     0  startup_gd32e50x_hd.o(.text)
    UART3_IRQHandler                         0x080001cf   Thumb Code     0  startup_gd32e50x_hd.o(.text)
    UART4_IRQHandler                         0x080001cf   Thumb Code     0  startup_gd32e50x_hd.o(.text)
    USART1_IRQHandler                        0x080001cf   Thumb Code     0  startup_gd32e50x_hd.o(.text)
    USART2_IRQHandler                        0x080001cf   Thumb Code     0  startup_gd32e50x_hd.o(.text)
    USART5_IRQHandler                        0x080001cf   Thumb Code     0  startup_gd32e50x_hd.o(.text)
    USART5_WKUP_IRQHandler                   0x080001cf   Thumb Code     0  startup_gd32e50x_hd.o(.text)
    USBD_HP_CAN0_TX_IRQHandler               0x080001cf   Thumb Code     0  startup_gd32e50x_hd.o(.text)
    USBD_LP_CAN0_RX0_IRQHandler              0x080001cf   Thumb Code     0  startup_gd32e50x_hd.o(.text)
    USBD_WKUP_IRQHandler                     0x080001cf   Thumb Code     0  startup_gd32e50x_hd.o(.text)
    WWDGT_IRQHandler                         0x080001cf   Thumb Code     0  startup_gd32e50x_hd.o(.text)
    __aeabi_memcpy                           0x080001d9   Thumb Code    36  memcpya.o(.text)
    __aeabi_memcpy4                          0x080001d9   Thumb Code     0  memcpya.o(.text)
    __aeabi_memcpy8                          0x080001d9   Thumb Code     0  memcpya.o(.text)
    strcmp                                   0x080001fd   Thumb Code    28  strcmp.o(.text)
    __aeabi_uidiv                            0x08000219   Thumb Code     0  uidiv.o(.text)
    __aeabi_uidivmod                         0x08000219   Thumb Code    44  uidiv.o(.text)
    __aeabi_uldivmod                         0x08000245   Thumb Code    98  uldiv.o(.text)
    __I$use$fp                               0x080002a7   Thumb Code     0  iusefp.o(.text)
    __aeabi_dadd                             0x080002a7   Thumb Code   322  dadd.o(.text)
    __aeabi_dsub                             0x080003e9   Thumb Code     6  dadd.o(.text)
    __aeabi_drsub                            0x080003ef   Thumb Code     6  dadd.o(.text)
    __aeabi_dmul                             0x080003f5   Thumb Code   228  dmul.o(.text)
    __aeabi_ddiv                             0x080004d9   Thumb Code   222  ddiv.o(.text)
    __aeabi_d2ulz                            0x080005b7   Thumb Code    48  dfixul.o(.text)
    __aeabi_cdrcmple                         0x080005e9   Thumb Code    48  cdrcmple.o(.text)
    __scatterload                            0x08000619   Thumb Code    28  init.o(.text)
    __scatterload_rt2                        0x08000619   Thumb Code     0  init.o(.text)
    __aeabi_llsl                             0x0800063d   Thumb Code    30  llshl.o(.text)
    _ll_shift_l                              0x0800063d   Thumb Code     0  llshl.o(.text)
    __aeabi_llsr                             0x0800065b   Thumb Code    32  llushr.o(.text)
    _ll_ushift_r                             0x0800065b   Thumb Code     0  llushr.o(.text)
    __aeabi_lasr                             0x0800067b   Thumb Code    36  llsshr.o(.text)
    _ll_sshift_r                             0x0800067b   Thumb Code     0  llsshr.o(.text)
    _double_round                            0x0800069f   Thumb Code    30  depilogue.o(.text)
    _double_epilogue                         0x080006bd   Thumb Code   156  depilogue.o(.text)
    BusFault_Handler                         0x08000759   Thumb Code     4  gd32e50x_it.o(.text.BusFault_Handler)
    DMA0_Channel3_IRQHandler                 0x0800075d   Thumb Code    86  main.o(.text.DMA0_Channel3_IRQHandler)
    DebugMon_Handler                         0x0800085d   Thumb Code     4  gd32e50x_it.o(.text.DebugMon_Handler)
    HardFault_Handler                        0x08000861   Thumb Code     4  gd32e50x_it.o(.text.HardFault_Handler)
    MemManage_Handler                        0x08000865   Thumb Code     4  gd32e50x_it.o(.text.MemManage_Handler)
    NMI_Handler                              0x08000869   Thumb Code     4  gd32e50x_it.o(.text.NMI_Handler)
    NOR_Erase                                0x0800086d   Thumb Code   138  spi_dma_flash.o(.text.NOR_Erase)
    NOR_Write_Test                           0x080008f9   Thumb Code    12  spi_dma_flash.o(.text.NOR_Write_Test)
    PendSV_Handler                           0x08000905   Thumb Code     4  gd32e50x_it.o(.text.PendSV_Handler)
    SPI_X_DMA_X_Init                         0x08000909   Thumb Code   322  spi_dma_flash.o(.text.SPI_X_DMA_X_Init)
    SVC_Handler                              0x08000a4d   Thumb Code     4  gd32e50x_it.o(.text.SVC_Handler)
    SysTick_Handler                          0x08000aad   Thumb Code     8  gd32e50x_it.o(.text.SysTick_Handler)
    SystemInit                               0x08000ab5   Thumb Code   236  system_gd32e50x.o(.text.SystemInit)
    USART0_IRQHandler                        0x08000bf5   Thumb Code   216  main.o(.text.USART0_IRQHandler)
    UsageFault_Handler                       0x08000ccd   Thumb Code     4  gd32e50x_it.o(.text.UsageFault_Handler)
    delay_1ms                                0x08000d31   Thumb Code    44  systick.o(.text.delay_1ms)
    delay_decrement                          0x08000d5d   Thumb Code    34  systick.o(.text.delay_decrement)
    dma_channel_disable                      0x08000d81   Thumb Code    64  gd32e50x_dma.o(.text.dma_channel_disable)
    dma_channel_enable                       0x08000dc1   Thumb Code    64  gd32e50x_dma.o(.text.dma_channel_enable)
    dma_circulation_disable                  0x08000e01   Thumb Code    64  gd32e50x_dma.o(.text.dma_circulation_disable)
    dma_deinit                               0x08000e41   Thumb Code   150  gd32e50x_dma.o(.text.dma_deinit)
    dma_init                                 0x08000ed9   Thumb Code   360  gd32e50x_dma.o(.text.dma_init)
    dma_interrupt_enable                     0x08001041   Thumb Code    74  gd32e50x_dma.o(.text.dma_interrupt_enable)
    dma_interrupt_flag_clear                 0x0800108d   Thumb Code    70  gd32e50x_dma.o(.text.dma_interrupt_flag_clear)
    dma_interrupt_flag_get                   0x080010d5   Thumb Code   250  gd32e50x_dma.o(.text.dma_interrupt_flag_get)
    dma_memory_address_config                0x080011d1   Thumb Code    70  gd32e50x_dma.o(.text.dma_memory_address_config)
    dma_memory_to_memory_disable             0x08001219   Thumb Code    64  gd32e50x_dma.o(.text.dma_memory_to_memory_disable)
    dma_transfer_number_config               0x0800129d   Thumb Code    72  gd32e50x_dma.o(.text.dma_transfer_number_config)
    dma_transfer_number_get                  0x080012e5   Thumb Code    58  gd32e50x_dma.o(.text.dma_transfer_number_get)
    gpio_bit_reset                           0x08001321   Thumb Code    24  gd32e50x_gpio.o(.text.gpio_bit_reset)
    gpio_bit_set                             0x08001339   Thumb Code    24  gd32e50x_gpio.o(.text.gpio_bit_set)
    gpio_init                                0x08001351   Thumb Code   424  gd32e50x_gpio.o(.text.gpio_init)
    main                                     0x0800152d   Thumb Code    52  main.o(.text.main)
    nvic_irq_enable                          0x080015a9   Thumb Code   318  gd32e50x_misc.o(.text.nvic_irq_enable)
    nvic_priority_group_set                  0x080016e9   Thumb Code    32  gd32e50x_misc.o(.text.nvic_priority_group_set)
    nvic_vector_table_set                    0x08001709   Thumb Code    50  gd32e50x_misc.o(.text.nvic_vector_table_set)
    rcu_clock_freq_get                       0x0800173d   Thumb Code   630  gd32e50x_rcu.o(.text.rcu_clock_freq_get)
    rcu_periph_clock_enable                  0x080019b5   Thumb Code    48  gd32e50x_rcu.o(.text.rcu_periph_clock_enable)
    rcu_periph_reset_disable                 0x080019e5   Thumb Code    48  gd32e50x_rcu.o(.text.rcu_periph_reset_disable)
    rcu_periph_reset_enable                  0x08001a15   Thumb Code    48  gd32e50x_rcu.o(.text.rcu_periph_reset_enable)
    spi_enable                               0x08001be1   Thumb Code    22  gd32e50x_spi.o(.text.spi_enable)
    spi_i2s_data_receive                     0x08001bf9   Thumb Code    18  gd32e50x_spi.o(.text.spi_i2s_data_receive)
    spi_i2s_data_transmit                    0x08001c0d   Thumb Code    28  gd32e50x_spi.o(.text.spi_i2s_data_transmit)
    spi_i2s_flag_get                         0x08001c29   Thumb Code    50  gd32e50x_spi.o(.text.spi_i2s_flag_get)
    spi_init                                 0x08001c5d   Thumb Code   122  gd32e50x_spi.o(.text.spi_init)
    strip_crlf                               0x08001cd9   Thumb Code    64  main.o(.text.strip_crlf)
    systick_config                           0x08001eb5   Thumb Code    60  systick.o(.text.systick_config)
    uart_dma_init                            0x08001ef1   Thumb Code   392  main.o(.text.uart_dma_init)
    uprintf                                  0x08002079   Thumb Code    90  main.o(.text.uprintf)
    usart_baudrate_set                       0x080020d5   Thumb Code   402  gd32e50x_usart.o(.text.usart_baudrate_set)
    usart_deinit                             0x08002269   Thumb Code   222  gd32e50x_usart.o(.text.usart_deinit)
    usart_dma_receive_config                 0x08002349   Thumb Code   104  gd32e50x_usart.o(.text.usart_dma_receive_config)
    usart_dma_transmit_config                0x080023b1   Thumb Code   104  gd32e50x_usart.o(.text.usart_dma_transmit_config)
    usart_enable                             0x08002419   Thumb Code    52  gd32e50x_usart.o(.text.usart_enable)
    usart_hardware_flow_cts_config           0x0800244d   Thumb Code    46  gd32e50x_usart.o(.text.usart_hardware_flow_cts_config)
    usart_hardware_flow_rts_config           0x0800247d   Thumb Code    46  gd32e50x_usart.o(.text.usart_hardware_flow_rts_config)
    usart_interrupt_enable                   0x080024ad   Thumb Code    56  gd32e50x_usart.o(.text.usart_interrupt_enable)
    usart_interrupt_flag_clear               0x080024e5   Thumb Code    44  gd32e50x_usart.o(.text.usart_interrupt_flag_clear)
    usart_interrupt_flag_get                 0x08002511   Thumb Code   110  gd32e50x_usart.o(.text.usart_interrupt_flag_get)
    usart_parity_config                      0x08002581   Thumb Code    96  gd32e50x_usart.o(.text.usart_parity_config)
    usart_receive_config                     0x080025e1   Thumb Code   106  gd32e50x_usart.o(.text.usart_receive_config)
    usart_stop_bit_set                       0x0800264d   Thumb Code    96  gd32e50x_usart.o(.text.usart_stop_bit_set)
    usart_transmit_config                    0x080026ad   Thumb Code   106  gd32e50x_usart.o(.text.usart_transmit_config)
    usart_word_length_set                    0x08002719   Thumb Code    96  gd32e50x_usart.o(.text.usart_word_length_set)
    __0vsnprintf                             0x08002779   Thumb Code    40  printfa.o(i.__0vsnprintf)
    __1vsnprintf                             0x08002779   Thumb Code     0  printfa.o(i.__0vsnprintf)
    __2vsnprintf                             0x08002779   Thumb Code     0  printfa.o(i.__0vsnprintf)
    __c89vsnprintf                           0x08002779   Thumb Code     0  printfa.o(i.__0vsnprintf)
    vsnprintf                                0x08002779   Thumb Code     0  printfa.o(i.__0vsnprintf)
    __scatterload_copy                       0x080027a5   Thumb Code    14  handlers.o(i.__scatterload_copy)
    __scatterload_null                       0x080027b3   Thumb Code     2  handlers.o(i.__scatterload_null)
    __scatterload_zeroinit                   0x080027b5   Thumb Code    14  handlers.o(i.__scatterload_zeroinit)
    Region$$Table$$Base                      0x080030b4   Number         0  anon$$obj.o(Region$$Table)
    Region$$Table$$Limit                     0x080030d4   Number         0  anon$$obj.o(Region$$Table)
    SystemCoreClock                          0x20000000   Data           4  system_gd32e50x.o(.data.SystemCoreClock)
    __initial_sp                             0x20000f98   Data           0  startup_gd32e50x_hd.o(STACK)



==============================================================================

Memory Map of the image

  Image Entry point : 0x080001a1

  Load Region LR_IROM1 (Base: 0x08000000, Size: 0x000030e0, Max: 0x00080000, ABSOLUTE)

    Execution Region ER_IROM1 (Exec base: 0x08000000, Load base: 0x08000000, Size: 0x000030d4, Max: 0x00080000, ABSOLUTE)

    Exec Addr    Load Addr    Size         Type   Attr      Idx    E Section Name        Object

    0x08000000   0x08000000   0x000001a0   Data   RO         2036    RESET               startup_gd32e50x_hd.o
    0x080001a0   0x080001a0   0x00000000   Code   RO         2043  * .ARM.Collect$$$$00000000  mc_w.l(entry.o)
    0x080001a0   0x080001a0   0x00000004   Code   RO         2082    .ARM.Collect$$$$00000001  mc_w.l(entry2.o)
    0x080001a4   0x080001a4   0x00000004   Code   RO         2085    .ARM.Collect$$$$00000004  mc_w.l(entry5.o)
    0x080001a8   0x080001a8   0x00000000   Code   RO         2087    .ARM.Collect$$$$00000008  mc_w.l(entry7b.o)
    0x080001a8   0x080001a8   0x00000000   Code   RO         2089    .ARM.Collect$$$$0000000A  mc_w.l(entry8b.o)
    0x080001a8   0x080001a8   0x00000008   Code   RO         2090    .ARM.Collect$$$$0000000B  mc_w.l(entry9a.o)
    0x080001b0   0x080001b0   0x00000000   Code   RO         2092    .ARM.Collect$$$$0000000D  mc_w.l(entry10a.o)
    0x080001b0   0x080001b0   0x00000000   Code   RO         2094    .ARM.Collect$$$$0000000F  mc_w.l(entry11a.o)
    0x080001b0   0x080001b0   0x00000004   Code   RO         2083    .ARM.Collect$$$$00002712  mc_w.l(entry2.o)
    0x080001b4   0x080001b4   0x00000024   Code   RO         2037    .text               startup_gd32e50x_hd.o
    0x080001d8   0x080001d8   0x00000024   Code   RO         2046    .text               mc_w.l(memcpya.o)
    0x080001fc   0x080001fc   0x0000001c   Code   RO         2048    .text               mc_w.l(strcmp.o)
    0x08000218   0x08000218   0x0000002c   Code   RO         2101    .text               mc_w.l(uidiv.o)
    0x08000244   0x08000244   0x00000062   Code   RO         2103    .text               mc_w.l(uldiv.o)
    0x080002a6   0x080002a6   0x00000000   Code   RO         2105    .text               mc_w.l(iusefp.o)
    0x080002a6   0x080002a6   0x0000014e   Code   RO         2106    .text               mf_w.l(dadd.o)
    0x080003f4   0x080003f4   0x000000e4   Code   RO         2108    .text               mf_w.l(dmul.o)
    0x080004d8   0x080004d8   0x000000de   Code   RO         2110    .text               mf_w.l(ddiv.o)
    0x080005b6   0x080005b6   0x00000030   Code   RO         2112    .text               mf_w.l(dfixul.o)
    0x080005e6   0x080005e6   0x00000002   PAD
    0x080005e8   0x080005e8   0x00000030   Code   RO         2114    .text               mf_w.l(cdrcmple.o)
    0x08000618   0x08000618   0x00000024   Code   RO         2116    .text               mc_w.l(init.o)
    0x0800063c   0x0800063c   0x0000001e   Code   RO         2119    .text               mc_w.l(llshl.o)
    0x0800065a   0x0800065a   0x00000020   Code   RO         2121    .text               mc_w.l(llushr.o)
    0x0800067a   0x0800067a   0x00000024   Code   RO         2123    .text               mc_w.l(llsshr.o)
    0x0800069e   0x0800069e   0x000000ba   Code   RO         2126    .text               mf_w.l(depilogue.o)
    0x08000758   0x08000758   0x00000004   Code   RO           51    .text.BusFault_Handler  gd32e50x_it.o
    0x0800075c   0x0800075c   0x00000056   Code   RO           14    .text.DMA0_Channel3_IRQHandler  main.o
    0x080007b2   0x080007b2   0x00000002   PAD
    0x080007b4   0x080007b4   0x000000a6   Code   RO            8    .text.DMA_TX_start  main.o
    0x0800085a   0x0800085a   0x00000002   PAD
    0x0800085c   0x0800085c   0x00000004   Code   RO           57    .text.DebugMon_Handler  gd32e50x_it.o
    0x08000860   0x08000860   0x00000004   Code   RO           47    .text.HardFault_Handler  gd32e50x_it.o
    0x08000864   0x08000864   0x00000004   Code   RO           49    .text.MemManage_Handler  gd32e50x_it.o
    0x08000868   0x08000868   0x00000004   Code   RO           45    .text.NMI_Handler   gd32e50x_it.o
    0x0800086c   0x0800086c   0x0000008a   Code   RO          112    .text.NOR_Erase     spi_dma_flash.o
    0x080008f6   0x080008f6   0x00000002   PAD
    0x080008f8   0x080008f8   0x0000000c   Code   RO          116    .text.NOR_Write_Test  spi_dma_flash.o
    0x08000904   0x08000904   0x00000004   Code   RO           59    .text.PendSV_Handler  gd32e50x_it.o
    0x08000908   0x08000908   0x00000142   Code   RO           90    .text.SPI_X_DMA_X_Init  spi_dma_flash.o
    0x08000a4a   0x08000a4a   0x00000002   PAD
    0x08000a4c   0x08000a4c   0x00000004   Code   RO           55    .text.SVC_Handler   gd32e50x_it.o
    0x08000a50   0x08000a50   0x0000005a   Code   RO           73    .text.SysTick_Config  systick.o
    0x08000aaa   0x08000aaa   0x00000002   PAD
    0x08000aac   0x08000aac   0x00000008   Code   RO           61    .text.SysTick_Handler  gd32e50x_it.o
    0x08000ab4   0x08000ab4   0x000000ec   Code   RO          130    .text.SystemInit    system_gd32e50x.o
    0x08000ba0   0x08000ba0   0x00000054   Code   RO           22    .text.This_Time_TX_len  main.o
    0x08000bf4   0x08000bf4   0x000000d8   Code   RO           16    .text.USART0_IRQHandler  main.o
    0x08000ccc   0x08000ccc   0x00000004   Code   RO           53    .text.UsageFault_Handler  gd32e50x_it.o
    0x08000cd0   0x08000cd0   0x0000004a   Code   RO           75    .text.__NVIC_SetPriority  systick.o
    0x08000d1a   0x08000d1a   0x00000002   PAD
    0x08000d1c   0x08000d1c   0x00000014   Code   RO           26    .text.cont_to_end_from_tail  main.o
    0x08000d30   0x08000d30   0x0000002c   Code   RO           77    .text.delay_1ms     systick.o
    0x08000d5c   0x08000d5c   0x00000022   Code   RO           79    .text.delay_decrement  systick.o
    0x08000d7e   0x08000d7e   0x00000002   PAD
    0x08000d80   0x08000d80   0x00000040   Code   RO          489    .text.dma_channel_disable  gd32e50x_dma.o
    0x08000dc0   0x08000dc0   0x00000040   Code   RO          487    .text.dma_channel_enable  gd32e50x_dma.o
    0x08000e00   0x08000e00   0x00000040   Code   RO          481    .text.dma_circulation_disable  gd32e50x_dma.o
    0x08000e40   0x08000e40   0x00000096   Code   RO          471    .text.dma_deinit    gd32e50x_dma.o
    0x08000ed6   0x08000ed6   0x00000002   PAD
    0x08000ed8   0x08000ed8   0x00000168   Code   RO          477    .text.dma_init      gd32e50x_dma.o
    0x08001040   0x08001040   0x0000004a   Code   RO          519    .text.dma_interrupt_enable  gd32e50x_dma.o
    0x0800108a   0x0800108a   0x00000002   PAD
    0x0800108c   0x0800108c   0x00000046   Code   RO          525    .text.dma_interrupt_flag_clear  gd32e50x_dma.o
    0x080010d2   0x080010d2   0x00000002   PAD
    0x080010d4   0x080010d4   0x000000fa   Code   RO          523    .text.dma_interrupt_flag_get  gd32e50x_dma.o
    0x080011ce   0x080011ce   0x00000002   PAD
    0x080011d0   0x080011d0   0x00000046   Code   RO          493    .text.dma_memory_address_config  gd32e50x_dma.o
    0x08001216   0x08001216   0x00000002   PAD
    0x08001218   0x08001218   0x00000040   Code   RO          485    .text.dma_memory_to_memory_disable  gd32e50x_dma.o
    0x08001258   0x08001258   0x00000042   Code   RO          473    .text.dma_periph_and_channel_check  gd32e50x_dma.o
    0x0800129a   0x0800129a   0x00000002   PAD
    0x0800129c   0x0800129c   0x00000048   Code   RO          495    .text.dma_transfer_number_config  gd32e50x_dma.o
    0x080012e4   0x080012e4   0x0000003a   Code   RO          497    .text.dma_transfer_number_get  gd32e50x_dma.o
    0x0800131e   0x0800131e   0x00000002   PAD
    0x08001320   0x08001320   0x00000018   Code   RO          730    .text.gpio_bit_reset  gd32e50x_gpio.o
    0x08001338   0x08001338   0x00000018   Code   RO          728    .text.gpio_bit_set  gd32e50x_gpio.o
    0x08001350   0x08001350   0x000001a8   Code   RO          726    .text.gpio_init     gd32e50x_gpio.o
    0x080014f8   0x080014f8   0x0000001a   Code   RO           18    .text.irq_lock      main.o
    0x08001512   0x08001512   0x00000002   PAD
    0x08001514   0x08001514   0x00000018   Code   RO           20    .text.irq_unlock    main.o
    0x0800152c   0x0800152c   0x00000034   Code   RO           12    .text.main          main.o
    0x08001560   0x08001560   0x00000046   Code   RO          114    .text.nor_read_sr   spi_dma_flash.o
    0x080015a6   0x080015a6   0x00000002   PAD
    0x080015a8   0x080015a8   0x0000013e   Code   RO          968    .text.nvic_irq_enable  gd32e50x_misc.o
    0x080016e6   0x080016e6   0x00000002   PAD
    0x080016e8   0x080016e8   0x00000020   Code   RO          966    .text.nvic_priority_group_set  gd32e50x_misc.o
    0x08001708   0x08001708   0x00000032   Code   RO          978    .text.nvic_vector_table_set  gd32e50x_misc.o
    0x0800173a   0x0800173a   0x00000002   PAD
    0x0800173c   0x0800173c   0x00000276   Code   RO         1116    .text.rcu_clock_freq_get  gd32e50x_rcu.o
    0x080019b2   0x080019b2   0x00000002   PAD
    0x080019b4   0x080019b4   0x00000030   Code   RO         1046    .text.rcu_periph_clock_enable  gd32e50x_rcu.o
    0x080019e4   0x080019e4   0x00000030   Code   RO         1056    .text.rcu_periph_reset_disable  gd32e50x_rcu.o
    0x08001a14   0x08001a14   0x00000030   Code   RO         1054    .text.rcu_periph_reset_enable  gd32e50x_rcu.o
    0x08001a44   0x08001a44   0x00000108   Code   RO            6    .text.ring_buf_write  main.o
    0x08001b4c   0x08001b4c   0x0000001a   Code   RO           24    .text.ring_used     main.o
    0x08001b66   0x08001b66   0x00000002   PAD
    0x08001b68   0x08001b68   0x00000076   Code   RO           96    .text.spi2rw        spi_dma_flash.o
    0x08001bde   0x08001bde   0x00000002   PAD
    0x08001be0   0x08001be0   0x00000016   Code   RO         1448    .text.spi_enable    gd32e50x_spi.o
    0x08001bf6   0x08001bf6   0x00000002   PAD
    0x08001bf8   0x08001bf8   0x00000012   Code   RO         1476    .text.spi_i2s_data_receive  gd32e50x_spi.o
    0x08001c0a   0x08001c0a   0x00000002   PAD
    0x08001c0c   0x08001c0c   0x0000001c   Code   RO         1474    .text.spi_i2s_data_transmit  gd32e50x_spi.o
    0x08001c28   0x08001c28   0x00000032   Code   RO         1524    .text.spi_i2s_flag_get  gd32e50x_spi.o
    0x08001c5a   0x08001c5a   0x00000002   PAD
    0x08001c5c   0x08001c5c   0x0000007a   Code   RO         1446    .text.spi_init      gd32e50x_spi.o
    0x08001cd6   0x08001cd6   0x00000002   PAD
    0x08001cd8   0x08001cd8   0x00000040   Code   RO            2    .text.strip_crlf    main.o
    0x08001d18   0x08001d18   0x00000192   Code   RO          136    .text.system_clock_180m_hxtal  system_gd32e50x.o
    0x08001eaa   0x08001eaa   0x00000002   PAD
    0x08001eac   0x08001eac   0x00000008   Code   RO          132    .text.system_clock_config  system_gd32e50x.o
    0x08001eb4   0x08001eb4   0x0000003c   Code   RO           71    .text.systick_config  systick.o
    0x08001ef0   0x08001ef0   0x00000188   Code   RO           10    .text.uart_dma_init  main.o
    0x08002078   0x08002078   0x0000005a   Code   RO            4    .text.uprintf       main.o
    0x080020d2   0x080020d2   0x00000002   PAD
    0x080020d4   0x080020d4   0x00000192   Code   RO         1713    .text.usart_baudrate_set  gd32e50x_usart.o
    0x08002266   0x08002266   0x00000002   PAD
    0x08002268   0x08002268   0x000000de   Code   RO         1711    .text.usart_deinit  gd32e50x_usart.o
    0x08002346   0x08002346   0x00000002   PAD
    0x08002348   0x08002348   0x00000068   Code   RO         1787    .text.usart_dma_receive_config  gd32e50x_usart.o
    0x080023b0   0x080023b0   0x00000068   Code   RO         1789    .text.usart_dma_transmit_config  gd32e50x_usart.o
    0x08002418   0x08002418   0x00000034   Code   RO         1721    .text.usart_enable  gd32e50x_usart.o
    0x0800244c   0x0800244c   0x0000002e   Code   RO         1793    .text.usart_hardware_flow_cts_config  gd32e50x_usart.o
    0x0800247a   0x0800247a   0x00000002   PAD
    0x0800247c   0x0800247c   0x0000002e   Code   RO         1791    .text.usart_hardware_flow_rts_config  gd32e50x_usart.o
    0x080024aa   0x080024aa   0x00000002   PAD
    0x080024ac   0x080024ac   0x00000038   Code   RO         1815    .text.usart_interrupt_enable  gd32e50x_usart.o
    0x080024e4   0x080024e4   0x0000002c   Code   RO         1821    .text.usart_interrupt_flag_clear  gd32e50x_usart.o
    0x08002510   0x08002510   0x0000006e   Code   RO         1819    .text.usart_interrupt_flag_get  gd32e50x_usart.o
    0x0800257e   0x0800257e   0x00000002   PAD
    0x08002580   0x08002580   0x00000060   Code   RO         1715    .text.usart_parity_config  gd32e50x_usart.o
    0x080025e0   0x080025e0   0x0000006a   Code   RO         1727    .text.usart_receive_config  gd32e50x_usart.o
    0x0800264a   0x0800264a   0x00000002   PAD
    0x0800264c   0x0800264c   0x00000060   Code   RO         1719    .text.usart_stop_bit_set  gd32e50x_usart.o
    0x080026ac   0x080026ac   0x0000006a   Code   RO         1725    .text.usart_transmit_config  gd32e50x_usart.o
    0x08002716   0x08002716   0x00000002   PAD
    0x08002718   0x08002718   0x00000060   Code   RO         1717    .text.usart_word_length_set  gd32e50x_usart.o
    0x08002778   0x08002778   0x0000002c   Code   RO         2060    i.__0vsnprintf      mc_w.l(printfa.o)
    0x080027a4   0x080027a4   0x0000000e   Code   RO         2130    i.__scatterload_copy  mc_w.l(handlers.o)
    0x080027b2   0x080027b2   0x00000002   Code   RO         2131    i.__scatterload_null  mc_w.l(handlers.o)
    0x080027b4   0x080027b4   0x0000000e   Code   RO         2132    i.__scatterload_zeroinit  mc_w.l(handlers.o)
    0x080027c2   0x080027c2   0x00000002   PAD
    0x080027c4   0x080027c4   0x00000184   Code   RO         2062    i._fp_digits        mc_w.l(printfa.o)
    0x08002948   0x08002948   0x000006dc   Code   RO         2063    i._printf_core      mc_w.l(printfa.o)
    0x08003024   0x08003024   0x00000024   Code   RO         2064    i._printf_post_padding  mc_w.l(printfa.o)
    0x08003048   0x08003048   0x0000002e   Code   RO         2065    i._printf_pre_padding  mc_w.l(printfa.o)
    0x08003076   0x08003076   0x00000016   Code   RO         2066    i._snputc           mc_w.l(printfa.o)
    0x0800308c   0x0800308c   0x00000028   Data   RO           31    .rodata.str1.1      main.o
    0x080030b4   0x080030b4   0x00000020   Data   RO         2129    Region$$Table       anon$$obj.o


    Execution Region RW_IRAM1 (Exec base: 0x20000000, Load base: 0x080030d8, Size: 0x00000f98, Max: 0x00020000, ABSOLUTE)

    Exec Addr    Load Addr    Size         Type   Attr      Idx    E Section Name        Object

    0x20000000   0x080030d8   0x00000004   Data   RW          138    .data.SystemCoreClock  system_gd32e50x.o
    0x20000004   0x080030dc   0x00000004   PAD
    0x20000008        -       0x00000004   Zero   RW           81    .bss.delay          systick.o
    0x2000000c        -       0x00000100   Zero   RW          119    .bss.flash_RX_buf   spi_dma_flash.o
    0x2000010c        -       0x00000100   Zero   RW          118    .bss.flash_TX_buf   spi_dma_flash.o
    0x2000020c        -       0x00000001   Zero   RW           34    .bss.s_dma_busy     main.o
    0x2000020d   0x080030dc   0x00000001   PAD
    0x2000020e        -       0x00000002   Zero   RW           33    .bss.s_dma_chunk_len  main.o
    0x20000210        -       0x00000100   Zero   RW           30    .bss.s_rx_buf       main.o
    0x20000310        -       0x00000800   Zero   RW           29    .bss.s_tx_buf       main.o
    0x20000b10        -       0x00000002   Zero   RW           36    .bss.s_tx_head      main.o
    0x20000b12        -       0x00000002   Zero   RW           32    .bss.s_tx_tail      main.o
    0x20000b14        -       0x00000080   Zero   RW           28    .bss.uprintf.tmp    main.o
    0x20000b94   0x080030dc   0x00000004   PAD
    0x20000b98        -       0x00000400   Zero   RW         2034    STACK               startup_gd32e50x_hd.o


==============================================================================

Image component sizes


      Code (inc. data)   RO Data    RW Data    ZI Data      Debug   Object Name

      1426          0          0          0          0       6904   gd32e50x_dma.o
       472          0          0          0          0       6227   gd32e50x_gpio.o
        40          0          0          0          0       1064   gd32e50x_it.o
       400          0          0          0          0       6117   gd32e50x_misc.o
       774          6          0          0          0      12171   gd32e50x_rcu.o
       240          0          0          0          0       8814   gd32e50x_spi.o
      1686          0          0          0          0      18309   gd32e50x_usart.o
      1510          0         40          0       2439       8095   main.o
       660          0          0          0        512       5657   spi_dma_flash.o
        36          8        416          0       1024       1024   startup_gd32e50x_hd.o
       646          0          0          4          0       3311   system_gd32e50x.o
       302          0          0          0          4       4980   systick.o

    ----------------------------------------------------------------------
      8260         14        488          4       3988      82673   Object Totals
         0          0         32          0          0          0   (incl. Generated)
        68          0          0          0          9          0   (incl. Padding)

    ----------------------------------------------------------------------

      Code (inc. data)   RO Data    RW Data    ZI Data      Debug   Library Member Name

         0          0          0          0          0          0   entry.o
         0          0          0          0          0          0   entry10a.o
         0          0          0          0          0          0   entry11a.o
         8          4          0          0          0          0   entry2.o
         4          0          0          0          0          0   entry5.o
         0          0          0          0          0          0   entry7b.o
         0          0          0          0          0          0   entry8b.o
         8          4          0          0          0          0   entry9a.o
        30          0          0          0          0          0   handlers.o
        36          8          0          0          0         68   init.o
         0          0          0          0          0          0   iusefp.o
        30          0          0          0          0         68   llshl.o
        36          0          0          0          0         68   llsshr.o
        32          0          0          0          0         68   llushr.o
        36          0          0          0          0         68   memcpya.o
      2292         84          0          0          0        516   printfa.o
        28          0          0          0          0         76   strcmp.o
        44          0          0          0          0         80   uidiv.o
        98          0          0          0          0         92   uldiv.o
        48          0          0          0          0         68   cdrcmple.o
       334          0          0          0          0        148   dadd.o
       222          0          0          0          0        100   ddiv.o
       186          0          0          0          0        176   depilogue.o
        48          0          0          0          0         68   dfixul.o
       228          0          0          0          0         96   dmul.o

    ----------------------------------------------------------------------
      3752        100          0          0          0       1760   Library Totals
         4          0          0          0          0          0   (incl. Padding)

    ----------------------------------------------------------------------

      Code (inc. data)   RO Data    RW Data    ZI Data      Debug   Library Name

      2682        100          0          0          0       1104   mc_w.l
      1066          0          0          0          0        656   mf_w.l

    ----------------------------------------------------------------------
      3752        100          0          0          0       1760   Library Totals

    ----------------------------------------------------------------------

==============================================================================


      Code (inc. data)   RO Data    RW Data    ZI Data      Debug   

     12012        114        488          4       3988      83541   Grand Totals
     12012        114        488          4       3988      83541   ELF Image Totals
     12012        114        488          4          0          0   ROM Totals

==============================================================================

    Total RO  Size (Code + RO Data)                12500 (  12.21kB)
    Total RW  Size (RW Data + ZI Data)              3992 (   3.90kB)
    Total ROM Size (Code + RO Data + RW Data)      12504 (  12.21kB)

==============================================================================

