Component: ARM Compiler 6.12 Tool: armlink [5d624300]

==============================================================================

Section Cross References

    main.o(.text.main) refers to systick.o(.text.systick_config) for systick_config
    main.o(.text.main) refers to main.o(.text.test_status_led_init) for test_status_led_init
    main.o(.text.main) refers to gd32e503z_eval.o(.text.gd_eval_com_init) for gd_eval_com_init
    main.o(.text.main) refers to gd25qxx.o(.text.spi_flash_init) for spi_flash_init
    main.o(.text.main) refers to main.o(.rodata.str1.1) for .L.str
    main.o(.text.main) refers to printfa.o(i.__0printf) for printf
    main.o(.text.main) refers to main.o(.text.get_chip_serial_num) for get_chip_serial_num
    main.o(.text.main) refers to main.o(.bss.int_device_serial) for int_device_serial
    main.o(.text.main) refers to gd25qxx.o(.text.spi_flash_read_id) for spi_flash_read_id
    main.o(.text.main) refers to main.o(.bss.flash_id) for flash_id
    main.o(.text.main) refers to main.o(.bss.i) for i
    main.o(.text.main) refers to main.o(.bss.tx_buffer) for tx_buffer
    main.o(.text.main) refers to gd25qxx.o(.text.spi_flash_sector_erase) for spi_flash_sector_erase
    main.o(.text.main) refers to gd25qxx.o(.text.spi_flash_buffer_write) for spi_flash_buffer_write
    main.o(.text.main) refers to systick.o(.text.delay_1ms) for delay_1ms
    main.o(.text.main) refers to main.o(.bss.rx_buffer) for rx_buffer
    main.o(.text.main) refers to gd25qxx.o(.text.spi_flash_buffer_read) for spi_flash_buffer_read
    main.o(.text.main) refers to main.o(.text.memory_compare) for memory_compare
    main.o(.text.main) refers to main.o(.bss.is_successful) for is_successful
    main.o(.text.main) refers to gd32e503z_eval.o(.text.gd_eval_led_off) for gd_eval_led_off
    main.o(.text.main) refers to main.o(.bss.count) for count
    main.o(.text.main) refers to main.o(.text.turn_on_led) for turn_on_led
    main.o(.ARM.exidx.text.main) refers to main.o(.text.main) for [Anonymous Symbol]
    main.o(.text.test_status_led_init) refers to gd32e503z_eval.o(.text.gd_eval_led_init) for gd_eval_led_init
    main.o(.text.test_status_led_init) refers to gd32e503z_eval.o(.text.gd_eval_led_off) for gd_eval_led_off
    main.o(.ARM.exidx.text.test_status_led_init) refers to main.o(.text.test_status_led_init) for [Anonymous Symbol]
    main.o(.text.get_chip_serial_num) refers to main.o(.bss.int_device_serial) for int_device_serial
    main.o(.ARM.exidx.text.get_chip_serial_num) refers to main.o(.text.get_chip_serial_num) for [Anonymous Symbol]
    main.o(.ARM.exidx.text.memory_compare) refers to main.o(.text.memory_compare) for [Anonymous Symbol]
    main.o(.text.turn_on_led) refers to gd32e503z_eval.o(.text.gd_eval_led_on) for gd_eval_led_on
    main.o(.ARM.exidx.text.turn_on_led) refers to main.o(.text.turn_on_led) for [Anonymous Symbol]
    main.o(.text.fputc) refers to gd32e50x_usart.o(.text.usart_data_transmit) for usart_data_transmit
    main.o(.text.fputc) refers to gd32e50x_usart.o(.text.usart_flag_get) for usart_flag_get
    main.o(.ARM.exidx.text.fputc) refers to main.o(.text.fputc) for [Anonymous Symbol]
    gd32e50x_it.o(.ARM.exidx.text.NMI_Handler) refers to gd32e50x_it.o(.text.NMI_Handler) for [Anonymous Symbol]
    gd32e50x_it.o(.ARM.exidx.text.HardFault_Handler) refers to gd32e50x_it.o(.text.HardFault_Handler) for [Anonymous Symbol]
    gd32e50x_it.o(.ARM.exidx.text.MemManage_Handler) refers to gd32e50x_it.o(.text.MemManage_Handler) for [Anonymous Symbol]
    gd32e50x_it.o(.ARM.exidx.text.BusFault_Handler) refers to gd32e50x_it.o(.text.BusFault_Handler) for [Anonymous Symbol]
    gd32e50x_it.o(.ARM.exidx.text.UsageFault_Handler) refers to gd32e50x_it.o(.text.UsageFault_Handler) for [Anonymous Symbol]
    gd32e50x_it.o(.ARM.exidx.text.SVC_Handler) refers to gd32e50x_it.o(.text.SVC_Handler) for [Anonymous Symbol]
    gd32e50x_it.o(.ARM.exidx.text.DebugMon_Handler) refers to gd32e50x_it.o(.text.DebugMon_Handler) for [Anonymous Symbol]
    gd32e50x_it.o(.ARM.exidx.text.PendSV_Handler) refers to gd32e50x_it.o(.text.PendSV_Handler) for [Anonymous Symbol]
    gd32e50x_it.o(.text.SysTick_Handler) refers to systick.o(.text.delay_decrement) for delay_decrement
    gd32e50x_it.o(.ARM.exidx.text.SysTick_Handler) refers to gd32e50x_it.o(.text.SysTick_Handler) for [Anonymous Symbol]
    systick.o(.text.systick_config) refers to system_gd32e50x.o(.data.SystemCoreClock) for SystemCoreClock
    systick.o(.text.systick_config) refers to systick.o(.text.SysTick_Config) for SysTick_Config
    systick.o(.text.systick_config) refers to systick.o(.text.__NVIC_SetPriority) for __NVIC_SetPriority
    systick.o(.ARM.exidx.text.systick_config) refers to systick.o(.text.systick_config) for [Anonymous Symbol]
    systick.o(.text.SysTick_Config) refers to systick.o(.text.__NVIC_SetPriority) for __NVIC_SetPriority
    systick.o(.ARM.exidx.text.SysTick_Config) refers to systick.o(.text.SysTick_Config) for [Anonymous Symbol]
[...]
    Removing gd32e50x_spi.o(.ARM.exidx.text.spi_quad_enable), (8 bytes).
    Removing gd32e50x_spi.o(.text.spi_quad_disable), (26 bytes).
    Removing gd32e50x_spi.o(.ARM.exidx.text.spi_quad_disable), (8 bytes).
    Removing gd32e50x_spi.o(.text.spi_quad_write_enable), (26 bytes).
    Removing gd32e50x_spi.o(.ARM.exidx.text.spi_quad_write_enable), (8 bytes).
    Removing gd32e50x_spi.o(.text.spi_quad_read_enable), (26 bytes).
    Removing gd32e50x_spi.o(.ARM.exidx.text.spi_quad_read_enable), (8 bytes).
    Removing gd32e50x_spi.o(.text.spi_quad_output_enable), (26 bytes).
    Removing gd32e50x_spi.o(.ARM.exidx.text.spi_quad_output_enable), (8 bytes).
    Removing gd32e50x_spi.o(.text.spi_quad_io23_output_disable), (26 bytes).
    Removing gd32e50x_spi.o(.ARM.exidx.text.spi_quad_io23_output_disable), (8 bytes).
    Removing gd32e50x_spi.o(.text.spi_i2s_interrupt_enable), (36 bytes).
    Removing gd32e50x_spi.o(.ARM.exidx.text.spi_i2s_interrupt_enable), (8 bytes).
    Removing gd32e50x_spi.o(.text.spi_i2s_interrupt_disable), (36 bytes).
    Removing gd32e50x_spi.o(.ARM.exidx.text.spi_i2s_interrupt_disable), (8 bytes).
    Removing gd32e50x_spi.o(.text.spi_i2s_interrupt_flag_get), (222 bytes).
    Removing gd32e50x_spi.o(.ARM.exidx.text.spi_i2s_interrupt_flag_get), (8 bytes).
    Removing gd32e50x_spi.o(.ARM.exidx.text.spi_i2s_flag_get), (8 bytes).
    Removing gd32e50x_sqpi.o(.text), (0 bytes).
    Removing gd32e50x_sqpi.o(.text.sqpi_deinit), (24 bytes).
    Removing gd32e50x_sqpi.o(.ARM.exidx.text.sqpi_deinit), (8 bytes).
    Removing gd32e50x_sqpi.o(.text.sqpi_struct_para_init), (46 bytes).
    Removing gd32e50x_sqpi.o(.ARM.exidx.text.sqpi_struct_para_init), (8 bytes).
    Removing gd32e50x_sqpi.o(.text.sqpi_init), (64 bytes).
    Removing gd32e50x_sqpi.o(.ARM.exidx.text.sqpi_init), (8 bytes).
    Removing gd32e50x_sqpi.o(.text.sqpi_read_id_command), (62 bytes).
    Removing gd32e50x_sqpi.o(.ARM.exidx.text.sqpi_read_id_command), (8 bytes).
    Removing gd32e50x_sqpi.o(.text.sqpi_special_command), (62 bytes).
    Removing gd32e50x_sqpi.o(.ARM.exidx.text.sqpi_special_command), (8 bytes).
    Removing gd32e50x_sqpi.o(.text.sqpi_read_command_config), (64 bytes).
    Removing gd32e50x_sqpi.o(.ARM.exidx.text.sqpi_read_command_config), (8 bytes).
    Removing gd32e50x_sqpi.o(.text.sqpi_write_command_config), (64 bytes).
    Removing gd32e50x_sqpi.o(.ARM.exidx.text.sqpi_write_command_config), (8 bytes).
    Removing gd32e50x_sqpi.o(.text.sqpi_low_id_receive), (24 bytes).
    Removing gd32e50x_sqpi.o(.ARM.exidx.text.sqpi_low_id_receive), (8 bytes).
    Removing gd32e50x_sqpi.o(.text.sqpi_high_id_receive), (24 bytes).
    Removing gd32e50x_sqpi.o(.ARM.exidx.text.sqpi_high_id_receive), (8 bytes).
    Removing gd32e50x_timer.o(.text), (0 bytes).
    Removing gd32e50x_timer.o(.text.timer_deinit), (494 bytes).
    Removing gd32e50x_timer.o(.ARM.exidx.text.timer_deinit), (8 bytes).
    Removing gd32e50x_timer.o(.text.timer_struct_para_init), (42 bytes).
    Removing gd32e50x_timer.o(.ARM.exidx.text.timer_struct_para_init), (8 bytes).
    Removing gd32e50x_timer.o(.text.timer_init), (280 bytes).
    Removing gd32e50x_timer.o(.ARM.exidx.text.timer_init), (8 bytes).
    Removing gd32e50x_timer.o(.text.timer_enable), (22 bytes).
    Removing gd32e50x_timer.o(.ARM.exidx.text.timer_enable), (8 bytes).
    Removing gd32e50x_timer.o(.text.timer_disable), (22 bytes).
    Removing gd32e50x_timer.o(.ARM.exidx.text.timer_disable), (8 bytes).
    Removing gd32e50x_timer.o(.text.timer_auto_reload_shadow_enable), (22 bytes).
    Removing gd32e50x_timer.o(.ARM.exidx.text.timer_auto_reload_shadow_enable), (8 bytes).
    Removing gd32e50x_timer.o(.text.timer_auto_reload_shadow_disable), (22 bytes).
    Removing gd32e50x_timer.o(.ARM.exidx.text.timer_auto_reload_shadow_disable), (8 bytes).
    Removing gd32e50x_timer.o(.text.timer_update_event_enable), (22 bytes).
    Removing gd32e50x_timer.o(.ARM.exidx.text.timer_update_event_enable), (8 bytes).
    Removing gd32e50x_timer.o(.text.timer_update_event_disable), (22 bytes).
    Removing gd32e50x_timer.o(.ARM.exidx.text.timer_update_event_disable), (8 bytes).
    Removing gd32e50x_timer.o(.text.timer_counter_alignment), (46 bytes).
    Removing gd32e50x_timer.o(.ARM.exidx.text.timer_counter_alignment), (8 bytes).
    Removing gd32e50x_timer.o(.text.timer_counter_up_direction), (22 bytes).
    Removing gd32e50x_timer.o(.ARM.exidx.text.timer_counter_up_direction), (8 bytes).
    Removing gd32e50x_timer.o(.text.timer_counter_down_direction), (22 bytes).
    Removing gd32e50x_timer.o(.ARM.exidx.text.timer_counter_down_direction), (8 bytes).
    Removing gd32e50x_timer.o(.text.timer_prescaler_config), (60 bytes).
    Removing gd32e50x_timer.o(.ARM.exidx.text.timer_prescaler_config), (8 bytes).
    Removing gd32e50x_timer.o(.text.timer_repetition_value_config), (28 bytes).
    Removing gd32e50x_timer.o(.ARM.exidx.text.timer_repetition_value_config), (8 bytes).
    Removing gd32e50x_timer.o(.text.timer_autoreload_value_config), (24 bytes).
    Removing gd32e50x_timer.o(.ARM.exidx.text.timer_autoreload_value_config), (8 bytes).
    Removing gd32e50x_timer.o(.text.timer_counter_value_config), (24 bytes).
    Removing gd32e50x_timer.o(.ARM.exidx.text.timer_counter_value_config), (8 bytes).
    Removing gd32e50x_timer.o(.text.timer_counter_read), (24 bytes).
    Removing gd32e50x_timer.o(.ARM.exidx.text.timer_counter_read), (8 bytes).
    Removing gd32e50x_timer.o(.text.timer_prescaler_read), (30 bytes).
    Removing gd32e50x_timer.o(.ARM.exidx.text.timer_prescaler_read), (8 bytes).
    Removing gd32e50x_timer.o(.text.timer_single_pulse_mode_config), (62 bytes).
    Removing gd32e50x_timer.o(.ARM.exidx.text.timer_single_pulse_mode_config), (8 bytes).
    Removing gd32e50x_timer.o(.text.timer_update_source_config), (62 bytes).
    Removing gd32e50x_timer.o(.ARM.exidx.text.timer_update_source_config), (8 bytes).
    Removing gd32e50x_timer.o(.text.timer_dma_enable), (36 bytes).
    Removing gd32e50x_timer.o(.ARM.exidx.text.timer_dma_enable), (8 bytes).
    Removing gd32e50x_timer.o(.text.timer_dma_disable), (36 bytes).
    Removing gd32e50x_timer.o(.ARM.exidx.text.timer_dma_disable), (8 bytes).
    Removing gd32e50x_timer.o(.text.timer_channel_dma_request_source_select), (62 bytes).
    Removing gd32e50x_timer.o(.ARM.exidx.text.timer_channel_dma_request_source_select), (8 bytes).
    Removing gd32e50x_timer.o(.text.timer_dma_transfer_config), (56 bytes).
    Removing gd32e50x_timer.o(.ARM.exidx.text.timer_dma_transfer_config), (8 bytes).
    Removing gd32e50x_timer.o(.text.timer_event_software_generate), (36 bytes).
    Removing gd32e50x_timer.o(.ARM.exidx.text.timer_event_software_generate), (8 bytes).
    Removing gd32e50x_timer.o(.text.timer_break_struct_para_init), (42 bytes).
    Removing gd32e50x_timer.o(.ARM.exidx.text.timer_break_struct_para_init), (8 bytes).
    Removing gd32e50x_timer.o(.text.timer_break_config), (70 bytes).
    Removing gd32e50x_timer.o(.ARM.exidx.text.timer_break_config), (8 bytes).
    Removing gd32e50x_timer.o(.text.timer_break_enable), (22 bytes).
    Removing gd32e50x_timer.o(.ARM.exidx.text.timer_break_enable), (8 bytes).
    Removing gd32e50x_timer.o(.text.timer_break_disable), (22 bytes).
    Removing gd32e50x_timer.o(.ARM.exidx.text.timer_break_disable), (8 bytes).
    Removing gd32e50x_timer.o(.text.timer_automatic_output_enable), (22 bytes).
    Removing gd32e50x_timer.o(.ARM.exidx.text.timer_automatic_output_enable), (8 bytes).
    Removing gd32e50x_timer.o(.text.timer_automatic_output_disable), (22 bytes).
    Removing gd32e50x_timer.o(.ARM.exidx.text.timer_automatic_output_disable), (8 bytes).
    Removing gd32e50x_timer.o(.text.timer_primary_output_config), (54 bytes).
    Removing gd32e50x_timer.o(.ARM.exidx.text.timer_primary_output_config), (8 bytes).
    Removing gd32e50x_timer.o(.text.timer_channel_control_shadow_config), (54 bytes).
    Removing gd32e50x_timer.o(.ARM.exidx.text.timer_channel_control_shadow_config), (8 bytes).
    Removing gd32e50x_timer.o(.text.timer_channel_control_shadow_update_config), (62 bytes).
    Removing gd32e50x_timer.o(.ARM.exidx.text.timer_channel_control_shadow_update_config), (8 bytes).
    Removing gd32e50x_timer.o(.text.timer_channel_output_struct_para_init), (38 bytes).
    Removing gd32e50x_timer.o(.ARM.exidx.text.timer_channel_output_struct_para_init), (8 bytes).
    Removing gd32e50x_timer.o(.text.timer_channel_output_config), (738 bytes).
    Removing gd32e50x_timer.o(.ARM.exidx.text.timer_channel_output_config), (8 bytes).
    Removing gd32e50x_timer.o(.text.timer_channel_output_mode_config), (158 bytes).
    Removing gd32e50x_timer.o(.ARM.exidx.text.timer_channel_output_mode_config), (8 bytes).
    Removing gd32e50x_timer.o(.text.timer_channel_output_pulse_value_config), (88 bytes).
    Removing gd32e50x_timer.o(.ARM.exidx.text.timer_channel_output_pulse_value_config), (8 bytes).
    Removing gd32e50x_timer.o(.text.timer_channel_output_shadow_config), (158 bytes).
    Removing gd32e50x_timer.o(.ARM.exidx.text.timer_channel_output_shadow_config), (8 bytes).
    Removing gd32e50x_timer.o(.text.timer_channel_output_fast_config), (158 bytes).
    Removing gd32e50x_timer.o(.ARM.exidx.text.timer_channel_output_fast_config), (8 bytes).
    Removing gd32e50x_timer.o(.text.timer_channel_output_clear_config), (158 bytes).
    Removing gd32e50x_timer.o(.ARM.exidx.text.timer_channel_output_clear_config), (8 bytes).
    Removing gd32e50x_timer.o(.text.timer_channel_output_polarity_config), (160 bytes).
    Removing gd32e50x_timer.o(.ARM.exidx.text.timer_channel_output_polarity_config), (8 bytes).
    Removing gd32e50x_timer.o(.text.timer_channel_complementary_output_polarity_config), (142 bytes).
    Removing gd32e50x_timer.o(.ARM.exidx.text.timer_channel_complementary_output_polarity_config), (8 bytes).
    Removing gd32e50x_timer.o(.text.timer_channel_output_state_config), (150 bytes).
    Removing gd32e50x_timer.o(.ARM.exidx.text.timer_channel_output_state_config), (8 bytes).
    Removing gd32e50x_timer.o(.text.timer_channel_complementary_output_state_config), (142 bytes).
    Removing gd32e50x_timer.o(.ARM.exidx.text.timer_channel_complementary_output_state_config), (8 bytes).
    Removing gd32e50x_timer.o(.text.timer_channel_input_struct_para_init), (32 bytes).
    Removing gd32e50x_timer.o(.ARM.exidx.text.timer_channel_input_struct_para_init), (8 bytes).
    Removing gd32e50x_timer.o(.text.timer_input_capture_config), (442 bytes).
    Removing gd32e50x_timer.o(.ARM.exidx.text.timer_input_capture_config), (8 bytes).
    Removing gd32e50x_timer.o(.text.timer_channel_input_capture_prescaler_config), (158 bytes).
    Removing gd32e50x_timer.o(.ARM.exidx.text.timer_channel_input_capture_prescaler_config), (8 bytes).
    Removing gd32e50x_timer.o(.text.timer_channel_capture_value_register_read), (82 bytes).
    Removing gd32e50x_timer.o(.ARM.exidx.text.timer_channel_capture_value_register_read), (8 bytes).
    Removing gd32e50x_timer.o(.text.timer_input_pwm_capture_config), (516 bytes).
    Removing gd32e50x_timer.o(.ARM.exidx.text.timer_input_pwm_capture_config), (8 bytes).
    Removing gd32e50x_timer.o(.text.timer_hall_mode_config), (62 bytes).
    Removing gd32e50x_timer.o(.ARM.exidx.text.timer_hall_mode_config), (8 bytes).
    Removing gd32e50x_timer.o(.text.timer_input_trigger_source_select), (42 bytes).
    Removing gd32e50x_timer.o(.ARM.exidx.text.timer_input_trigger_source_select), (8 bytes).
    Removing gd32e50x_timer.o(.text.timer_master_output_trigger_source_select), (42 bytes).
    Removing gd32e50x_timer.o(.ARM.exidx.text.timer_master_output_trigger_source_select), (8 bytes).
    Removing gd32e50x_timer.o(.text.timer_slave_mode_select), (42 bytes).
    Removing gd32e50x_timer.o(.ARM.exidx.text.timer_slave_mode_select), (8 bytes).
    Removing gd32e50x_timer.o(.text.timer_master_slave_mode_config), (62 bytes).
    Removing gd32e50x_timer.o(.ARM.exidx.text.timer_master_slave_mode_config), (8 bytes).
    Removing gd32e50x_timer.o(.text.timer_external_trigger_config), (72 bytes).
    Removing gd32e50x_timer.o(.ARM.exidx.text.timer_external_trigger_config), (8 bytes).
    Removing gd32e50x_timer.o(.text.timer_quadrature_decoder_mode_config), (124 bytes).
    Removing gd32e50x_timer.o(.ARM.exidx.text.timer_quadrature_decoder_mode_config), (8 bytes).
    Removing gd32e50x_timer.o(.text.timer_internal_clock_config), (22 bytes).
    Removing gd32e50x_timer.o(.ARM.exidx.text.timer_internal_clock_config), (8 bytes).
    Removing gd32e50x_timer.o(.text.timer_internal_trigger_as_external_clock_config), (48 bytes).
    Removing gd32e50x_timer.o(.ARM.exidx.text.timer_internal_trigger_as_external_clock_config), (8 bytes).
    Removing gd32e50x_timer.o(.text.timer_external_trigger_as_external_clock_config), (248 bytes).
    Removing gd32e50x_timer.o(.ARM.exidx.text.timer_external_trigger_as_external_clock_config), (8 bytes).
    Removing gd32e50x_timer.o(.text.timer_external_clock_mode0_config), (68 bytes).
    Removing gd32e50x_timer.o(.ARM.exidx.text.timer_external_clock_mode0_config), (8 bytes).
    Removing gd32e50x_timer.o(.text.timer_external_clock_mode1_config), (58 bytes).
    Removing gd32e50x_timer.o(.ARM.exidx.text.timer_external_clock_mode1_config), (8 bytes).
    Removing gd32e50x_timer.o(.text.timer_external_clock_mode1_disable), (22 bytes).
    Removing gd32e50x_timer.o(.ARM.exidx.text.timer_external_clock_mode1_disable), (8 bytes).
    Removing gd32e50x_timer.o(.text.timer_write_chxval_register_config), (76 bytes).
    Removing gd32e50x_timer.o(.ARM.exidx.text.timer_write_chxval_register_config), (8 bytes).
    Removing gd32e50x_timer.o(.text.timer_output_value_selection_config), (76 bytes).
    Removing gd32e50x_timer.o(.ARM.exidx.text.timer_output_value_selection_config), (8 bytes).
    Removing gd32e50x_timer.o(.text.timer_flag_get), (50 bytes).
    Removing gd32e50x_timer.o(.ARM.exidx.text.timer_flag_get), (8 bytes).
    Removing gd32e50x_timer.o(.text.timer_flag_clear), (26 bytes).
    Removing gd32e50x_timer.o(.ARM.exidx.text.timer_flag_clear), (8 bytes).
    Removing gd32e50x_timer.o(.text.timer_interrupt_enable), (32 bytes).
    Removing gd32e50x_timer.o(.ARM.exidx.text.timer_interrupt_enable), (8 bytes).
    Removing gd32e50x_timer.o(.text.timer_interrupt_disable), (32 bytes).
    Removing gd32e50x_timer.o(.ARM.exidx.text.timer_interrupt_disable), (8 bytes).
    Removing gd32e50x_timer.o(.text.timer_interrupt_flag_get), (68 bytes).
    Removing gd32e50x_timer.o(.ARM.exidx.text.timer_interrupt_flag_get), (8 bytes).
    Removing gd32e50x_timer.o(.text.timer_interrupt_flag_clear), (26 bytes).
    Removing gd32e50x_timer.o(.ARM.exidx.text.timer_interrupt_flag_clear), (8 bytes).
    Removing gd32e50x_tmu.o(.text), (0 bytes).
    Removing gd32e50x_usart.o(.text), (0 bytes).
    Removing gd32e50x_usart.o(.ARM.exidx.text.usart_deinit), (8 bytes).
    Removing gd32e50x_usart.o(.ARM.exidx.text.usart_baudrate_set), (8 bytes).
    Removing gd32e50x_usart.o(.text.usart_parity_config), (96 bytes).
    Removing gd32e50x_usart.o(.ARM.exidx.text.usart_parity_config), (8 bytes).
    Removing gd32e50x_usart.o(.text.usart_word_length_set), (96 bytes).
    Removing gd32e50x_usart.o(.ARM.exidx.text.usart_word_length_set), (8 bytes).
    Removing gd32e50x_usart.o(.text.usart_stop_bit_set), (96 bytes).
    Removing gd32e50x_usart.o(.ARM.exidx.text.usart_stop_bit_set), (8 bytes).
    Removing gd32e50x_usart.o(.ARM.exidx.text.usart_enable), (8 bytes).
    Removing gd32e50x_usart.o(.text.usart_disable), (52 bytes).
    Removing gd32e50x_usart.o(.ARM.exidx.text.usart_disable), (8 bytes).
    Removing gd32e50x_usart.o(.ARM.exidx.text.usart_transmit_config), (8 bytes).
    Removing gd32e50x_usart.o(.ARM.exidx.text.usart_receive_config), (8 bytes).
    Removing gd32e50x_usart.o(.text.usart_oversample_config), (96 bytes).
    Removing gd32e50x_usart.o(.ARM.exidx.text.usart_oversample_config), (8 bytes).
    Removing gd32e50x_usart.o(.text.usart_sample_bit_config), (96 bytes).
    Removing gd32e50x_usart.o(.ARM.exidx.text.usart_sample_bit_config), (8 bytes).
    Removing gd32e50x_usart.o(.text.usart_receiver_timeout_enable), (56 bytes).
    Removing gd32e50x_usart.o(.ARM.exidx.text.usart_receiver_timeout_enable), (8 bytes).
    Removing gd32e50x_usart.o(.text.usart_receiver_timeout_disable), (56 bytes).
    Removing gd32e50x_usart.o(.ARM.exidx.text.usart_receiver_timeout_disable), (8 bytes).
    Removing gd32e50x_usart.o(.text.usart_receiver_timeout_threshold_config), (94 bytes).
    Removing gd32e50x_usart.o(.ARM.exidx.text.usart_receiver_timeout_threshold_config), (8 bytes).
    Removing gd32e50x_usart.o(.ARM.exidx.text.usart_data_transmit), (8 bytes).
    Removing gd32e50x_usart.o(.text.usart_data_receive), (60 bytes).
    Removing gd32e50x_usart.o(.ARM.exidx.text.usart_data_receive), (8 bytes).
    Removing gd32e50x_usart.o(.text.usart_mute_mode_enable), (52 bytes).
    Removing gd32e50x_usart.o(.ARM.exidx.text.usart_mute_mode_enable), (8 bytes).
    Removing gd32e50x_usart.o(.text.usart_mute_mode_disable), (52 bytes).
    Removing gd32e50x_usart.o(.ARM.exidx.text.usart_mute_mode_disable), (8 bytes).
    Removing gd32e50x_usart.o(.text.usart_mute_mode_wakeup_config), (96 bytes).
    Removing gd32e50x_usart.o(.ARM.exidx.text.usart_mute_mode_wakeup_config), (8 bytes).
    Removing gd32e50x_usart.o(.text.usart_lin_mode_enable), (62 bytes).
    Removing gd32e50x_usart.o(.ARM.exidx.text.usart_lin_mode_enable), (8 bytes).
    Removing gd32e50x_usart.o(.text.usart_lin_mode_disable), (62 bytes).
    Removing gd32e50x_usart.o(.ARM.exidx.text.usart_lin_mode_disable), (8 bytes).
    Removing gd32e50x_usart.o(.text.usart_lin_break_detection_length_config), (96 bytes).
    Removing gd32e50x_usart.o(.ARM.exidx.text.usart_lin_break_detection_length_config), (8 bytes).
    Removing gd32e50x_usart.o(.text.usart_halfduplex_enable), (62 bytes).
    Removing gd32e50x_usart.o(.ARM.exidx.text.usart_halfduplex_enable), (8 bytes).
    Removing gd32e50x_usart.o(.text.usart_halfduplex_disable), (62 bytes).
    Removing gd32e50x_usart.o(.ARM.exidx.text.usart_halfduplex_disable), (8 bytes).
    Removing gd32e50x_usart.o(.text.usart_synchronous_clock_enable), (62 bytes).
    Removing gd32e50x_usart.o(.ARM.exidx.text.usart_synchronous_clock_enable), (8 bytes).
    Removing gd32e50x_usart.o(.text.usart_synchronous_clock_disable), (62 bytes).
    Removing gd32e50x_usart.o(.ARM.exidx.text.usart_synchronous_clock_disable), (8 bytes).
    Removing gd32e50x_usart.o(.text.usart_synchronous_clock_config), (146 bytes).
    Removing gd32e50x_usart.o(.ARM.exidx.text.usart_synchronous_clock_config), (8 bytes).
    Removing gd32e50x_usart.o(.text.usart_guard_time_config), (98 bytes).
    Removing gd32e50x_usart.o(.ARM.exidx.text.usart_guard_time_config), (8 bytes).
    Removing gd32e50x_usart.o(.text.usart_smartcard_mode_enable), (62 bytes).
    Removing gd32e50x_usart.o(.ARM.exidx.text.usart_smartcard_mode_enable), (8 bytes).
    Removing gd32e50x_usart.o(.text.usart_smartcard_mode_disable), (62 bytes).
    Removing gd32e50x_usart.o(.ARM.exidx.text.usart_smartcard_mode_disable), (8 bytes).
    Removing gd32e50x_usart.o(.text.usart_smartcard_mode_nack_enable), (62 bytes).
    Removing gd32e50x_usart.o(.ARM.exidx.text.usart_smartcard_mode_nack_enable), (8 bytes).
    Removing gd32e50x_usart.o(.text.usart_smartcard_mode_nack_disable), (62 bytes).
    Removing gd32e50x_usart.o(.ARM.exidx.text.usart_smartcard_mode_nack_disable), (8 bytes).
    Removing gd32e50x_usart.o(.text.usart_smartcard_autoretry_config), (114 bytes).
    Removing gd32e50x_usart.o(.ARM.exidx.text.usart_smartcard_autoretry_config), (8 bytes).
    Removing gd32e50x_usart.o(.text.usart_block_length_config), (96 bytes).
    Removing gd32e50x_usart.o(.ARM.exidx.text.usart_block_length_config), (8 bytes).
    Removing gd32e50x_usart.o(.text.usart_irda_mode_enable), (62 bytes).
    Removing gd32e50x_usart.o(.ARM.exidx.text.usart_irda_mode_enable), (8 bytes).
    Removing gd32e50x_usart.o(.text.usart_irda_mode_disable), (62 bytes).
    Removing gd32e50x_usart.o(.ARM.exidx.text.usart_irda_mode_disable), (8 bytes).
    Removing gd32e50x_usart.o(.text.usart_prescaler_config), (94 bytes).
    Removing gd32e50x_usart.o(.ARM.exidx.text.usart_prescaler_config), (8 bytes).
    Removing gd32e50x_usart.o(.text.usart_irda_lowpower_config), (96 bytes).
    Removing gd32e50x_usart.o(.ARM.exidx.text.usart_irda_lowpower_config), (8 bytes).
    Removing gd32e50x_usart.o(.text.usart_dma_receive_config), (104 bytes).
    Removing gd32e50x_usart.o(.ARM.exidx.text.usart_dma_receive_config), (8 bytes).
    Removing gd32e50x_usart.o(.text.usart_dma_transmit_config), (104 bytes).
    Removing gd32e50x_usart.o(.ARM.exidx.text.usart_dma_transmit_config), (8 bytes).
    Removing gd32e50x_usart.o(.text.usart_hardware_flow_rts_config), (46 bytes).
    Removing gd32e50x_usart.o(.ARM.exidx.text.usart_hardware_flow_rts_config), (8 bytes).
    Removing gd32e50x_usart.o(.text.usart_hardware_flow_cts_config), (46 bytes).
    Removing gd32e50x_usart.o(.ARM.exidx.text.usart_hardware_flow_cts_config), (8 bytes).
    Removing gd32e50x_usart.o(.text.usart_data_first_config), (58 bytes).
    Removing gd32e50x_usart.o(.ARM.exidx.text.usart_data_first_config), (8 bytes).
    Removing gd32e50x_usart.o(.text.usart_invert_config), (142 bytes).
    Removing gd32e50x_usart.o(.ARM.exidx.text.usart_invert_config), (8 bytes).
    Removing gd32e50x_usart.o(.text.usart_address_config), (50 bytes).
    Removing gd32e50x_usart.o(.ARM.exidx.text.usart_address_config), (8 bytes).
    Removing gd32e50x_usart.o(.text.usart_send_break), (22 bytes).
    Removing gd32e50x_usart.o(.ARM.exidx.text.usart_send_break), (8 bytes).
    Removing gd32e50x_usart.o(.text.usart_collision_detected_interrupt_enable), (26 bytes).
    Removing gd32e50x_usart.o(.ARM.exidx.text.usart_collision_detected_interrupt_enable), (8 bytes).
    Removing gd32e50x_usart.o(.text.usart_collision_detected_interrupt_disable), (26 bytes).
    Removing gd32e50x_usart.o(.ARM.exidx.text.usart_collision_detected_interrupt_disable), (8 bytes).
    Removing gd32e50x_usart.o(.text.usart_collision_detection_enable), (26 bytes).
    Removing gd32e50x_usart.o(.ARM.exidx.text.usart_collision_detection_enable), (8 bytes).
    Removing gd32e50x_usart.o(.text.usart_collision_detection_disable), (26 bytes).
    Removing gd32e50x_usart.o(.ARM.exidx.text.usart_collision_detection_disable), (8 bytes).
    Removing gd32e50x_usart.o(.ARM.exidx.text.usart_flag_get), (8 bytes).
    Removing gd32e50x_usart.o(.text.usart_flag_clear), (86 bytes).
    Removing gd32e50x_usart.o(.ARM.exidx.text.usart_flag_clear), (8 bytes).
    Removing gd32e50x_usart.o(.text.usart_interrupt_enable), (56 bytes).
    Removing gd32e50x_usart.o(.ARM.exidx.text.usart_interrupt_enable), (8 bytes).
    Removing gd32e50x_usart.o(.text.usart_interrupt_disable), (56 bytes).
    Removing gd32e50x_usart.o(.ARM.exidx.text.usart_interrupt_disable), (8 bytes).
    Removing gd32e50x_usart.o(.text.usart_interrupt_flag_get), (110 bytes).
    Removing gd32e50x_usart.o(.ARM.exidx.text.usart_interrupt_flag_get), (8 bytes).
    Removing gd32e50x_usart.o(.text.usart_interrupt_flag_clear), (44 bytes).
    Removing gd32e50x_usart.o(.ARM.exidx.text.usart_interrupt_flag_clear), (8 bytes).
    Removing gd32e50x_usart.o(.text.usart5_data_first_config), (64 bytes).
    Removing gd32e50x_usart.o(.ARM.exidx.text.usart5_data_first_config), (8 bytes).
    Removing gd32e50x_usart.o(.text.usart5_invert_config), (144 bytes).
    Removing gd32e50x_usart.o(.ARM.exidx.text.usart5_invert_config), (8 bytes).
    Removing gd32e50x_usart.o(.text.usart5_overrun_enable), (32 bytes).
    Removing gd32e50x_usart.o(.ARM.exidx.text.usart5_overrun_enable), (8 bytes).
    Removing gd32e50x_usart.o(.text.usart5_overrun_disable), (32 bytes).
    Removing gd32e50x_usart.o(.ARM.exidx.text.usart5_overrun_disable), (8 bytes).
    Removing gd32e50x_usart.o(.text.usart5_address_config), (56 bytes).
    Removing gd32e50x_usart.o(.ARM.exidx.text.usart5_address_config), (8 bytes).
    Removing gd32e50x_usart.o(.text.usart5_address_detection_mode_config), (56 bytes).
    Removing gd32e50x_usart.o(.ARM.exidx.text.usart5_address_detection_mode_config), (8 bytes).
    Removing gd32e50x_usart.o(.text.usart5_smartcard_mode_early_nack_enable), (26 bytes).
    Removing gd32e50x_usart.o(.ARM.exidx.text.usart5_smartcard_mode_early_nack_enable), (8 bytes).
    Removing gd32e50x_usart.o(.text.usart5_smartcard_mode_early_nack_disable), (26 bytes).
    Removing gd32e50x_usart.o(.ARM.exidx.text.usart5_smartcard_mode_early_nack_disable), (8 bytes).
    Removing gd32e50x_usart.o(.text.usart5_reception_error_dma_enable), (32 bytes).
    Removing gd32e50x_usart.o(.ARM.exidx.text.usart5_reception_error_dma_enable), (8 bytes).
    Removing gd32e50x_usart.o(.text.usart5_reception_error_dma_disable), (32 bytes).
    Removing gd32e50x_usart.o(.ARM.exidx.text.usart5_reception_error_dma_disable), (8 bytes).
    Removing gd32e50x_usart.o(.text.usart5_wakeup_enable), (22 bytes).
    Removing gd32e50x_usart.o(.ARM.exidx.text.usart5_wakeup_enable), (8 bytes).
    Removing gd32e50x_usart.o(.text.usart5_wakeup_disable), (22 bytes).
    Removing gd32e50x_usart.o(.ARM.exidx.text.usart5_wakeup_disable), (8 bytes).
    Removing gd32e50x_usart.o(.text.usart5_wakeup_mode_config), (56 bytes).
    Removing gd32e50x_usart.o(.ARM.exidx.text.usart5_wakeup_mode_config), (8 bytes).
    Removing gd32e50x_usart.o(.text.usart5_receive_fifo_enable), (26 bytes).
    Removing gd32e50x_usart.o(.ARM.exidx.text.usart5_receive_fifo_enable), (8 bytes).
    Removing gd32e50x_usart.o(.text.usart5_receive_fifo_disable), (26 bytes).
    Removing gd32e50x_usart.o(.ARM.exidx.text.usart5_receive_fifo_disable), (8 bytes).
    Removing gd32e50x_usart.o(.text.usart5_receive_fifo_counter_number), (22 bytes).
    Removing gd32e50x_usart.o(.ARM.exidx.text.usart5_receive_fifo_counter_number), (8 bytes).
    Removing gd32e50x_usart.o(.text.usart5_flag_get), (72 bytes).
    Removing gd32e50x_usart.o(.ARM.exidx.text.usart5_flag_get), (8 bytes).
    Removing gd32e50x_usart.o(.text.usart5_flag_clear), (46 bytes).
    Removing gd32e50x_usart.o(.ARM.exidx.text.usart5_flag_clear), (8 bytes).
    Removing gd32e50x_usart.o(.text.usart5_interrupt_enable), (56 bytes).
    Removing gd32e50x_usart.o(.ARM.exidx.text.usart5_interrupt_enable), (8 bytes).
    Removing gd32e50x_usart.o(.text.usart5_interrupt_disable), (56 bytes).
    Removing gd32e50x_usart.o(.ARM.exidx.text.usart5_interrupt_disable), (8 bytes).
    Removing gd32e50x_usart.o(.text.usart5_command_enable), (32 bytes).
    Removing gd32e50x_usart.o(.ARM.exidx.text.usart5_command_enable), (8 bytes).
    Removing gd32e50x_usart.o(.text.usart5_interrupt_flag_get), (110 bytes).
    Removing gd32e50x_usart.o(.ARM.exidx.text.usart5_interrupt_flag_get), (8 bytes).
    Removing gd32e50x_usart.o(.text.usart5_interrupt_flag_clear), (72 bytes).
    Removing gd32e50x_usart.o(.ARM.exidx.text.usart5_interrupt_flag_clear), (8 bytes).
    Removing gd32e50x_wwdgt.o(.text), (0 bytes).
    Removing gd32e50x_wwdgt.o(.text.wwdgt_deinit), (24 bytes).
    Removing gd32e50x_wwdgt.o(.ARM.exidx.text.wwdgt_deinit), (8 bytes).
    Removing gd32e50x_wwdgt.o(.text.wwdgt_enable), (18 bytes).
    Removing gd32e50x_wwdgt.o(.ARM.exidx.text.wwdgt_enable), (8 bytes).
    Removing gd32e50x_wwdgt.o(.text.wwdgt_counter_update), (32 bytes).
    Removing gd32e50x_wwdgt.o(.ARM.exidx.text.wwdgt_counter_update), (8 bytes).
    Removing gd32e50x_wwdgt.o(.text.wwdgt_config), (74 bytes).
    Removing gd32e50x_wwdgt.o(.ARM.exidx.text.wwdgt_config), (8 bytes).
    Removing gd32e50x_wwdgt.o(.text.wwdgt_flag_get), (44 bytes).
    Removing gd32e50x_wwdgt.o(.ARM.exidx.text.wwdgt_flag_get), (8 bytes).
    Removing gd32e50x_wwdgt.o(.text.wwdgt_flag_clear), (14 bytes).
    Removing gd32e50x_wwdgt.o(.ARM.exidx.text.wwdgt_flag_clear), (8 bytes).
    Removing gd32e50x_wwdgt.o(.text.wwdgt_interrupt_enable), (18 bytes).
    Removing gd32e50x_wwdgt.o(.ARM.exidx.text.wwdgt_interrupt_enable), (8 bytes).
    Removing gd32e50x_can.o(.text), (0 bytes).
    Removing gd32e50x_can.o(.text.can_deinit), (86 bytes).
    Removing gd32e50x_can.o(.ARM.exidx.text.can_deinit), (8 bytes).
    Removing gd32e50x_can.o(.text.can_struct_para_init), (318 bytes).
    Removing gd32e50x_can.o(.ARM.exidx.text.can_struct_para_init), (8 bytes).
    Removing gd32e50x_can.o(.text.can_init), (464 bytes).
    Removing gd32e50x_can.o(.ARM.exidx.text.can_init), (8 bytes).
    Removing gd32e50x_can.o(.text.can_filter_init), (362 bytes).
    Removing gd32e50x_can.o(.ARM.exidx.text.can_filter_init), (8 bytes).
    Removing gd32e50x_can.o(.text.can_filter_mask_mode_init), (306 bytes).
    Removing gd32e50x_can.o(.ARM.exidx.text.can_filter_mask_mode_init), (8 bytes).
    Removing gd32e50x_can.o(.text.can_monitor_mode_set), (264 bytes).
    Removing gd32e50x_can.o(.ARM.exidx.text.can_monitor_mode_set), (8 bytes).
    Removing gd32e50x_can.o(.text.can1_filter_start_bank), (62 bytes).
    Removing gd32e50x_can.o(.ARM.exidx.text.can1_filter_start_bank), (8 bytes).
    Removing gd32e50x_can.o(.text.can_debug_freeze_enable), (80 bytes).
    Removing gd32e50x_can.o(.ARM.exidx.text.can_debug_freeze_enable), (8 bytes).
    Removing gd32e50x_can.o(.text.can_debug_freeze_disable), (80 bytes).
    Removing gd32e50x_can.o(.ARM.exidx.text.can_debug_freeze_disable), (8 bytes).
    Removing gd32e50x_can.o(.text.can_time_trigger_mode_enable), (76 bytes).
    Removing gd32e50x_can.o(.ARM.exidx.text.can_time_trigger_mode_enable), (8 bytes).
    Removing gd32e50x_can.o(.text.can_time_trigger_mode_disable), (76 bytes).
    Removing gd32e50x_can.o(.ARM.exidx.text.can_time_trigger_mode_disable), (8 bytes).
    Removing gd32e50x_can.o(.text.can_message_transmit), (336 bytes).
    Removing gd32e50x_can.o(.ARM.exidx.text.can_message_transmit), (8 bytes).
    Removing gd32e50x_can.o(.text.can_transmit_states), (212 bytes).
    Removing gd32e50x_can.o(.ARM.exidx.text.can_transmit_states), (8 bytes).
    Removing gd32e50x_can.o(.text.can_transmission_stop), (140 bytes).
    Removing gd32e50x_can.o(.ARM.exidx.text.can_transmission_stop), (8 bytes).
    Removing gd32e50x_can.o(.text.can_message_receive), (362 bytes).
    Removing gd32e50x_can.o(.ARM.exidx.text.can_message_receive), (8 bytes).
    Removing gd32e50x_can.o(.text.can_fifo_release), (80 bytes).
    Removing gd32e50x_can.o(.ARM.exidx.text.can_fifo_release), (8 bytes).
    Removing gd32e50x_can.o(.text.can_receive_message_length_get), (82 bytes).
    Removing gd32e50x_can.o(.ARM.exidx.text.can_receive_message_length_get), (8 bytes).
    Removing gd32e50x_can.o(.text.can_working_mode_set), (366 bytes).
    Removing gd32e50x_can.o(.ARM.exidx.text.can_working_mode_set), (8 bytes).
    Removing gd32e50x_can.o(.text.can_wakeup), (114 bytes).
    Removing gd32e50x_can.o(.ARM.exidx.text.can_wakeup), (8 bytes).
    Removing gd32e50x_can.o(.text.can_error_get), (34 bytes).
    Removing gd32e50x_can.o(.ARM.exidx.text.can_error_get), (8 bytes).
    Removing gd32e50x_can.o(.text.can_receive_error_number_get), (26 bytes).
    Removing gd32e50x_can.o(.ARM.exidx.text.can_receive_error_number_get), (8 bytes).
    Removing gd32e50x_can.o(.text.can_transmit_error_number_get), (26 bytes).
    Removing gd32e50x_can.o(.ARM.exidx.text.can_transmit_error_number_get), (8 bytes).
    Removing gd32e50x_can.o(.text.can_interrupt_enable), (32 bytes).
    Removing gd32e50x_can.o(.ARM.exidx.text.can_interrupt_enable), (8 bytes).
    Removing gd32e50x_can.o(.text.can_interrupt_disable), (32 bytes).
    Removing gd32e50x_can.o(.ARM.exidx.text.can_interrupt_disable), (8 bytes).
    Removing gd32e50x_can.o(.text.can_flag_get), (72 bytes).
    Removing gd32e50x_can.o(.ARM.exidx.text.can_flag_get), (8 bytes).
    Removing gd32e50x_can.o(.text.can_flag_clear), (56 bytes).
    Removing gd32e50x_can.o(.ARM.exidx.text.can_flag_clear), (8 bytes).
    Removing gd32e50x_can.o(.text.can_interrupt_flag_get), (188 bytes).
    Removing gd32e50x_can.o(.ARM.exidx.text.can_interrupt_flag_get), (8 bytes).
    Removing gd32e50x_can.o(.text.can_interrupt_flag_clear), (52 bytes).
    Removing gd32e50x_can.o(.ARM.exidx.text.can_interrupt_flag_clear), (8 bytes).
    Removing gd32e50x_can.o(.rodata.g_can_fdlength_table), (7 bytes).
    Removing gd32e503z_eval.o(.text), (0 bytes).
    Removing gd32e503z_eval.o(.ARM.exidx.text.gd_eval_led_init), (8 bytes).
    Removing gd32e503z_eval.o(.ARM.exidx.text.gd_eval_led_on), (8 bytes).
    Removing gd32e503z_eval.o(.ARM.exidx.text.gd_eval_led_off), (8 bytes).
    Removing gd32e503z_eval.o(.text.gd_eval_led_toggle), (72 bytes).
    Removing gd32e503z_eval.o(.ARM.exidx.text.gd_eval_led_toggle), (8 bytes).
    Removing gd32e503z_eval.o(.text.gd_eval_key_init), (208 bytes).
    Removing gd32e503z_eval.o(.ARM.exidx.text.gd_eval_key_init), (8 bytes).
    Removing gd32e503z_eval.o(.text.gd_eval_key_state_get), (56 bytes).
    Removing gd32e503z_eval.o(.ARM.exidx.text.gd_eval_key_state_get), (8 bytes).
    Removing gd32e503z_eval.o(.ARM.exidx.text.gd_eval_com_init), (8 bytes).
    Removing gd32e503z_eval.o(.data.KEY_CLK), (10 bytes).
    Removing gd32e503z_eval.o(.data.KEY_PORT), (20 bytes).
    Removing gd32e503z_eval.o(.data.KEY_PIN), (20 bytes).
    Removing gd32e503z_eval.o(.data.KEY_IRQn), (5 bytes).
    Removing gd32e503z_eval.o(.data.KEY_PORT_SOURCE), (5 bytes).
    Removing gd32e503z_eval.o(.data.KEY_PIN_SOURCE), (5 bytes).
    Removing gd32e503z_eval.o(.data.KEY_EXTI_LINE), (20 bytes).
    Removing gd25qxx.o(.text), (0 bytes).
    Removing gd25qxx.o(.ARM.exidx.text.spi_flash_init), (8 bytes).
    Removing gd25qxx.o(.ARM.exidx.text.spi_flash_sector_erase), (8 bytes).
    Removing gd25qxx.o(.ARM.exidx.text.spi_flash_write_enable), (8 bytes).
    Removing gd25qxx.o(.ARM.exidx.text.spi_flash_send_byte), (8 bytes).
    Removing gd25qxx.o(.ARM.exidx.text.spi_flash_wait_for_write_end), (8 bytes).
    Removing gd25qxx.o(.text.spi_flash_bulk_erase), (58 bytes).
    Removing gd25qxx.o(.ARM.exidx.text.spi_flash_bulk_erase), (8 bytes).
    Removing gd25qxx.o(.ARM.exidx.text.spi_flash_page_write), (8 bytes).
    Removing gd25qxx.o(.ARM.exidx.text.spi_flash_buffer_write), (8 bytes).
    Removing gd25qxx.o(.ARM.exidx.text.spi_flash_buffer_read), (8 bytes).
    Removing gd25qxx.o(.ARM.exidx.text.spi_flash_read_id), (8 bytes).
    Removing gd25qxx.o(.text.spi_flash_start_read_sequence), (74 bytes).
    Removing gd25qxx.o(.ARM.exidx.text.spi_flash_start_read_sequence), (8 bytes).
    Removing gd25qxx.o(.text.spi_flash_read_byte), (10 bytes).
    Removing gd25qxx.o(.ARM.exidx.text.spi_flash_read_byte), (8 bytes).
    Removing gd25qxx.o(.text.spi_flash_send_halfword), (92 bytes).
    Removing gd25qxx.o(.ARM.exidx.text.spi_flash_send_halfword), (8 bytes).
    Removing startup_gd32e50x_hd.o(HEAP), (1024 bytes).

1687 unused section(s) (total 66302 bytes) removed from the image.

==============================================================================

Image Symbol Table

    Local Symbols

    Symbol Name                              Value     Ov Type        Size  Object(Section)

    ../clib/microlib/division.c              0x00000000   Number         0  uidiv.o ABSOLUTE
    ../clib/microlib/division.c              0x00000000   Number         0  uldiv.o ABSOLUTE
    ../clib/microlib/init/entry.s            0x00000000   Number         0  entry.o ABSOLUTE
    ../clib/microlib/init/entry.s            0x00000000   Number         0  entry2.o ABSOLUTE
    ../clib/microlib/init/entry.s            0x00000000   Number         0  entry5.o ABSOLUTE
    ../clib/microlib/init/entry.s            0x00000000   Number         0  entry7a.o ABSOLUTE
    ../clib/microlib/init/entry.s            0x00000000   Number         0  entry7b.o ABSOLUTE
    ../clib/microlib/init/entry.s            0x00000000   Number         0  entry8a.o ABSOLUTE
    ../clib/microlib/init/entry.s            0x00000000   Number         0  entry8b.o ABSOLUTE
    ../clib/microlib/init/entry.s            0x00000000   Number         0  entry9a.o ABSOLUTE
    ../clib/microlib/init/entry.s            0x00000000   Number         0  entry9b.o ABSOLUTE
    ../clib/microlib/init/entry.s            0x00000000   Number         0  entry10a.o ABSOLUTE
    ../clib/microlib/init/entry.s            0x00000000   Number         0  entry10b.o ABSOLUTE
    ../clib/microlib/init/entry.s            0x00000000   Number         0  entry11a.o ABSOLUTE
    ../clib/microlib/init/entry.s            0x00000000   Number         0  entry11b.o ABSOLUTE
    ../clib/microlib/longlong.c              0x00000000   Number         0  llshl.o ABSOLUTE
    ../clib/microlib/longlong.c              0x00000000   Number         0  llushr.o ABSOLUTE
    ../clib/microlib/longlong.c              0x00000000   Number         0  llsshr.o ABSOLUTE
    ../clib/microlib/printf/printf.c         0x00000000   Number         0  printfa.o ABSOLUTE
    ../clib/microlib/stdio/streams.c         0x00000000   Number         0  stdout.o ABSOLUTE
    ../clib/microlib/stubs.s                 0x00000000   Number         0  iusefp.o ABSOLUTE
    ../fplib/microlib/fpadd.c                0x00000000   Number         0  dadd.o ABSOLUTE
    ../fplib/microlib/fpdiv.c                0x00000000   Number         0  ddiv.o ABSOLUTE
    ../fplib/microlib/fpepilogue.c           0x00000000   Number         0  depilogue.o ABSOLUTE
    ../fplib/microlib/fpfix.c                0x00000000   Number         0  dfixul.o ABSOLUTE
    ../fplib/microlib/fpmul.c                0x00000000   Number         0  dmul.o ABSOLUTE
    ..\..\..\..\GD32E50x_Firmware_Library\CMSIS\GD\GD32E50x\Source\ARM\startup_gd32e50x_hd.s 0x00000000   Number         0  startup_gd32e50x_hd.o ABSOLUTE
    cdrcmple.s                               0x00000000   Number         0  cdrcmple.o ABSOLUTE
    dc.s                                     0x00000000   Number         0  dc.o ABSOLUTE
    gd25qxx.c                                0x00000000   Number         0  gd25qxx.o ABSOLUTE
    gd32e503z_eval.c                         0x00000000   Number         0  gd32e503z_eval.o ABSOLUTE
    gd32e50x_adc.c                           0x00000000   Number         0  gd32e50x_adc.o ABSOLUTE
    gd32e50x_bkp.c                           0x00000000   Number         0  gd32e50x_bkp.o ABSOLUTE
    gd32e50x_can.c                           0x00000000   Number         0  gd32e50x_can.o ABSOLUTE
    gd32e50x_cmp.c                           0x00000000   Number         0  gd32e50x_cmp.o ABSOLUTE
    gd32e50x_crc.c                           0x00000000   Number         0  gd32e50x_crc.o ABSOLUTE
    gd32e50x_ctc.c                           0x00000000   Number         0  gd32e50x_ctc.o ABSOLUTE
    gd32e50x_dac.c                           0x00000000   Number         0  gd32e50x_dac.o ABSOLUTE
    gd32e50x_dbg.c                           0x00000000   Number         0  gd32e50x_dbg.o ABSOLUTE
    gd32e50x_dma.c                           0x00000000   Number         0  gd32e50x_dma.o ABSOLUTE
    gd32e50x_enet.c                          0x00000000   Number         0  gd32e50x_enet.o ABSOLUTE
    gd32e50x_exmc.c                          0x00000000   Number         0  gd32e50x_exmc.o ABSOLUTE
    gd32e50x_exti.c                          0x00000000   Number         0  gd32e50x_exti.o ABSOLUTE
    gd32e50x_fmc.c                           0x00000000   Number         0  gd32e50x_fmc.o ABSOLUTE
    gd32e50x_fwdgt.c                         0x00000000   Number         0  gd32e50x_fwdgt.o ABSOLUTE
    gd32e50x_gpio.c                          0x00000000   Number         0  gd32e50x_gpio.o ABSOLUTE
    gd32e50x_i2c.c                           0x00000000   Number         0  gd32e50x_i2c.o ABSOLUTE
    gd32e50x_it.c                            0x00000000   Number         0  gd32e50x_it.o ABSOLUTE
    gd32e50x_misc.c                          0x00000000   Number         0  gd32e50x_misc.o ABSOLUTE
    gd32e50x_pmu.c                           0x00000000   Number         0  gd32e50x_pmu.o ABSOLUTE
    gd32e50x_rcu.c                           0x00000000   Number         0  gd32e50x_rcu.o ABSOLUTE
    gd32e50x_rtc.c                           0x00000000   Number         0  gd32e50x_rtc.o ABSOLUTE
    gd32e50x_sdio.c                          0x00000000   Number         0  gd32e50x_sdio.o ABSOLUTE
    gd32e50x_shrtimer.c                      0x00000000   Number         0  gd32e50x_shrtimer.o ABSOLUTE
    gd32e50x_spi.c                           0x00000000   Number         0  gd32e50x_spi.o ABSOLUTE
    gd32e50x_sqpi.c                          0x00000000   Number         0  gd32e50x_sqpi.o ABSOLUTE
    gd32e50x_timer.c                         0x00000000   Number         0  gd32e50x_timer.o ABSOLUTE
    gd32e50x_tmu.c                           0x00000000   Number         0  gd32e50x_tmu.o ABSOLUTE
    gd32e50x_usart.c                         0x00000000   Number         0  gd32e50x_usart.o ABSOLUTE
    gd32e50x_wwdgt.c                         0x00000000   Number         0  gd32e50x_wwdgt.o ABSOLUTE
    handlers.s                               0x00000000   Number         0  handlers.o ABSOLUTE
    init.s                                   0x00000000   Number         0  init.o ABSOLUTE
    main.c                                   0x00000000   Number         0  main.o ABSOLUTE
    system_gd32e50x.c                        0x00000000   Number         0  system_gd32e50x.o ABSOLUTE
    systick.c                                0x00000000   Number         0  systick.o ABSOLUTE
    RESET                                    0x08000000   Section      416  startup_gd32e50x_hd.o(RESET)
    .ARM.Collect$$$$00000000                 0x080001a0   Section        0  entry.o(.ARM.Collect$$$$00000000)
    .ARM.Collect$$$$00000001                 0x080001a0   Section        4  entry2.o(.ARM.Collect$$$$00000001)
    .ARM.Collect$$$$00000004                 0x080001a4   Section        4  entry5.o(.ARM.Collect$$$$00000004)
    .ARM.Collect$$$$00000008                 0x080001a8   Section        0  entry7b.o(.ARM.Collect$$$$00000008)
    .ARM.Collect$$$$0000000A                 0x080001a8   Section        0  entry8b.o(.ARM.Collect$$$$0000000A)
    .ARM.Collect$$$$0000000B                 0x080001a8   Section        8  entry9a.o(.ARM.Collect$$$$0000000B)
    __lit__00000000                          0x080001b0   Data           4  entry2.o(.ARM.Collect$$$$00002712)
    .ARM.Collect$$$$0000000D                 0x080001b0   Section        0  entry10a.o(.ARM.Collect$$$$0000000D)
    .ARM.Collect$$$$0000000F                 0x080001b0   Section        0  entry11a.o(.ARM.Collect$$$$0000000F)
    .ARM.Collect$$$$00002712                 0x080001b0   Section        4  entry2.o(.ARM.Collect$$$$00002712)
    $v0                                      0x080001b4   Number         0  startup_gd32e50x_hd.o(.text)
    .text                                    0x080001b4   Section       36  startup_gd32e50x_hd.o(.text)
    .text                                    0x080001d8   Section        0  uidiv.o(.text)
    .text                                    0x08000204   Section        0  uldiv.o(.text)
    .text                                    0x08000266   Section        0  iusefp.o(.text)
    .text                                    0x08000266   Section        0  dadd.o(.text)
    .text                                    0x080003b4   Section        0  dmul.o(.text)
    .text                                    0x08000498   Section        0  ddiv.o(.text)
    .text                                    0x08000576   Section        0  dfixul.o(.text)
    .text                                    0x080005a8   Section       48  cdrcmple.o(.text)
    .text                                    0x080005d8   Section       36  init.o(.text)
    .text                                    0x080005fc   Section        0  llshl.o(.text)
    .text                                    0x0800061a   Section        0  llushr.o(.text)
    .text                                    0x0800063a   Section        0  llsshr.o(.text)
    .text                                    0x0800065e   Section        0  depilogue.o(.text)
    [Anonymous Symbol]                       0x08000718   Section        0  gd32e50x_it.o(.text.BusFault_Handler)
    [Anonymous Symbol]                       0x0800071c   Section        0  gd32e50x_it.o(.text.DebugMon_Handler)
    [Anonymous Symbol]                       0x08000720   Section        0  gd32e50x_it.o(.text.HardFault_Handler)
    [Anonymous Symbol]                       0x08000724   Section        0  gd32e50x_it.o(.text.MemManage_Handler)
    [Anonymous Symbol]                       0x08000728   Section        0  gd32e50x_it.o(.text.NMI_Handler)
    [Anonymous Symbol]                       0x0800072c   Section        0  gd32e50x_it.o(.text.PendSV_Handler)
    [Anonymous Symbol]                       0x08000730   Section        0  gd32e50x_it.o(.text.SVC_Handler)
    SysTick_Config                           0x08000735   Thumb Code    90  systick.o(.text.SysTick_Config)
    [Anonymous Symbol]                       0x08000734   Section        0  systick.o(.text.SysTick_Config)
    [Anonymous Symbol]                       0x08000790   Section        0  gd32e50x_it.o(.text.SysTick_Handler)
    [Anonymous Symbol]                       0x08000798   Section        0  system_gd32e50x.o(.text.SystemInit)
    [Anonymous Symbol]                       0x08000884   Section        0  gd32e50x_it.o(.text.UsageFault_Handler)
    __NVIC_SetPriority                       0x08000889   Thumb Code    74  systick.o(.text.__NVIC_SetPriority)
    [Anonymous Symbol]                       0x08000888   Section        0  systick.o(.text.__NVIC_SetPriority)
    [Anonymous Symbol]                       0x080008d4   Section        0  systick.o(.text.delay_1ms)
    [Anonymous Symbol]                       0x08000900   Section        0  systick.o(.text.delay_decrement)
    [Anonymous Symbol]                       0x08000924   Section        0  main.o(.text.fputc)
    [Anonymous Symbol]                       0x08000964   Section        0  gd32e503z_eval.o(.text.gd_eval_com_init)
    [Anonymous Symbol]                       0x08000a2c   Section        0  gd32e503z_eval.o(.text.gd_eval_led_init)
    [Anonymous Symbol]                       0x08000a98   Section        0  gd32e503z_eval.o(.text.gd_eval_led_off)
    [Anonymous Symbol]                       0x08000ac4   Section        0  gd32e503z_eval.o(.text.gd_eval_led_on)
    get_chip_serial_num                      0x08000af1   Thumb Code    46  main.o(.text.get_chip_serial_num)
    [Anonymous Symbol]                       0x08000af0   Section        0  main.o(.text.get_chip_serial_num)
    [Anonymous Symbol]                       0x08000b20   Section        0  gd32e50x_gpio.o(.text.gpio_bit_reset)
    [Anonymous Symbol]                       0x08000b38   Section        0  gd32e50x_gpio.o(.text.gpio_bit_set)
    [Anonymous Symbol]                       0x08000b50   Section        0  gd32e50x_gpio.o(.text.gpio_init)
    [Anonymous Symbol]                       0x08000cf8   Section        0  main.o(.text.main)
    [Anonymous Symbol]                       0x08000fd8   Section        0  main.o(.text.memory_compare)
    [Anonymous Symbol]                       0x08001038   Section        0  gd32e50x_misc.o(.text.nvic_vector_table_set)
    [Anonymous Symbol]                       0x0800106c   Section        0  gd32e50x_rcu.o(.text.rcu_clock_freq_get)
    [Anonymous Symbol]                       0x080012e4   Section        0  gd32e50x_rcu.o(.text.rcu_periph_clock_enable)
    [Anonymous Symbol]                       0x08001314   Section        0  gd32e50x_rcu.o(.text.rcu_periph_reset_disable)
    [Anonymous Symbol]                       0x08001344   Section        0  gd32e50x_rcu.o(.text.rcu_periph_reset_enable)
    [Anonymous Symbol]                       0x08001374   Section        0  gd32e50x_spi.o(.text.spi_crc_polynomial_set)
    [Anonymous Symbol]                       0x0800139c   Section        0  gd32e50x_spi.o(.text.spi_enable)
    [Anonymous Symbol]                       0x080013b4   Section        0  gd25qxx.o(.text.spi_flash_buffer_read)
    [Anonymous Symbol]                       0x08001444   Section        0  gd25qxx.o(.text.spi_flash_buffer_write)
    [Anonymous Symbol]                       0x080015ec   Section        0  gd25qxx.o(.text.spi_flash_init)
    [Anonymous Symbol]                       0x08001690   Section        0  gd25qxx.o(.text.spi_flash_page_write)
    [Anonymous Symbol]                       0x0800172c   Section        0  gd25qxx.o(.text.spi_flash_read_id)
    [Anonymous Symbol]                       0x08001790   Section        0  gd25qxx.o(.text.spi_flash_sector_erase)
    [Anonymous Symbol]                       0x080017f0   Section        0  gd25qxx.o(.text.spi_flash_send_byte)
    [Anonymous Symbol]                       0x08001850   Section        0  gd25qxx.o(.text.spi_flash_wait_for_write_end)
    [Anonymous Symbol]                       0x0800189c   Section        0  gd25qxx.o(.text.spi_flash_write_enable)
    [Anonymous Symbol]                       0x080018c8   Section        0  gd32e50x_spi.o(.text.spi_i2s_data_receive)
    [Anonymous Symbol]                       0x080018dc   Section        0  gd32e50x_spi.o(.text.spi_i2s_data_transmit)
    [Anonymous Symbol]                       0x080018f8   Section        0  gd32e50x_spi.o(.text.spi_i2s_flag_get)
    [Anonymous Symbol]                       0x0800192c   Section        0  gd32e50x_spi.o(.text.spi_init)
    system_clock_180m_hxtal                  0x080019a9   Thumb Code   402  system_gd32e50x.o(.text.system_clock_180m_hxtal)
    [Anonymous Symbol]                       0x080019a8   Section        0  system_gd32e50x.o(.text.system_clock_180m_hxtal)
    system_clock_config                      0x08001b3d   Thumb Code     8  system_gd32e50x.o(.text.system_clock_config)
    [Anonymous Symbol]                       0x08001b3c   Section        0  system_gd32e50x.o(.text.system_clock_config)
    [Anonymous Symbol]                       0x08001b44   Section        0  systick.o(.text.systick_config)
    [Anonymous Symbol]                       0x08001b80   Section        0  main.o(.text.test_status_led_init)
    turn_on_led                              0x08001bc1   Thumb Code    96  main.o(.text.turn_on_led)
    [Anonymous Symbol]                       0x08001bc0   Section        0  main.o(.text.turn_on_led)
    [Anonymous Symbol]                       0x08001c20   Section        0  gd32e50x_usart.o(.text.usart_baudrate_set)
    [Anonymous Symbol]                       0x08001db4   Section        0  gd32e50x_usart.o(.text.usart_data_transmit)
    [Anonymous Symbol]                       0x08001df4   Section        0  gd32e50x_usart.o(.text.usart_deinit)
    [Anonymous Symbol]                       0x08001ed4   Section        0  gd32e50x_usart.o(.text.usart_enable)
    [Anonymous Symbol]                       0x08001f08   Section        0  gd32e50x_usart.o(.text.usart_flag_get)
    [Anonymous Symbol]                       0x08001f50   Section        0  gd32e50x_usart.o(.text.usart_receive_config)
    [Anonymous Symbol]                       0x08001fbc   Section        0  gd32e50x_usart.o(.text.usart_transmit_config)
    i.__0printf                              0x08002028   Section        0  printfa.o(i.__0printf)
    i.__scatterload_copy                     0x08002048   Section       14  handlers.o(i.__scatterload_copy)
    i.__scatterload_null                     0x08002056   Section        2  handlers.o(i.__scatterload_null)
    i.__scatterload_zeroinit                 0x08002058   Section       14  handlers.o(i.__scatterload_zeroinit)
    _fp_digits                               0x08002069   Thumb Code   366  printfa.o(i._fp_digits)
    i._fp_digits                             0x08002068   Section        0  printfa.o(i._fp_digits)
    _printf_core                             0x080021ed   Thumb Code  1744  printfa.o(i._printf_core)
    i._printf_core                           0x080021ec   Section        0  printfa.o(i._printf_core)
    _printf_post_padding                     0x080028c9   Thumb Code    36  printfa.o(i._printf_post_padding)
    i._printf_post_padding                   0x080028c8   Section        0  printfa.o(i._printf_post_padding)
    _printf_pre_padding                      0x080028ed   Thumb Code    46  printfa.o(i._printf_pre_padding)
    i._printf_pre_padding                    0x080028ec   Section        0  printfa.o(i._printf_pre_padding)
    .L.str.9                                 0x0800291a   Data          29  main.o(.rodata.str1.1)
    [Anonymous Symbol]                       0x0800291a   Section        0  main.o(.rodata.str1.1)
    .L.str.6                                 0x08002937   Data          28  main.o(.rodata.str1.1)
    .L.str.11                                0x08002953   Data          29  main.o(.rodata.str1.1)
    .L.str.12                                0x08002970   Data          29  main.o(.rodata.str1.1)
    .L.str                                   0x0800298d   Data          84  main.o(.rodata.str1.1)
    .L.str.4                                 0x080029e1   Data          56  main.o(.rodata.str1.1)
    .L.str.1                                 0x08002a19   Data          49  main.o(.rodata.str1.1)
    .L.str.10                                0x08002a4a   Data          43  main.o(.rodata.str1.1)
    .L.str.2                                 0x08002a75   Data          34  main.o(.rodata.str1.1)
    .L.str.5                                 0x08002a97   Data          22  main.o(.rodata.str1.1)
    .L.str.3                                 0x08002aad   Data          60  main.o(.rodata.str1.1)
    .L.str.8                                 0x08002ae6   Data           3  main.o(.rodata.str1.1)
    .L.str.7                                 0x08002ae9   Data           8  main.o(.rodata.str1.1)
    .data                                    0x20000000   Section        4  stdout.o(.data)
    COM_CLK                                  0x20000004   Data           2  gd32e503z_eval.o(.data.COM_CLK)
    [Anonymous Symbol]                       0x20000004   Section        0  gd32e503z_eval.o(.data.COM_CLK)
    COM_GPIO_CLK                             0x20000006   Data           2  gd32e503z_eval.o(.data.COM_GPIO_CLK)
    [Anonymous Symbol]                       0x20000006   Section        0  gd32e503z_eval.o(.data.COM_GPIO_CLK)
    COM_GPIO_PORT                            0x20000008   Data           4  gd32e503z_eval.o(.data.COM_GPIO_PORT)
    [Anonymous Symbol]                       0x20000008   Section        0  gd32e503z_eval.o(.data.COM_GPIO_PORT)
    COM_RX_PIN                               0x2000000c   Data           4  gd32e503z_eval.o(.data.COM_RX_PIN)
    [Anonymous Symbol]                       0x2000000c   Section        0  gd32e503z_eval.o(.data.COM_RX_PIN)
    COM_TX_PIN                               0x20000010   Data           4  gd32e503z_eval.o(.data.COM_TX_PIN)
    [Anonymous Symbol]                       0x20000010   Section        0  gd32e503z_eval.o(.data.COM_TX_PIN)
    GPIO_CLK                                 0x20000014   Data           8  gd32e503z_eval.o(.data.GPIO_CLK)
    [Anonymous Symbol]                       0x20000014   Section        0  gd32e503z_eval.o(.data.GPIO_CLK)
    GPIO_PIN                                 0x2000001c   Data          16  gd32e503z_eval.o(.data.GPIO_PIN)
    [Anonymous Symbol]                       0x2000001c   Section        0  gd32e503z_eval.o(.data.GPIO_PIN)
    GPIO_PORT                                0x2000002c   Data          16  gd32e503z_eval.o(.data.GPIO_PORT)
    [Anonymous Symbol]                       0x2000002c   Section        0  gd32e503z_eval.o(.data.GPIO_PORT)
    delay                                    0x20000044   Data           4  systick.o(.bss.delay)
    [Anonymous Symbol]                       0x20000044   Section        0  systick.o(.bss.delay)
    STACK                                    0x20000260   Section     1024  startup_gd32e50x_hd.o(STACK)

    Global Symbols

    Symbol Name                              Value     Ov Type        Size  Object(Section)

    BuildAttributes$$THM_ISAv4$E$P$D$K$B$S$7EM$8M$VFPi5$EXTD16$VFPS$VFMA$PE$A:L22UL41UL21$X:L11$S22US41US21$IEEE1$IW$~IW$USESV6$~STKCKD$USESV7$~SHL$OSPACE$ROPI$EBA8$MICROLIB$REQ8$PRES8$EABIv2 0x00000000   Number         0  anon$$obj.o ABSOLUTE
    __cpp_initialize__aeabi_                  - Undefined Weak Reference
    __cxa_finalize                            - Undefined Weak Reference
    __decompress                              - Undefined Weak Reference
    _clock_init                               - Undefined Weak Reference
    _microlib_exit                            - Undefined Weak Reference
    __Vectors_Size                           0x000001a0   Number         0  startup_gd32e50x_hd.o ABSOLUTE
    __Vectors                                0x08000000   Data           4  startup_gd32e50x_hd.o(RESET)
    __Vectors_End                            0x080001a0   Data           0  startup_gd32e50x_hd.o(RESET)
    __main                                   0x080001a1   Thumb Code     0  entry.o(.ARM.Collect$$$$00000000)
    _main_stk                                0x080001a1   Thumb Code     0  entry2.o(.ARM.Collect$$$$00000001)
    _main_scatterload                        0x080001a5   Thumb Code     0  entry5.o(.ARM.Collect$$$$00000004)
    __main_after_scatterload                 0x080001a9   Thumb Code     0  entry5.o(.ARM.Collect$$$$00000004)
    _main_clock                              0x080001a9   Thumb Code     0  entry7b.o(.ARM.Collect$$$$00000008)
    _main_cpp_init                           0x080001a9   Thumb Code     0  entry8b.o(.ARM.Collect$$$$0000000A)
    _main_init                               0x080001a9   Thumb Code     0  entry9a.o(.ARM.Collect$$$$0000000B)
    __rt_final_cpp                           0x080001b1   Thumb Code     0  entry10a.o(.ARM.Collect$$$$0000000D)
    __rt_final_exit                          0x080001b1   Thumb Code     0  entry11a.o(.ARM.Collect$$$$0000000F)
    Reset_Handler                            0x080001b5   Thumb Code     8  startup_gd32e50x_hd.o(.text)
    ADC0_1_IRQHandler                        0x080001cf   Thumb Code     0  startup_gd32e50x_hd.o(.text)
    ADC2_IRQHandler                          0x080001cf   Thumb Code     0  startup_gd32e50x_hd.o(.text)
    CAN0_EWMC_IRQHandler                     0x080001cf   Thumb Code     0  startup_gd32e50x_hd.o(.text)
    CAN0_RX1_IRQHandler                      0x080001cf   Thumb Code     0  startup_gd32e50x_hd.o(.text)
    CAN1_EWMC_IRQHandler                     0x080001cf   Thumb Code     0  startup_gd32e50x_hd.o(.text)
    CAN1_RX0_IRQHandler                      0x080001cf   Thumb Code     0  startup_gd32e50x_hd.o(.text)
    CAN1_RX1_IRQHandler                      0x080001cf   Thumb Code     0  startup_gd32e50x_hd.o(.text)
    CAN1_TX_IRQHandler                       0x080001cf   Thumb Code     0  startup_gd32e50x_hd.o(.text)
    DMA0_Channel0_IRQHandler                 0x080001cf   Thumb Code     0  startup_gd32e50x_hd.o(.text)
    DMA0_Channel1_IRQHandler                 0x080001cf   Thumb Code     0  startup_gd32e50x_hd.o(.text)
    DMA0_Channel2_IRQHandler                 0x080001cf   Thumb Code     0  startup_gd32e50x_hd.o(.text)
    DMA0_Channel3_IRQHandler                 0x080001cf   Thumb Code     0  startup_gd32e50x_hd.o(.text)
    DMA0_Channel4_IRQHandler                 0x080001cf   Thumb Code     0  startup_gd32e50x_hd.o(.text)
    DMA0_Channel5_IRQHandler                 0x080001cf   Thumb Code     0  startup_gd32e50x_hd.o(.text)
    DMA0_Channel6_IRQHandler                 0x080001cf   Thumb Code     0  startup_gd32e50x_hd.o(.text)
    DMA1_Channel0_IRQHandler                 0x080001cf   Thumb Code     0  startup_gd32e50x_hd.o(.text)
    DMA1_Channel1_IRQHandler                 0x080001cf   Thumb Code     0  startup_gd32e50x_hd.o(.text)
    DMA1_Channel2_IRQHandler                 0x080001cf   Thumb Code     0  startup_gd32e50x_hd.o(.text)
    DMA1_Channel3_4_IRQHandler               0x080001cf   Thumb Code     0  startup_gd32e50x_hd.o(.text)
    EXMC_IRQHandler                          0x080001cf   Thumb Code     0  startup_gd32e50x_hd.o(.text)
    EXTI0_IRQHandler                         0x080001cf   Thumb Code     0  startup_gd32e50x_hd.o(.text)
    EXTI10_15_IRQHandler                     0x080001cf   Thumb Code     0  startup_gd32e50x_hd.o(.text)
    EXTI1_IRQHandler                         0x080001cf   Thumb Code     0  startup_gd32e50x_hd.o(.text)
    EXTI2_IRQHandler                         0x080001cf   Thumb Code     0  startup_gd32e50x_hd.o(.text)
    EXTI3_IRQHandler                         0x080001cf   Thumb Code     0  startup_gd32e50x_hd.o(.text)
    EXTI4_IRQHandler                         0x080001cf   Thumb Code     0  startup_gd32e50x_hd.o(.text)
    EXTI5_9_IRQHandler                       0x080001cf   Thumb Code     0  startup_gd32e50x_hd.o(.text)
    FMC_IRQHandler                           0x080001cf   Thumb Code     0  startup_gd32e50x_hd.o(.text)
    I2C0_ER_IRQHandler                       0x080001cf   Thumb Code     0  startup_gd32e50x_hd.o(.text)
    I2C0_EV_IRQHandler                       0x080001cf   Thumb Code     0  startup_gd32e50x_hd.o(.text)
    I2C1_ER_IRQHandler                       0x080001cf   Thumb Code     0  startup_gd32e50x_hd.o(.text)
    I2C1_EV_IRQHandler                       0x080001cf   Thumb Code     0  startup_gd32e50x_hd.o(.text)
    I2C2_ER_IRQHandler                       0x080001cf   Thumb Code     0  startup_gd32e50x_hd.o(.text)
    I2C2_EV_IRQHandler                       0x080001cf   Thumb Code     0  startup_gd32e50x_hd.o(.text)
    I2C2_WKUP_IRQHandler                     0x080001cf   Thumb Code     0  startup_gd32e50x_hd.o(.text)
    LVD_IRQHandler                           0x080001cf   Thumb Code     0  startup_gd32e50x_hd.o(.text)
    RCU_CTC_IRQHandler                       0x080001cf   Thumb Code     0  startup_gd32e50x_hd.o(.text)
    RTC_Alarm_IRQHandler                     0x080001cf   Thumb Code     0  startup_gd32e50x_hd.o(.text)
    RTC_IRQHandler                           0x080001cf   Thumb Code     0  startup_gd32e50x_hd.o(.text)
    SDIO_IRQHandler                          0x080001cf   Thumb Code     0  startup_gd32e50x_hd.o(.text)
    SHRTIMER_IRQ0_IRQHandler                 0x080001cf   Thumb Code     0  startup_gd32e50x_hd.o(.text)
    SHRTIMER_IRQ1_IRQHandler                 0x080001cf   Thumb Code     0  startup_gd32e50x_hd.o(.text)
    SHRTIMER_IRQ2_IRQHandler                 0x080001cf   Thumb Code     0  startup_gd32e50x_hd.o(.text)
    SHRTIMER_IRQ3_IRQHandler                 0x080001cf   Thumb Code     0  startup_gd32e50x_hd.o(.text)
    SHRTIMER_IRQ4_IRQHandler                 0x080001cf   Thumb Code     0  startup_gd32e50x_hd.o(.text)
    SHRTIMER_IRQ5_IRQHandler                 0x080001cf   Thumb Code     0  startup_gd32e50x_hd.o(.text)
    SHRTIMER_IRQ6_IRQHandler                 0x080001cf   Thumb Code     0  startup_gd32e50x_hd.o(.text)
    SPI0_IRQHandler                          0x080001cf   Thumb Code     0  startup_gd32e50x_hd.o(.text)
    SPI1_I2S1ADD_IRQHandler                  0x080001cf   Thumb Code     0  startup_gd32e50x_hd.o(.text)
    SPI2_I2S2ADD_IRQHandler                  0x080001cf   Thumb Code     0  startup_gd32e50x_hd.o(.text)
    TAMPER_IRQHandler                        0x080001cf   Thumb Code     0  startup_gd32e50x_hd.o(.text)
    TIMER0_BRK_TIMER8_IRQHandler             0x080001cf   Thumb Code     0  startup_gd32e50x_hd.o(.text)
    TIMER0_Channel_IRQHandler                0x080001cf   Thumb Code     0  startup_gd32e50x_hd.o(.text)
    TIMER0_TRG_CMT_TIMER10_IRQHandler        0x080001cf   Thumb Code     0  startup_gd32e50x_hd.o(.text)
    TIMER0_UP_TIMER9_IRQHandler              0x080001cf   Thumb Code     0  startup_gd32e50x_hd.o(.text)
    TIMER1_IRQHandler                        0x080001cf   Thumb Code     0  startup_gd32e50x_hd.o(.text)
    TIMER2_IRQHandler                        0x080001cf   Thumb Code     0  startup_gd32e50x_hd.o(.text)
    TIMER3_IRQHandler                        0x080001cf   Thumb Code     0  startup_gd32e50x_hd.o(.text)
    TIMER4_IRQHandler                        0x080001cf   Thumb Code     0  startup_gd32e50x_hd.o(.text)
    TIMER5_DAC_IRQHandler                    0x080001cf   Thumb Code     0  startup_gd32e50x_hd.o(.text)
    TIMER6_IRQHandler                        0x080001cf   Thumb Code     0  startup_gd32e50x_hd.o(.text)
    TIMER7_BRK_TIMER11_IRQHandler            0x080001cf   Thumb Code     0  startup_gd32e50x_hd.o(.text)
    TIMER7_Channel_IRQHandler                0x080001cf   Thumb Code     0  startup_gd32e50x_hd.o(.text)
    TIMER7_TRG_CMT_TIMER13_IRQHandler        0x080001cf   Thumb Code     0  startup_gd32e50x_hd.o(.text)
    TIMER7_UP_TIMER12_IRQHandler             0x080001cf   Thumb Code     0  startup_gd32e50x_hd.o(.text)
    UART3_IRQHandler                         0x080001cf   Thumb Code     0  startup_gd32e50x_hd.o(.text)
    UART4_IRQHandler                         0x080001cf   Thumb Code     0  startup_gd32e50x_hd.o(.text)
    USART0_IRQHandler                        0x080001cf   Thumb Code     0  startup_gd32e50x_hd.o(.text)
    USART1_IRQHandler                        0x080001cf   Thumb Code     0  startup_gd32e50x_hd.o(.text)
    USART2_IRQHandler                        0x080001cf   Thumb Code     0  startup_gd32e50x_hd.o(.text)
    USART5_IRQHandler                        0x080001cf   Thumb Code     0  startup_gd32e50x_hd.o(.text)
    USART5_WKUP_IRQHandler                   0x080001cf   Thumb Code     0  startup_gd32e50x_hd.o(.text)
    USBD_HP_CAN0_TX_IRQHandler               0x080001cf   Thumb Code     0  startup_gd32e50x_hd.o(.text)
    USBD_LP_CAN0_RX0_IRQHandler              0x080001cf   Thumb Code     0  startup_gd32e50x_hd.o(.text)
    USBD_WKUP_IRQHandler                     0x080001cf   Thumb Code     0  startup_gd32e50x_hd.o(.text)
    WWDGT_IRQHandler                         0x080001cf   Thumb Code     0  startup_gd32e50x_hd.o(.text)
    __aeabi_uidiv                            0x080001d9   Thumb Code     0  uidiv.o(.text)
    __aeabi_uidivmod                         0x080001d9   Thumb Code    44  uidiv.o(.text)
    __aeabi_uldivmod                         0x08000205   Thumb Code    98  uldiv.o(.text)
    __I$use$fp                               0x08000267   Thumb Code     0  iusefp.o(.text)
    __aeabi_dadd                             0x08000267   Thumb Code   322  dadd.o(.text)
    __aeabi_dsub                             0x080003a9   Thumb Code     6  dadd.o(.text)
    __aeabi_drsub                            0x080003af   Thumb Code     6  dadd.o(.text)
    __aeabi_dmul                             0x080003b5   Thumb Code   228  dmul.o(.text)
    __aeabi_ddiv                             0x08000499   Thumb Code   222  ddiv.o(.text)
    __aeabi_d2ulz                            0x08000577   Thumb Code    48  dfixul.o(.text)
    __aeabi_cdrcmple                         0x080005a9   Thumb Code    48  cdrcmple.o(.text)
    __scatterload                            0x080005d9   Thumb Code    28  init.o(.text)
    __scatterload_rt2                        0x080005d9   Thumb Code     0  init.o(.text)
    __aeabi_llsl                             0x080005fd   Thumb Code    30  llshl.o(.text)
    _ll_shift_l                              0x080005fd   Thumb Code     0  llshl.o(.text)
    __aeabi_llsr                             0x0800061b   Thumb Code    32  llushr.o(.text)
    _ll_ushift_r                             0x0800061b   Thumb Code     0  llushr.o(.text)
    __aeabi_lasr                             0x0800063b   Thumb Code    36  llsshr.o(.text)
    _ll_sshift_r                             0x0800063b   Thumb Code     0  llsshr.o(.text)
    _double_round                            0x0800065f   Thumb Code    30  depilogue.o(.text)
    _double_epilogue                         0x0800067d   Thumb Code   156  depilogue.o(.text)
    BusFault_Handler                         0x08000719   Thumb Code     4  gd32e50x_it.o(.text.BusFault_Handler)
    DebugMon_Handler                         0x0800071d   Thumb Code     4  gd32e50x_it.o(.text.DebugMon_Handler)
    HardFault_Handler                        0x08000721   Thumb Code     4  gd32e50x_it.o(.text.HardFault_Handler)
    MemManage_Handler                        0x08000725   Thumb Code     4  gd32e50x_it.o(.text.MemManage_Handler)
    NMI_Handler                              0x08000729   Thumb Code     4  gd32e50x_it.o(.text.NMI_Handler)
    PendSV_Handler                           0x0800072d   Thumb Code     4  gd32e50x_it.o(.text.PendSV_Handler)
    SVC_Handler                              0x08000731   Thumb Code     4  gd32e50x_it.o(.text.SVC_Handler)
    SysTick_Handler                          0x08000791   Thumb Code     8  gd32e50x_it.o(.text.SysTick_Handler)
    SystemInit                               0x08000799   Thumb Code   236  system_gd32e50x.o(.text.SystemInit)
    UsageFault_Handler                       0x08000885   Thumb Code     4  gd32e50x_it.o(.text.UsageFault_Handler)
    delay_1ms                                0x080008d5   Thumb Code    44  systick.o(.text.delay_1ms)
    delay_decrement                          0x08000901   Thumb Code    34  systick.o(.text.delay_decrement)
    fputc                                    0x08000925   Thumb Code    62  main.o(.text.fputc)
    gd_eval_com_init                         0x08000965   Thumb Code   200  gd32e503z_eval.o(.text.gd_eval_com_init)
    gd_eval_led_init                         0x08000a2d   Thumb Code   108  gd32e503z_eval.o(.text.gd_eval_led_init)
    gd_eval_led_off                          0x08000a99   Thumb Code    44  gd32e503z_eval.o(.text.gd_eval_led_off)
    gd_eval_led_on                           0x08000ac5   Thumb Code    44  gd32e503z_eval.o(.text.gd_eval_led_on)
    gpio_bit_reset                           0x08000b21   Thumb Code    24  gd32e50x_gpio.o(.text.gpio_bit_reset)
    gpio_bit_set                             0x08000b39   Thumb Code    24  gd32e50x_gpio.o(.text.gpio_bit_set)
    gpio_init                                0x08000b51   Thumb Code   424  gd32e50x_gpio.o(.text.gpio_init)
    main                                     0x08000cf9   Thumb Code   734  main.o(.text.main)
    memory_compare                           0x08000fd9   Thumb Code    94  main.o(.text.memory_compare)
    nvic_vector_table_set                    0x08001039   Thumb Code    50  gd32e50x_misc.o(.text.nvic_vector_table_set)
    rcu_clock_freq_get                       0x0800106d   Thumb Code   630  gd32e50x_rcu.o(.text.rcu_clock_freq_get)
    rcu_periph_clock_enable                  0x080012e5   Thumb Code    48  gd32e50x_rcu.o(.text.rcu_periph_clock_enable)
    rcu_periph_reset_disable                 0x08001315   Thumb Code    48  gd32e50x_rcu.o(.text.rcu_periph_reset_disable)
    rcu_periph_reset_enable                  0x08001345   Thumb Code    48  gd32e50x_rcu.o(.text.rcu_periph_reset_enable)
    spi_crc_polynomial_set                   0x08001375   Thumb Code    38  gd32e50x_spi.o(.text.spi_crc_polynomial_set)
    spi_enable                               0x0800139d   Thumb Code    22  gd32e50x_spi.o(.text.spi_enable)
    spi_flash_buffer_read                    0x080013b5   Thumb Code   144  gd25qxx.o(.text.spi_flash_buffer_read)
    spi_flash_buffer_write                   0x08001445   Thumb Code   424  gd25qxx.o(.text.spi_flash_buffer_write)
    spi_flash_init                           0x080015ed   Thumb Code   164  gd25qxx.o(.text.spi_flash_init)
    spi_flash_page_write                     0x08001691   Thumb Code   154  gd25qxx.o(.text.spi_flash_page_write)
    spi_flash_read_id                        0x0800172d   Thumb Code    98  gd25qxx.o(.text.spi_flash_read_id)
    spi_flash_sector_erase                   0x08001791   Thumb Code    94  gd25qxx.o(.text.spi_flash_sector_erase)
    spi_flash_send_byte                      0x080017f1   Thumb Code    94  gd25qxx.o(.text.spi_flash_send_byte)
    spi_flash_wait_for_write_end             0x08001851   Thumb Code    76  gd25qxx.o(.text.spi_flash_wait_for_write_end)
    spi_flash_write_enable                   0x0800189d   Thumb Code    44  gd25qxx.o(.text.spi_flash_write_enable)
    spi_i2s_data_receive                     0x080018c9   Thumb Code    18  gd32e50x_spi.o(.text.spi_i2s_data_receive)
    spi_i2s_data_transmit                    0x080018dd   Thumb Code    28  gd32e50x_spi.o(.text.spi_i2s_data_transmit)
    spi_i2s_flag_get                         0x080018f9   Thumb Code    50  gd32e50x_spi.o(.text.spi_i2s_flag_get)
    spi_init                                 0x0800192d   Thumb Code   122  gd32e50x_spi.o(.text.spi_init)
    systick_config                           0x08001b45   Thumb Code    60  systick.o(.text.systick_config)
    test_status_led_init                     0x08001b81   Thumb Code    64  main.o(.text.test_status_led_init)
    usart_baudrate_set                       0x08001c21   Thumb Code   402  gd32e50x_usart.o(.text.usart_baudrate_set)
    usart_data_transmit                      0x08001db5   Thumb Code    64  gd32e50x_usart.o(.text.usart_data_transmit)
    usart_deinit                             0x08001df5   Thumb Code   222  gd32e50x_usart.o(.text.usart_deinit)
    usart_enable                             0x08001ed5   Thumb Code    52  gd32e50x_usart.o(.text.usart_enable)
    usart_flag_get                           0x08001f09   Thumb Code    72  gd32e50x_usart.o(.text.usart_flag_get)
    usart_receive_config                     0x08001f51   Thumb Code   106  gd32e50x_usart.o(.text.usart_receive_config)
    usart_transmit_config                    0x08001fbd   Thumb Code   106  gd32e50x_usart.o(.text.usart_transmit_config)
    __0printf                                0x08002029   Thumb Code    22  printfa.o(i.__0printf)
    __1printf                                0x08002029   Thumb Code     0  printfa.o(i.__0printf)
    __2printf                                0x08002029   Thumb Code     0  printfa.o(i.__0printf)
    __c89printf                              0x08002029   Thumb Code     0  printfa.o(i.__0printf)
    printf                                   0x08002029   Thumb Code     0  printfa.o(i.__0printf)
    __scatterload_copy                       0x08002049   Thumb Code    14  handlers.o(i.__scatterload_copy)
    __scatterload_null                       0x08002057   Thumb Code     2  handlers.o(i.__scatterload_null)
    __scatterload_zeroinit                   0x08002059   Thumb Code    14  handlers.o(i.__scatterload_zeroinit)
    Region$$Table$$Base                      0x08002af4   Number         0  anon$$obj.o(Region$$Table)
    Region$$Table$$Limit                     0x08002b14   Number         0  anon$$obj.o(Region$$Table)
    __stdout                                 0x20000000   Data           4  stdout.o(.data)
    SystemCoreClock                          0x2000003c   Data           4  system_gd32e50x.o(.data.SystemCoreClock)
    count                                    0x20000040   Data           1  main.o(.bss.count)
    flash_id                                 0x20000048   Data           4  main.o(.bss.flash_id)
    i                                        0x2000004c   Data           2  main.o(.bss.i)
    int_device_serial                        0x20000050   Data          12  main.o(.bss.int_device_serial)
    is_successful                            0x2000005c   Data           1  main.o(.bss.is_successful)
    rx_buffer                                0x2000005d   Data         256  main.o(.bss.rx_buffer)
    tx_buffer                                0x2000015d   Data         256  main.o(.bss.tx_buffer)
    __initial_sp                             0x20000660   Data           0  startup_gd32e50x_hd.o(STACK)



==============================================================================

Memory Map of the image

  Image Entry point : 0x080001a1

  Load Region LR_IROM1 (Base: 0x08000000, Size: 0x00002b58, Max: 0x00080000, ABSOLUTE)

    Execution Region ER_IROM1 (Exec base: 0x08000000, Load base: 0x08000000, Size: 0x00002b14, Max: 0x00080000, ABSOLUTE)

    Exec Addr    Load Addr    Size         Type   Attr      Idx    E Section Name        Object

    0x08000000   0x08000000   0x000001a0   Data   RO         1981    RESET               startup_gd32e50x_hd.o
    0x080001a0   0x080001a0   0x00000000   Code   RO         1988  * .ARM.Collect$$$$00000000  mc_w.l(entry.o)
    0x080001a0   0x080001a0   0x00000004   Code   RO         2019    .ARM.Collect$$$$00000001  mc_w.l(entry2.o)
    0x080001a4   0x080001a4   0x00000004   Code   RO         2022    .ARM.Collect$$$$00000004  mc_w.l(entry5.o)
    0x080001a8   0x080001a8   0x00000000   Code   RO         2024    .ARM.Collect$$$$00000008  mc_w.l(entry7b.o)
    0x080001a8   0x080001a8   0x00000000   Code   RO         2026    .ARM.Collect$$$$0000000A  mc_w.l(entry8b.o)
    0x080001a8   0x080001a8   0x00000008   Code   RO         2027    .ARM.Collect$$$$0000000B  mc_w.l(entry9a.o)
    0x080001b0   0x080001b0   0x00000000   Code   RO         2029    .ARM.Collect$$$$0000000D  mc_w.l(entry10a.o)
    0x080001b0   0x080001b0   0x00000000   Code   RO         2031    .ARM.Collect$$$$0000000F  mc_w.l(entry11a.o)
    0x080001b0   0x080001b0   0x00000004   Code   RO         2020    .ARM.Collect$$$$00002712  mc_w.l(entry2.o)
    0x080001b4   0x080001b4   0x00000024   Code   RO         1982    .text               startup_gd32e50x_hd.o
    0x080001d8   0x080001d8   0x0000002c   Code   RO         2034    .text               mc_w.l(uidiv.o)
    0x08000204   0x08000204   0x00000062   Code   RO         2036    .text               mc_w.l(uldiv.o)
    0x08000266   0x08000266   0x00000000   Code   RO         2038    .text               mc_w.l(iusefp.o)
    0x08000266   0x08000266   0x0000014e   Code   RO         2039    .text               mf_w.l(dadd.o)
    0x080003b4   0x080003b4   0x000000e4   Code   RO         2041    .text               mf_w.l(dmul.o)
    0x08000498   0x08000498   0x000000de   Code   RO         2043    .text               mf_w.l(ddiv.o)
    0x08000576   0x08000576   0x00000030   Code   RO         2045    .text               mf_w.l(dfixul.o)
    0x080005a6   0x080005a6   0x00000002   PAD
    0x080005a8   0x080005a8   0x00000030   Code   RO         2047    .text               mf_w.l(cdrcmple.o)
    0x080005d8   0x080005d8   0x00000024   Code   RO         2049    .text               mc_w.l(init.o)
    0x080005fc   0x080005fc   0x0000001e   Code   RO         2051    .text               mc_w.l(llshl.o)
    0x0800061a   0x0800061a   0x00000020   Code   RO         2053    .text               mc_w.l(llushr.o)
    0x0800063a   0x0800063a   0x00000024   Code   RO         2055    .text               mc_w.l(llsshr.o)
    0x0800065e   0x0800065e   0x000000ba   Code   RO         2057    .text               mf_w.l(depilogue.o)
    0x08000718   0x08000718   0x00000004   Code   RO           36    .text.BusFault_Handler  gd32e50x_it.o
    0x0800071c   0x0800071c   0x00000004   Code   RO           42    .text.DebugMon_Handler  gd32e50x_it.o
    0x08000720   0x08000720   0x00000004   Code   RO           32    .text.HardFault_Handler  gd32e50x_it.o
    0x08000724   0x08000724   0x00000004   Code   RO           34    .text.MemManage_Handler  gd32e50x_it.o
    0x08000728   0x08000728   0x00000004   Code   RO           30    .text.NMI_Handler   gd32e50x_it.o
    0x0800072c   0x0800072c   0x00000004   Code   RO           44    .text.PendSV_Handler  gd32e50x_it.o
    0x08000730   0x08000730   0x00000004   Code   RO           40    .text.SVC_Handler   gd32e50x_it.o
    0x08000734   0x08000734   0x0000005a   Code   RO           58    .text.SysTick_Config  systick.o
    0x0800078e   0x0800078e   0x00000002   PAD
    0x08000790   0x08000790   0x00000008   Code   RO           46    .text.SysTick_Handler  gd32e50x_it.o
    0x08000798   0x08000798   0x000000ec   Code   RO           75    .text.SystemInit    system_gd32e50x.o
    0x08000884   0x08000884   0x00000004   Code   RO           38    .text.UsageFault_Handler  gd32e50x_it.o
    0x08000888   0x08000888   0x0000004a   Code   RO           60    .text.__NVIC_SetPriority  systick.o
    0x080008d2   0x080008d2   0x00000002   PAD
    0x080008d4   0x080008d4   0x0000002c   Code   RO           62    .text.delay_1ms     systick.o
    0x08000900   0x08000900   0x00000022   Code   RO           64    .text.delay_decrement  systick.o
    0x08000922   0x08000922   0x00000002   PAD
    0x08000924   0x08000924   0x0000003e   Code   RO           12    .text.fputc         main.o
    0x08000962   0x08000962   0x00000002   PAD
    0x08000964   0x08000964   0x000000c8   Code   RO         1921    .text.gd_eval_com_init  gd32e503z_eval.o
    0x08000a2c   0x08000a2c   0x0000006c   Code   RO         1909    .text.gd_eval_led_init  gd32e503z_eval.o
    0x08000a98   0x08000a98   0x0000002c   Code   RO         1913    .text.gd_eval_led_off  gd32e503z_eval.o
    0x08000ac4   0x08000ac4   0x0000002c   Code   RO         1911    .text.gd_eval_led_on  gd32e503z_eval.o
    0x08000af0   0x08000af0   0x0000002e   Code   RO            6    .text.get_chip_serial_num  main.o
    0x08000b1e   0x08000b1e   0x00000002   PAD
    0x08000b20   0x08000b20   0x00000018   Code   RO          675    .text.gpio_bit_reset  gd32e50x_gpio.o
    0x08000b38   0x08000b38   0x00000018   Code   RO          673    .text.gpio_bit_set  gd32e50x_gpio.o
    0x08000b50   0x08000b50   0x000001a8   Code   RO          671    .text.gpio_init     gd32e50x_gpio.o
    0x08000cf8   0x08000cf8   0x000002de   Code   RO            2    .text.main          main.o
    0x08000fd6   0x08000fd6   0x00000002   PAD
    0x08000fd8   0x08000fd8   0x0000005e   Code   RO            8    .text.memory_compare  main.o
    0x08001036   0x08001036   0x00000002   PAD
    0x08001038   0x08001038   0x00000032   Code   RO          923    .text.nvic_vector_table_set  gd32e50x_misc.o
    0x0800106a   0x0800106a   0x00000002   PAD
    0x0800106c   0x0800106c   0x00000276   Code   RO         1061    .text.rcu_clock_freq_get  gd32e50x_rcu.o
    0x080012e2   0x080012e2   0x00000002   PAD
    0x080012e4   0x080012e4   0x00000030   Code   RO          991    .text.rcu_periph_clock_enable  gd32e50x_rcu.o
    0x08001314   0x08001314   0x00000030   Code   RO         1001    .text.rcu_periph_reset_disable  gd32e50x_rcu.o
    0x08001344   0x08001344   0x00000030   Code   RO          999    .text.rcu_periph_reset_enable  gd32e50x_rcu.o
    0x08001374   0x08001374   0x00000026   Code   RO         1427    .text.spi_crc_polynomial_set  gd32e50x_spi.o
    0x0800139a   0x0800139a   0x00000002   PAD
    0x0800139c   0x0800139c   0x00000016   Code   RO         1393    .text.spi_enable    gd32e50x_spi.o
    0x080013b2   0x080013b2   0x00000002   PAD
    0x080013b4   0x080013b4   0x00000090   Code   RO         1962    .text.spi_flash_buffer_read  gd25qxx.o
    0x08001444   0x08001444   0x000001a8   Code   RO         1960    .text.spi_flash_buffer_write  gd25qxx.o
    0x080015ec   0x080015ec   0x000000a4   Code   RO         1946    .text.spi_flash_init  gd25qxx.o
    0x08001690   0x08001690   0x0000009a   Code   RO         1958    .text.spi_flash_page_write  gd25qxx.o
    0x0800172a   0x0800172a   0x00000002   PAD
    0x0800172c   0x0800172c   0x00000062   Code   RO         1964    .text.spi_flash_read_id  gd25qxx.o
    0x0800178e   0x0800178e   0x00000002   PAD
    0x08001790   0x08001790   0x0000005e   Code   RO         1948    .text.spi_flash_sector_erase  gd25qxx.o
    0x080017ee   0x080017ee   0x00000002   PAD
    0x080017f0   0x080017f0   0x0000005e   Code   RO         1952    .text.spi_flash_send_byte  gd25qxx.o
    0x0800184e   0x0800184e   0x00000002   PAD
    0x08001850   0x08001850   0x0000004c   Code   RO         1954    .text.spi_flash_wait_for_write_end  gd25qxx.o
    0x0800189c   0x0800189c   0x0000002c   Code   RO         1950    .text.spi_flash_write_enable  gd25qxx.o
    0x080018c8   0x080018c8   0x00000012   Code   RO         1421    .text.spi_i2s_data_receive  gd32e50x_spi.o
    0x080018da   0x080018da   0x00000002   PAD
    0x080018dc   0x080018dc   0x0000001c   Code   RO         1419    .text.spi_i2s_data_transmit  gd32e50x_spi.o
    0x080018f8   0x080018f8   0x00000032   Code   RO         1469    .text.spi_i2s_flag_get  gd32e50x_spi.o
    0x0800192a   0x0800192a   0x00000002   PAD
    0x0800192c   0x0800192c   0x0000007a   Code   RO         1391    .text.spi_init      gd32e50x_spi.o
    0x080019a6   0x080019a6   0x00000002   PAD
    0x080019a8   0x080019a8   0x00000192   Code   RO           81    .text.system_clock_180m_hxtal  system_gd32e50x.o
    0x08001b3a   0x08001b3a   0x00000002   PAD
    0x08001b3c   0x08001b3c   0x00000008   Code   RO           77    .text.system_clock_config  system_gd32e50x.o
    0x08001b44   0x08001b44   0x0000003c   Code   RO           56    .text.systick_config  systick.o
    0x08001b80   0x08001b80   0x00000040   Code   RO            4    .text.test_status_led_init  main.o
    0x08001bc0   0x08001bc0   0x00000060   Code   RO           10    .text.turn_on_led   main.o
    0x08001c20   0x08001c20   0x00000192   Code   RO         1658    .text.usart_baudrate_set  gd32e50x_usart.o
    0x08001db2   0x08001db2   0x00000002   PAD
    0x08001db4   0x08001db4   0x00000040   Code   RO         1684    .text.usart_data_transmit  gd32e50x_usart.o
    0x08001df4   0x08001df4   0x000000de   Code   RO         1656    .text.usart_deinit  gd32e50x_usart.o
    0x08001ed2   0x08001ed2   0x00000002   PAD
    0x08001ed4   0x08001ed4   0x00000034   Code   RO         1666    .text.usart_enable  gd32e50x_usart.o
    0x08001f08   0x08001f08   0x00000048   Code   RO         1756    .text.usart_flag_get  gd32e50x_usart.o
    0x08001f50   0x08001f50   0x0000006a   Code   RO         1672    .text.usart_receive_config  gd32e50x_usart.o
    0x08001fba   0x08001fba   0x00000002   PAD
    0x08001fbc   0x08001fbc   0x0000006a   Code   RO         1670    .text.usart_transmit_config  gd32e50x_usart.o
    0x08002026   0x08002026   0x00000002   PAD
    0x08002028   0x08002028   0x00000020   Code   RO         1992    i.__0printf         mc_w.l(printfa.o)
    0x08002048   0x08002048   0x0000000e   Code   RO         2061    i.__scatterload_copy  mc_w.l(handlers.o)
    0x08002056   0x08002056   0x00000002   Code   RO         2062    i.__scatterload_null  mc_w.l(handlers.o)
    0x08002058   0x08002058   0x0000000e   Code   RO         2063    i.__scatterload_zeroinit  mc_w.l(handlers.o)
    0x08002066   0x08002066   0x00000002   PAD
    0x08002068   0x08002068   0x00000184   Code   RO         1999    i._fp_digits        mc_w.l(printfa.o)
    0x080021ec   0x080021ec   0x000006dc   Code   RO         2000    i._printf_core      mc_w.l(printfa.o)
    0x080028c8   0x080028c8   0x00000024   Code   RO         2001    i._printf_post_padding  mc_w.l(printfa.o)
    0x080028ec   0x080028ec   0x0000002e   Code   RO         2002    i._printf_pre_padding  mc_w.l(printfa.o)
    0x0800291a   0x0800291a   0x000001d7   Data   RO           17    .rodata.str1.1      main.o
    0x08002af1   0x08002af1   0x00000003   PAD
    0x08002af4   0x08002af4   0x00000020   Data   RO         2060    Region$$Table       anon$$obj.o


    Execution Region RW_IRAM1 (Exec base: 0x20000000, Load base: 0x08002b18, Size: 0x00000660, Max: 0x00018000, ABSOLUTE)

    Exec Addr    Load Addr    Size         Type   Attr      Idx    E Section Name        Object

    0x20000000   0x08002b18   0x00000004   Data   RW         2033    .data               mc_w.l(stdout.o)
    0x20000004   0x08002b1c   0x00000002   Data   RW         1934    .data.COM_CLK       gd32e503z_eval.o
    0x20000006   0x08002b1e   0x00000002   Data   RW         1933    .data.COM_GPIO_CLK  gd32e503z_eval.o
    0x20000008   0x08002b20   0x00000004   Data   RW         1935    .data.COM_GPIO_PORT  gd32e503z_eval.o
    0x2000000c   0x08002b24   0x00000004   Data   RW         1937    .data.COM_RX_PIN    gd32e503z_eval.o
    0x20000010   0x08002b28   0x00000004   Data   RW         1936    .data.COM_TX_PIN    gd32e503z_eval.o
    0x20000014   0x08002b2c   0x00000008   Data   RW         1923    .data.GPIO_CLK      gd32e503z_eval.o
    0x2000001c   0x08002b34   0x00000010   Data   RW         1925    .data.GPIO_PIN      gd32e503z_eval.o
    0x2000002c   0x08002b44   0x00000010   Data   RW         1924    .data.GPIO_PORT     gd32e503z_eval.o
    0x2000003c   0x08002b54   0x00000004   Data   RW           83    .data.SystemCoreClock  system_gd32e50x.o
    0x20000040        -       0x00000001   Zero   RW           21    .bss.count          main.o
    0x20000041   0x08002b58   0x00000003   PAD
    0x20000044        -       0x00000004   Zero   RW           66    .bss.delay          systick.o
    0x20000048        -       0x00000004   Zero   RW           14    .bss.flash_id       main.o
    0x2000004c        -       0x00000002   Zero   RW           15    .bss.i              main.o
    0x2000004e   0x08002b58   0x00000002   PAD
    0x20000050        -       0x0000000c   Zero   RW           18    .bss.int_device_serial  main.o
    0x2000005c        -       0x00000001   Zero   RW           16    .bss.is_successful  main.o
    0x2000005d        -       0x00000100   Zero   RW           20    .bss.rx_buffer      main.o
    0x2000015d        -       0x00000100   Zero   RW           19    .bss.tx_buffer      main.o
    0x2000025d   0x08002b58   0x00000003   PAD
    0x20000260        -       0x00000400   Zero   RW         1979    STACK               startup_gd32e50x_hd.o


==============================================================================

Image component sizes


      Code (inc. data)   RO Data    RW Data    ZI Data      Debug   Object Name

      1292          0          0          0          0       4770   gd25qxx.o
       396          0          0         56          0       4416   gd32e503z_eval.o
       472          0          0          0          0       6231   gd32e50x_gpio.o
        40          0          0          0          0       1068   gd32e50x_it.o
        50          0          0          0          0       6121   gd32e50x_misc.o
       774          6          0          0          0      12175   gd32e50x_rcu.o
       278          0          0          0          0       8818   gd32e50x_spi.o
      1024          0          0          0          0      18313   gd32e50x_usart.o
      1096          4        471          0        532       3090   main.o
        36          8        416          0       1024       1028   startup_gd32e50x_hd.o
       646          0          0          4          0       3315   system_gd32e50x.o
       302          0          0          0          4       4984   systick.o

    ----------------------------------------------------------------------
      6452         18        922         60       1568      74329   Object Totals
         0          0         32          0          0          0   (incl. Generated)
        46          0          3          0          8          0   (incl. Padding)

    ----------------------------------------------------------------------

      Code (inc. data)   RO Data    RW Data    ZI Data      Debug   Library Member Name

         0          0          0          0          0          0   entry.o
         0          0          0          0          0          0   entry10a.o
         0          0          0          0          0          0   entry11a.o
         8          4          0          0          0          0   entry2.o
         4          0          0          0          0          0   entry5.o
         0          0          0          0          0          0   entry7b.o
         0          0          0          0          0          0   entry8b.o
         8          4          0          0          0          0   entry9a.o
        30          0          0          0          0          0   handlers.o
        36          8          0          0          0         68   init.o
         0          0          0          0          0          0   iusefp.o
        30          0          0          0          0         68   llshl.o
        36          0          0          0          0         68   llsshr.o
        32          0          0          0          0         68   llushr.o
      2258         90          0          0          0        452   printfa.o
         0          0          0          4          0          0   stdout.o
        44          0          0          0          0         80   uidiv.o
        98          0          0          0          0         92   uldiv.o
        48          0          0          0          0         68   cdrcmple.o
       334          0          0          0          0        148   dadd.o
       222          0          0          0          0        100   ddiv.o
       186          0          0          0          0        176   depilogue.o
        48          0          0          0          0         68   dfixul.o
       228          0          0          0          0         96   dmul.o

    ----------------------------------------------------------------------
      3654        106          0          4          0       1552   Library Totals
         4          0          0          0          0          0   (incl. Padding)

    ----------------------------------------------------------------------

      Code (inc. data)   RO Data    RW Data    ZI Data      Debug   Library Name

      2584        106          0          4          0        896   mc_w.l
      1066          0          0          0          0        656   mf_w.l

    ----------------------------------------------------------------------
      3654        106          0          4          0       1552   Library Totals

    ----------------------------------------------------------------------

==============================================================================


      Code (inc. data)   RO Data    RW Data    ZI Data      Debug   

     10106        124        922         64       1568      75145   Grand Totals
     10106        124        922         64       1568      75145   ELF Image Totals
     10106        124        922         64          0          0   ROM Totals

==============================================================================

    Total RO  Size (Code + RO Data)                11028 (  10.77kB)
    Total RW  Size (RW Data + ZI Data)              1632 (   1.59kB)
    Total ROM Size (Code + RO Data + RW Data)      11092 (  10.83kB)

==============================================================================

