<!doctype html public "-//w3c//dtd html 4.0 transitional//en">
<html><head>
<title>Static Call Graph - [.\output\Project.axf]</title></head>
<body><HR>
<H1>Static Call Graph for image .\output\Project.axf</H1><HR>
<BR><P>#&#060CALLGRAPH&#062# ARM Linker, 6120001: Last Updated: Fri Oct 24 15:00:22 2025
<BR><P>
<H3>Maximum Stack Usage =        272 bytes + Unknown(Cycles, Untraceable Function Pointers)</H3><H3>
Call chain for Maximum Stack Depth:</H3>
main &rArr; uart_dma_init &rArr; usart_baudrate_set &rArr; rcu_clock_freq_get
<P>
<H3>
Mutually Recursive functions
</H3> <LI><a href="#[1c]">ADC0_1_IRQHandler</a>&nbsp;&nbsp;&nbsp;&rArr;&nbsp;&nbsp;&nbsp;<a href="#[1c]">ADC0_1_IRQHandler</a><BR>
</UL>
<P>
<H3>
Function Pointers
</H3><UL>
 <LI><a href="#[1c]">ADC0_1_IRQHandler</a> from startup_gd32e50x_hd.o(.text) referenced from startup_gd32e50x_hd.o(RESET)
 <LI><a href="#[39]">ADC2_IRQHandler</a> from startup_gd32e50x_hd.o(.text) referenced from startup_gd32e50x_hd.o(RESET)
 <LI><a href="#[4]">BusFault_Handler</a> from gd32e50x_it.o(.text.BusFault_Handler) referenced from startup_gd32e50x_hd.o(RESET)
 <LI><a href="#[20]">CAN0_EWMC_IRQHandler</a> from startup_gd32e50x_hd.o(.text) referenced from startup_gd32e50x_hd.o(RESET)
 <LI><a href="#[1f]">CAN0_RX1_IRQHandler</a> from startup_gd32e50x_hd.o(.text) referenced from startup_gd32e50x_hd.o(RESET)
 <LI><a href="#[49]">CAN1_EWMC_IRQHandler</a> from startup_gd32e50x_hd.o(.text) referenced from startup_gd32e50x_hd.o(RESET)
 <LI><a href="#[47]">CAN1_RX0_IRQHandler</a> from startup_gd32e50x_hd.o(.text) referenced from startup_gd32e50x_hd.o(RESET)
 <LI><a href="#[48]">CAN1_RX1_IRQHandler</a> from startup_gd32e50x_hd.o(.text) referenced from startup_gd32e50x_hd.o(RESET)
 <LI><a href="#[46]">CAN1_TX_IRQHandler</a> from startup_gd32e50x_hd.o(.text) referenced from startup_gd32e50x_hd.o(RESET)
 <LI><a href="#[15]">DMA0_Channel0_IRQHandler</a> from startup_gd32e50x_hd.o(.text) referenced from startup_gd32e50x_hd.o(RESET)
 <LI><a href="#[16]">DMA0_Channel1_IRQHandler</a> from startup_gd32e50x_hd.o(.text) referenced from startup_gd32e50x_hd.o(RESET)
 <LI><a href="#[17]">DMA0_Channel2_IRQHandler</a> from startup_gd32e50x_hd.o(.text) referenced from startup_gd32e50x_hd.o(RESET)
 <LI><a href="#[18]">DMA0_Channel3_IRQHandler</a> from main.o(.text.DMA0_Channel3_IRQHandler) referenced from startup_gd32e50x_hd.o(RESET)
 <LI><a href="#[19]">DMA0_Channel4_IRQHandler</a> from startup_gd32e50x_hd.o(.text) referenced from startup_gd32e50x_hd.o(RESET)
 <LI><a href="#[1a]">DMA0_Channel5_IRQHandler</a> from startup_gd32e50x_hd.o(.text) referenced from startup_gd32e50x_hd.o(RESET)
 <LI><a href="#[1b]">DMA0_Channel6_IRQHandler</a> from startup_gd32e50x_hd.o(.text) referenced from startup_gd32e50x_hd.o(RESET)
 <LI><a href="#[42]">DMA1_Channel0_IRQHandler</a> from startup_gd32e50x_hd.o(.text) referenced from startup_gd32e50x_hd.o(RESET)
 <LI><a href="#[43]">DMA1_Channel1_IRQHandler</a> from startup_gd32e50x_hd.o(.text) referenced from startup_gd32e50x_hd.o(RESET)
 <LI><a href="#[44]">DMA1_Channel2_IRQHandler</a> from startup_gd32e50x_hd.o(.text) referenced from startup_gd32e50x_hd.o(RESET)
 <LI><a href="#[45]">DMA1_Channel3_4_IRQHandler</a> from startup_gd32e50x_hd.o(.text) referenced from startup_gd32e50x_hd.o(RESET)
 <LI><a href="#[7]">DebugMon_Handler</a> from gd32e50x_it.o(.text.DebugMon_Handler) referenced from startup_gd32e50x_hd.o(RESET)
 <LI><a href="#[3a]">EXMC_IRQHandler</a> from startup_gd32e50x_hd.o(.text) referenced from startup_gd32e50x_hd.o(RESET)
 <LI><a href="#[10]">EXTI0_IRQHandler</a> from startup_gd32e50x_hd.o(.text) referenced from startup_gd32e50x_hd.o(RESET)
 <LI><a href="#[32]">EXTI10_15_IRQHandler</a> from startup_gd32e50x_hd.o(.text) referenced from startup_gd32e50x_hd.o(RESET)
 <LI><a href="#[11]">EXTI1_IRQHandler</a> from startup_gd32e50x_hd.o(.text) referenced from startup_gd32e50x_hd.o(RESET)
 <LI><a href="#[12]">EXTI2_IRQHandler</a> from startup_gd32e50x_hd.o(.text) referenced from startup_gd32e50x_hd.o(RESET)
 <LI><a href="#[13]">EXTI3_IRQHandler</a> from startup_gd32e50x_hd.o(.text) referenced from startup_gd32e50x_hd.o(RESET)
 <LI><a href="#[14]">EXTI4_IRQHandler</a> from startup_gd32e50x_hd.o(.text) referenced from startup_gd32e50x_hd.o(RESET)
 <LI><a href="#[21]">EXTI5_9_IRQHandler</a> from startup_gd32e50x_hd.o(.text) referenced from startup_gd32e50x_hd.o(RESET)
 <LI><a href="#[e]">FMC_IRQHandler</a> from startup_gd32e50x_hd.o(.text) referenced from startup_gd32e50x_hd.o(RESET)
 <LI><a href="#[2]">HardFault_Handler</a> from gd32e50x_it.o(.text.HardFault_Handler) referenced from startup_gd32e50x_hd.o(RESET)
 <LI><a href="#[2a]">I2C0_ER_IRQHandler</a> from startup_gd32e50x_hd.o(.text) referenced from startup_gd32e50x_hd.o(RESET)
 <LI><a href="#[29]">I2C0_EV_IRQHandler</a> from startup_gd32e50x_hd.o(.text) referenced from startup_gd32e50x_hd.o(RESET)
 <LI><a href="#[2c]">I2C1_ER_IRQHandler</a> from startup_gd32e50x_hd.o(.text) referenced from startup_gd32e50x_hd.o(RESET)
 <LI><a href="#[2b]">I2C1_EV_IRQHandler</a> from startup_gd32e50x_hd.o(.text) referenced from startup_gd32e50x_hd.o(RESET)
 <LI><a href="#[52]">I2C2_ER_IRQHandler</a> from startup_gd32e50x_hd.o(.text) referenced from startup_gd32e50x_hd.o(RESET)
 <LI><a href="#[51]">I2C2_EV_IRQHandler</a> from startup_gd32e50x_hd.o(.text) referenced from startup_gd32e50x_hd.o(RESET)
 <LI><a href="#[54]">I2C2_WKUP_IRQHandler</a> from startup_gd32e50x_hd.o(.text) referenced from startup_gd32e50x_hd.o(RESET)
 <LI><a href="#[b]">LVD_IRQHandler</a> from startup_gd32e50x_hd.o(.text) referenced from startup_gd32e50x_hd.o(RESET)
 <LI><a href="#[3]">MemManage_Handler</a> from gd32e50x_it.o(.text.MemManage_Handler) referenced from startup_gd32e50x_hd.o(RESET)
 <LI><a href="#[1]">NMI_Handler</a> from gd32e50x_it.o(.text.NMI_Handler) referenced from startup_gd32e50x_hd.o(RESET)
 <LI><a href="#[8]">PendSV_Handler</a> from gd32e50x_it.o(.text.PendSV_Handler) referenced from startup_gd32e50x_hd.o(RESET)
 <LI><a href="#[f]">RCU_CTC_IRQHandler</a> from startup_gd32e50x_hd.o(.text) referenced from startup_gd32e50x_hd.o(RESET)
 <LI><a href="#[33]">RTC_Alarm_IRQHandler</a> from startup_gd32e50x_hd.o(.text) referenced from startup_gd32e50x_hd.o(RESET)
 <LI><a href="#[d]">RTC_IRQHandler</a> from startup_gd32e50x_hd.o(.text) referenced from startup_gd32e50x_hd.o(RESET)
 <LI><a href="#[0]">Reset_Handler</a> from startup_gd32e50x_hd.o(.text) referenced from startup_gd32e50x_hd.o(RESET)
 <LI><a href="#[3b]">SDIO_IRQHandler</a> from startup_gd32e50x_hd.o(.text) referenced from startup_gd32e50x_hd.o(RESET)
 <LI><a href="#[4f]">SHRTIMER_IRQ0_IRQHandler</a> from startup_gd32e50x_hd.o(.text) referenced from startup_gd32e50x_hd.o(RESET)
 <LI><a href="#[50]">SHRTIMER_IRQ1_IRQHandler</a> from startup_gd32e50x_hd.o(.text) referenced from startup_gd32e50x_hd.o(RESET)
 <LI><a href="#[4a]">SHRTIMER_IRQ2_IRQHandler</a> from startup_gd32e50x_hd.o(.text) referenced from startup_gd32e50x_hd.o(RESET)
 <LI><a href="#[4b]">SHRTIMER_IRQ3_IRQHandler</a> from startup_gd32e50x_hd.o(.text) referenced from startup_gd32e50x_hd.o(RESET)
 <LI><a href="#[4c]">SHRTIMER_IRQ4_IRQHandler</a> from startup_gd32e50x_hd.o(.text) referenced from startup_gd32e50x_hd.o(RESET)
 <LI><a href="#[4d]">SHRTIMER_IRQ5_IRQHandler</a> from startup_gd32e50x_hd.o(.text) referenced from startup_gd32e50x_hd.o(RESET)
 <LI><a href="#[4e]">SHRTIMER_IRQ6_IRQHandler</a> from startup_gd32e50x_hd.o(.text) referenced from startup_gd32e50x_hd.o(RESET)
 <LI><a href="#[2d]">SPI0_IRQHandler</a> from startup_gd32e50x_hd.o(.text) referenced from startup_gd32e50x_hd.o(RESET)
 <LI><a href="#[2e]">SPI1_I2S1ADD_IRQHandler</a> from startup_gd32e50x_hd.o(.text) referenced from startup_gd32e50x_hd.o(RESET)
 <LI><a href="#[3d]">SPI2_I2S2ADD_IRQHandler</a> from startup_gd32e50x_hd.o(.text) referenced from startup_gd32e50x_hd.o(RESET)
 <LI><a href="#[6]">SVC_Handler</a> from gd32e50x_it.o(.text.SVC_Handler) referenced from startup_gd32e50x_hd.o(RESET)
 <LI><a href="#[9]">SysTick_Handler</a> from gd32e50x_it.o(.text.SysTick_Handler) referenced from startup_gd32e50x_hd.o(RESET)
 <LI><a href="#[57]">SystemInit</a> from system_gd32e50x.o(.text.SystemInit) referenced from startup_gd32e50x_hd.o(.text)
 <LI><a href="#[c]">TAMPER_IRQHandler</a> from startup_gd32e50x_hd.o(.text) referenced from startup_gd32e50x_hd.o(RESET)
 <LI><a href="#[22]">TIMER0_BRK_TIMER8_IRQHandler</a> from startup_gd32e50x_hd.o(.text) referenced from startup_gd32e50x_hd.o(RESET)
 <LI><a href="#[25]">TIMER0_Channel_IRQHandler</a> from startup_gd32e50x_hd.o(.text) referenced from startup_gd32e50x_hd.o(RESET)
 <LI><a href="#[24]">TIMER0_TRG_CMT_TIMER10_IRQHandler</a> from startup_gd32e50x_hd.o(.text) referenced from startup_gd32e50x_hd.o(RESET)
 <LI><a href="#[23]">TIMER0_UP_TIMER9_IRQHandler</a> from startup_gd32e50x_hd.o(.text) referenced from startup_gd32e50x_hd.o(RESET)
 <LI><a href="#[26]">TIMER1_IRQHandler</a> from startup_gd32e50x_hd.o(.text) referenced from startup_gd32e50x_hd.o(RESET)
 <LI><a href="#[27]">TIMER2_IRQHandler</a> from startup_gd32e50x_hd.o(.text) referenced from startup_gd32e50x_hd.o(RESET)
 <LI><a href="#[28]">TIMER3_IRQHandler</a> from startup_gd32e50x_hd.o(.text) referenced from startup_gd32e50x_hd.o(RESET)
 <LI><a href="#[3c]">TIMER4_IRQHandler</a> from startup_gd32e50x_hd.o(.text) referenced from startup_gd32e50x_hd.o(RESET)
 <LI><a href="#[40]">TIMER5_DAC_IRQHandler</a> from startup_gd32e50x_hd.o(.text) referenced from startup_gd32e50x_hd.o(RESET)
 <LI><a href="#[41]">TIMER6_IRQHandler</a> from startup_gd32e50x_hd.o(.text) referenced from startup_gd32e50x_hd.o(RESET)
 <LI><a href="#[35]">TIMER7_BRK_TIMER11_IRQHandler</a> from startup_gd32e50x_hd.o(.text) referenced from startup_gd32e50x_hd.o(RESET)
 <LI><a href="#[38]">TIMER7_Channel_IRQHandler</a> from startup_gd32e50x_hd.o(.text) referenced from startup_gd32e50x_hd.o(RESET)
 <LI><a href="#[37]">TIMER7_TRG_CMT_TIMER13_IRQHandler</a> from startup_gd32e50x_hd.o(.text) referenced from startup_gd32e50x_hd.o(RESET)
 <LI><a href="#[36]">TIMER7_UP_TIMER12_IRQHandler</a> from startup_gd32e50x_hd.o(.text) referenced from startup_gd32e50x_hd.o(RESET)
 <LI><a href="#[3e]">UART3_IRQHandler</a> from startup_gd32e50x_hd.o(.text) referenced from startup_gd32e50x_hd.o(RESET)
 <LI><a href="#[3f]">UART4_IRQHandler</a> from startup_gd32e50x_hd.o(.text) referenced from startup_gd32e50x_hd.o(RESET)
 <LI><a href="#[2f]">USART0_IRQHandler</a> from main.o(.text.USART0_IRQHandler) referenced from startup_gd32e50x_hd.o(RESET)
 <LI><a href="#[30]">USART1_IRQHandler</a> from startup_gd32e50x_hd.o(.text) referenced from startup_gd32e50x_hd.o(RESET)
 <LI><a href="#[31]">USART2_IRQHandler</a> from startup_gd32e50x_hd.o(.text) referenced from startup_gd32e50x_hd.o(RESET)
 <LI><a href="#[53]">USART5_IRQHandler</a> from startup_gd32e50x_hd.o(.text) referenced from startup_gd32e50x_hd.o(RESET)
 <LI><a href="#[55]">USART5_WKUP_IRQHandler</a> from startup_gd32e50x_hd.o(.text) referenced from startup_gd32e50x_hd.o(RESET)
 <LI><a href="#[1d]">USBD_HP_CAN0_TX_IRQHandler</a> from startup_gd32e50x_hd.o(.text) referenced from startup_gd32e50x_hd.o(RESET)
 <LI><a href="#[1e]">USBD_LP_CAN0_RX0_IRQHandler</a> from startup_gd32e50x_hd.o(.text) referenced from startup_gd32e50x_hd.o(RESET)
 <LI><a href="#[34]">USBD_WKUP_IRQHandler</a> from startup_gd32e50x_hd.o(.text) referenced from startup_gd32e50x_hd.o(RESET)
 <LI><a href="#[5]">UsageFault_Handler</a> from gd32e50x_it.o(.text.UsageFault_Handler) referenced from startup_gd32e50x_hd.o(RESET)
 <LI><a href="#[a]">WWDGT_IRQHandler</a> from startup_gd32e50x_hd.o(.text) referenced from startup_gd32e50x_hd.o(RESET)
 <LI><a href="#[58]">__main</a> from entry.o(.ARM.Collect$$$$00000000) referenced from startup_gd32e50x_hd.o(.text)
 <LI><a href="#[59]">_snputc</a> from printfa.o(i._snputc) referenced from printfa.o(i.__0vsnprintf)
 <LI><a href="#[56]">main</a> from main.o(.text.main) referenced from entry9a.o(.ARM.Collect$$$$0000000B)
</UL>
<P>
<H3>
Global Symbols
</H3>
<P><STRONG><a name="[58]"></a>__main</STRONG> (Thumb, 0 bytes, Stack size unknown bytes, entry.o(.ARM.Collect$$$$00000000))
<BR>[Address Reference Count : 1]<UL><LI> startup_gd32e50x_hd.o(.text)
</UL>
<P><STRONG><a name="[b4]"></a>_main_stk</STRONG> (Thumb, 0 bytes, Stack size unknown bytes, entry2.o(.ARM.Collect$$$$00000001))

<P><STRONG><a name="[5a]"></a>_main_scatterload</STRONG> (Thumb, 0 bytes, Stack size unknown bytes, entry5.o(.ARM.Collect$$$$00000004))
<BR><BR>[Calls]<UL><LI><a href="#[5b]">&gt;&gt;</a>&nbsp;&nbsp;&nbsp;__scatterload
</UL>

<P><STRONG><a name="[68]"></a>__main_after_scatterload</STRONG> (Thumb, 0 bytes, Stack size unknown bytes, entry5.o(.ARM.Collect$$$$00000004))
<BR><BR>[Called By]<UL><LI><a href="#[5b]">&gt;&gt;</a>&nbsp;&nbsp;&nbsp;__scatterload
</UL>

<P><STRONG><a name="[b5]"></a>_main_clock</STRONG> (Thumb, 0 bytes, Stack size unknown bytes, entry7b.o(.ARM.Collect$$$$00000008))

<P><STRONG><a name="[b6]"></a>_main_cpp_init</STRONG> (Thumb, 0 bytes, Stack size unknown bytes, entry8b.o(.ARM.Collect$$$$0000000A))

<P><STRONG><a name="[b7]"></a>_main_init</STRONG> (Thumb, 0 bytes, Stack size unknown bytes, entry9a.o(.ARM.Collect$$$$0000000B))

<P><STRONG><a name="[b8]"></a>__rt_final_cpp</STRONG> (Thumb, 0 bytes, Stack size unknown bytes, entry10a.o(.ARM.Collect$$$$0000000D))

<P><STRONG><a name="[b9]"></a>__rt_final_exit</STRONG> (Thumb, 0 bytes, Stack size unknown bytes, entry11a.o(.ARM.Collect$$$$0000000F))

<P><STRONG><a name="[0]"></a>Reset_Handler</STRONG> (Thumb, 8 bytes, Stack size 0 bytes, startup_gd32e50x_hd.o(.text))
<BR>[Address Reference Count : 1]<UL><LI> startup_gd32e50x_hd.o(RESET)
</UL>
<P><STRONG><a name="[1c]"></a>ADC0_1_IRQHandler</STRONG> (Thumb, 0 bytes, Stack size 0 bytes, startup_gd32e50x_hd.o(.text))
<BR><BR>[Calls]<UL><LI><a href="#[1c]">&gt;&gt;</a>&nbsp;&nbsp;&nbsp;ADC0_1_IRQHandler
</UL>
<BR>[Called By]<UL><LI><a href="#[1c]">&gt;&gt;</a>&nbsp;&nbsp;&nbsp;ADC0_1_IRQHandler
</UL>
<BR>[Address Reference Count : 1]<UL><LI> startup_gd32e50x_hd.o(RESET)
</UL>
<P><STRONG><a name="[39]"></a>ADC2_IRQHandler</STRONG> (Thumb, 0 bytes, Stack size 0 bytes, startup_gd32e50x_hd.o(.text))
<BR>[Address Reference Count : 1]<UL><LI> startup_gd32e50x_hd.o(RESET)
</UL>
<P><STRONG><a name="[20]"></a>CAN0_EWMC_IRQHandler</STRONG> (Thumb, 0 bytes, Stack size 0 bytes, startup_gd32e50x_hd.o(.text))
<BR>[Address Reference Count : 1]<UL><LI> startup_gd32e50x_hd.o(RESET)
</UL>
<P><STRONG><a name="[1f]"></a>CAN0_RX1_IRQHandler</STRONG> (Thumb, 0 bytes, Stack size 0 bytes, startup_gd32e50x_hd.o(.text))
<BR>[Address Reference Count : 1]<UL><LI> startup_gd32e50x_hd.o(RESET)
</UL>
<P><STRONG><a name="[49]"></a>CAN1_EWMC_IRQHandler</STRONG> (Thumb, 0 bytes, Stack size 0 bytes, startup_gd32e50x_hd.o(.text))
<BR>[Address Reference Count : 1]<UL><LI> startup_gd32e50x_hd.o(RESET)
</UL>
<P><STRONG><a name="[47]"></a>CAN1_RX0_IRQHandler</STRONG> (Thumb, 0 bytes, Stack size 0 bytes, startup_gd32e50x_hd.o(.text))
<BR>[Address Reference Count : 1]<UL><LI> startup_gd32e50x_hd.o(RESET)
</UL>
<P><STRONG><a name="[48]"></a>CAN1_RX1_IRQHandler</STRONG> (Thumb, 0 bytes, Stack size 0 bytes, startup_gd32e50x_hd.o(.text))
<BR>[Address Reference Count : 1]<UL><LI> startup_gd32e50x_hd.o(RESET)
</UL>
<P><STRONG><a name="[46]"></a>CAN1_TX_IRQHandler</STRONG> (Thumb, 0 bytes, Stack size 0 bytes, startup_gd32e50x_hd.o(.text))
<BR>[Address Reference Count : 1]<UL><LI> startup_gd32e50x_hd.o(RESET)
</UL>
<P><STRONG><a name="[15]"></a>DMA0_Channel0_IRQHandler</STRONG> (Thumb, 0 bytes, Stack size 0 bytes, startup_gd32e50x_hd.o(.text))
<BR>[Address Reference Count : 1]<UL><LI> startup_gd32e50x_hd.o(RESET)
</UL>
<P><STRONG><a name="[16]"></a>DMA0_Channel1_IRQHandler</STRONG> (Thumb, 0 bytes, Stack size 0 bytes, startup_gd32e50x_hd.o(.text))
<BR>[Address Reference Count : 1]<UL><LI> startup_gd32e50x_hd.o(RESET)
</UL>
<P><STRONG><a name="[17]"></a>DMA0_Channel2_IRQHandler</STRONG> (Thumb, 0 bytes, Stack size 0 bytes, startup_gd32e50x_hd.o(.text))
<BR>[Address Reference Count : 1]<UL><LI> startup_gd32e50x_hd.o(RESET)
</UL>
<P><STRONG><a name="[19]"></a>DMA0_Channel4_IRQHandler</STRONG> (Thumb, 0 bytes, Stack size 0 bytes, startup_gd32e50x_hd.o(.text))
<BR>[Address Reference Count : 1]<UL><LI> startup_gd32e50x_hd.o(RESET)
</UL>
<P><STRONG><a name="[1a]"></a>DMA0_Channel5_IRQHandler</STRONG> (Thumb, 0 bytes, Stack size 0 bytes, startup_gd32e50x_hd.o(.text))
<BR>[Address Reference Count : 1]<UL><LI> startup_gd32e50x_hd.o(RESET)
</UL>
<P><STRONG><a name="[1b]"></a>DMA0_Channel6_IRQHandler</STRONG> (Thumb, 0 bytes, Stack size 0 bytes, startup_gd32e50x_hd.o(.text))
<BR>[Address Reference Count : 1]<UL><LI> startup_gd32e50x_hd.o(RESET)
</UL>
<P><STRONG><a name="[42]"></a>DMA1_Channel0_IRQHandler</STRONG> (Thumb, 0 bytes, Stack size 0 bytes, startup_gd32e50x_hd.o(.text))
<BR>[Address Reference Count : 1]<UL><LI> startup_gd32e50x_hd.o(RESET)
</UL>
<P><STRONG><a name="[43]"></a>DMA1_Channel1_IRQHandler</STRONG> (Thumb, 0 bytes, Stack size 0 bytes, startup_gd32e50x_hd.o(.text))
<BR>[Address Reference Count : 1]<UL><LI> startup_gd32e50x_hd.o(RESET)
</UL>
<P><STRONG><a name="[44]"></a>DMA1_Channel2_IRQHandler</STRONG> (Thumb, 0 bytes, Stack size 0 bytes, startup_gd32e50x_hd.o(.text))
<BR>[Address Reference Count : 1]<UL><LI> startup_gd32e50x_hd.o(RESET)
</UL>
<P><STRONG><a name="[45]"></a>DMA1_Channel3_4_IRQHandler</STRONG> (Thumb, 0 bytes, Stack size 0 bytes, startup_gd32e50x_hd.o(.text))
<BR>[Address Reference Count : 1]<UL><LI> startup_gd32e50x_hd.o(RESET)
</UL>
<P><STRONG><a name="[3a]"></a>EXMC_IRQHandler</STRONG> (Thumb, 0 bytes, Stack size 0 bytes, startup_gd32e50x_hd.o(.text))
<BR>[Address Reference Count : 1]<UL><LI> startup_gd32e50x_hd.o(RESET)
</UL>
<P><STRONG><a name="[10]"></a>EXTI0_IRQHandler</STRONG> (Thumb, 0 bytes, Stack size 0 bytes, startup_gd32e50x_hd.o(.text))
<BR>[Address Reference Count : 1]<UL><LI> startup_gd32e50x_hd.o(RESET)
</UL>
<P><STRONG><a name="[32]"></a>EXTI10_15_IRQHandler</STRONG> (Thumb, 0 bytes, Stack size 0 bytes, startup_gd32e50x_hd.o(.text))
<BR>[Address Reference Count : 1]<UL><LI> startup_gd32e50x_hd.o(RESET)
</UL>
<P><STRONG><a name="[11]"></a>EXTI1_IRQHandler</STRONG> (Thumb, 0 bytes, Stack size 0 bytes, startup_gd32e50x_hd.o(.text))
<BR>[Address Reference Count : 1]<UL><LI> startup_gd32e50x_hd.o(RESET)
</UL>
<P><STRONG><a name="[12]"></a>EXTI2_IRQHandler</STRONG> (Thumb, 0 bytes, Stack size 0 bytes, startup_gd32e50x_hd.o(.text))
<BR>[Address Reference Count : 1]<UL><LI> startup_gd32e50x_hd.o(RESET)
</UL>
<P><STRONG><a name="[13]"></a>EXTI3_IRQHandler</STRONG> (Thumb, 0 bytes, Stack size 0 bytes, startup_gd32e50x_hd.o(.text))
<BR>[Address Reference Count : 1]<UL><LI> startup_gd32e50x_hd.o(RESET)
</UL>
<P><STRONG><a name="[14]"></a>EXTI4_IRQHandler</STRONG> (Thumb, 0 bytes, Stack size 0 bytes, startup_gd32e50x_hd.o(.text))
<BR>[Address Reference Count : 1]<UL><LI> startup_gd32e50x_hd.o(RESET)
</UL>
<P><STRONG><a name="[21]"></a>EXTI5_9_IRQHandler</STRONG> (Thumb, 0 bytes, Stack size 0 bytes, startup_gd32e50x_hd.o(.text))
<BR>[Address Reference Count : 1]<UL><LI> startup_gd32e50x_hd.o(RESET)
</UL>
<P><STRONG><a name="[e]"></a>FMC_IRQHandler</STRONG> (Thumb, 0 bytes, Stack size 0 bytes, startup_gd32e50x_hd.o(.text))
<BR>[Address Reference Count : 1]<UL><LI> startup_gd32e50x_hd.o(RESET)
</UL>
<P><STRONG><a name="[2a]"></a>I2C0_ER_IRQHandler</STRONG> (Thumb, 0 bytes, Stack size 0 bytes, startup_gd32e50x_hd.o(.text))
<BR>[Address Reference Count : 1]<UL><LI> startup_gd32e50x_hd.o(RESET)
</UL>
<P><STRONG><a name="[29]"></a>I2C0_EV_IRQHandler</STRONG> (Thumb, 0 bytes, Stack size 0 bytes, startup_gd32e50x_hd.o(.text))
<BR>[Address Reference Count : 1]<UL><LI> startup_gd32e50x_hd.o(RESET)
</UL>
<P><STRONG><a name="[2c]"></a>I2C1_ER_IRQHandler</STRONG> (Thumb, 0 bytes, Stack size 0 bytes, startup_gd32e50x_hd.o(.text))
<BR>[Address Reference Count : 1]<UL><LI> startup_gd32e50x_hd.o(RESET)
</UL>
<P><STRONG><a name="[2b]"></a>I2C1_EV_IRQHandler</STRONG> (Thumb, 0 bytes, Stack size 0 bytes, startup_gd32e50x_hd.o(.text))
<BR>[Address Reference Count : 1]<UL><LI> startup_gd32e50x_hd.o(RESET)
</UL>
<P><STRONG><a name="[52]"></a>I2C2_ER_IRQHandler</STRONG> (Thumb, 0 bytes, Stack size 0 bytes, startup_gd32e50x_hd.o(.text))
<BR>[Address Reference Count : 1]<UL><LI> startup_gd32e50x_hd.o(RESET)
</UL>
<P><STRONG><a name="[51]"></a>I2C2_EV_IRQHandler</STRONG> (Thumb, 0 bytes, Stack size 0 bytes, startup_gd32e50x_hd.o(.text))
<BR>[Address Reference Count : 1]<UL><LI> startup_gd32e50x_hd.o(RESET)
</UL>
<P><STRONG><a name="[54]"></a>I2C2_WKUP_IRQHandler</STRONG> (Thumb, 0 bytes, Stack size 0 bytes, startup_gd32e50x_hd.o(.text))
<BR>[Address Reference Count : 1]<UL><LI> startup_gd32e50x_hd.o(RESET)
</UL>
<P><STRONG><a name="[b]"></a>LVD_IRQHandler</STRONG> (Thumb, 0 bytes, Stack size 0 bytes, startup_gd32e50x_hd.o(.text))
<BR>[Address Reference Count : 1]<UL><LI> startup_gd32e50x_hd.o(RESET)
</UL>
<P><STRONG><a name="[f]"></a>RCU_CTC_IRQHandler</STRONG> (Thumb, 0 bytes, Stack size 0 bytes, startup_gd32e50x_hd.o(.text))
<BR>[Address Reference Count : 1]<UL><LI> startup_gd32e50x_hd.o(RESET)
</UL>
<P><STRONG><a name="[33]"></a>RTC_Alarm_IRQHandler</STRONG> (Thumb, 0 bytes, Stack size 0 bytes, startup_gd32e50x_hd.o(.text))
<BR>[Address Reference Count : 1]<UL><LI> startup_gd32e50x_hd.o(RESET)
</UL>
<P><STRONG><a name="[d]"></a>RTC_IRQHandler</STRONG> (Thumb, 0 bytes, Stack size 0 bytes, startup_gd32e50x_hd.o(.text))
<BR>[Address Reference Count : 1]<UL><LI> startup_gd32e50x_hd.o(RESET)
</UL>
<P><STRONG><a name="[3b]"></a>SDIO_IRQHandler</STRONG> (Thumb, 0 bytes, Stack size 0 bytes, startup_gd32e50x_hd.o(.text))
<BR>[Address Reference Count : 1]<UL><LI> startup_gd32e50x_hd.o(RESET)
</UL>
<P><STRONG><a name="[4f]"></a>SHRTIMER_IRQ0_IRQHandler</STRONG> (Thumb, 0 bytes, Stack size 0 bytes, startup_gd32e50x_hd.o(.text))
<BR>[Address Reference Count : 1]<UL><LI> startup_gd32e50x_hd.o(RESET)
</UL>
<P><STRONG><a name="[50]"></a>SHRTIMER_IRQ1_IRQHandler</STRONG> (Thumb, 0 bytes, Stack size 0 bytes, startup_gd32e50x_hd.o(.text))
<BR>[Address Reference Count : 1]<UL><LI> startup_gd32e50x_hd.o(RESET)
</UL>
<P><STRONG><a name="[4a]"></a>SHRTIMER_IRQ2_IRQHandler</STRONG> (Thumb, 0 bytes, Stack size 0 bytes, startup_gd32e50x_hd.o(.text))
<BR>[Address Reference Count : 1]<UL><LI> startup_gd32e50x_hd.o(RESET)
</UL>
<P><STRONG><a name="[4b]"></a>SHRTIMER_IRQ3_IRQHandler</STRONG> (Thumb, 0 bytes, Stack size 0 bytes, startup_gd32e50x_hd.o(.text))
<BR>[Address Reference Count : 1]<UL><LI> startup_gd32e50x_hd.o(RESET)
</UL>
<P><STRONG><a name="[4c]"></a>SHRTIMER_IRQ4_IRQHandler</STRONG> (Thumb, 0 bytes, Stack size 0 bytes, startup_gd32e50x_hd.o(.text))
<BR>[Address Reference Count : 1]<UL><LI> startup_gd32e50x_hd.o(RESET)
</UL>
<P><STRONG><a name="[4d]"></a>SHRTIMER_IRQ5_IRQHandler</STRONG> (Thumb, 0 bytes, Stack size 0 bytes, startup_gd32e50x_hd.o(.text))
<BR>[Address Reference Count : 1]<UL><LI> startup_gd32e50x_hd.o(RESET)
</UL>
<P><STRONG><a name="[4e]"></a>SHRTIMER_IRQ6_IRQHandler</STRONG> (Thumb, 0 bytes, Stack size 0 bytes, startup_gd32e50x_hd.o(.text))
<BR>[Address Reference Count : 1]<UL><LI> startup_gd32e50x_hd.o(RESET)
</UL>
<P><STRONG><a name="[2d]"></a>SPI0_IRQHandler</STRONG> (Thumb, 0 bytes, Stack size 0 bytes, startup_gd32e50x_hd.o(.text))
<BR>[Address Reference Count : 1]<UL><LI> startup_gd32e50x_hd.o(RESET)
</UL>
<P><STRONG><a name="[2e]"></a>SPI1_I2S1ADD_IRQHandler</STRONG> (Thumb, 0 bytes, Stack size 0 bytes, startup_gd32e50x_hd.o(.text))
<BR>[Address Reference Count : 1]<UL><LI> startup_gd32e50x_hd.o(RESET)
</UL>
<P><STRONG><a name="[3d]"></a>SPI2_I2S2ADD_IRQHandler</STRONG> (Thumb, 0 bytes, Stack size 0 bytes, startup_gd32e50x_hd.o(.text))
<BR>[Address Reference Count : 1]<UL><LI> startup_gd32e50x_hd.o(RESET)
</UL>
<P><STRONG><a name="[c]"></a>TAMPER_IRQHandler</STRONG> (Thumb, 0 bytes, Stack size 0 bytes, startup_gd32e50x_hd.o(.text))
<BR>[Address Reference Count : 1]<UL><LI> startup_gd32e50x_hd.o(RESET)
</UL>
<P><STRONG><a name="[22]"></a>TIMER0_BRK_TIMER8_IRQHandler</STRONG> (Thumb, 0 bytes, Stack size 0 bytes, startup_gd32e50x_hd.o(.text))
<BR>[Address Reference Count : 1]<UL><LI> startup_gd32e50x_hd.o(RESET)
</UL>
<P><STRONG><a name="[25]"></a>TIMER0_Channel_IRQHandler</STRONG> (Thumb, 0 bytes, Stack size 0 bytes, startup_gd32e50x_hd.o(.text))
<BR>[Address Reference Count : 1]<UL><LI> startup_gd32e50x_hd.o(RESET)
</UL>
<P><STRONG><a name="[24]"></a>TIMER0_TRG_CMT_TIMER10_IRQHandler</STRONG> (Thumb, 0 bytes, Stack size 0 bytes, startup_gd32e50x_hd.o(.text))
<BR>[Address Reference Count : 1]<UL><LI> startup_gd32e50x_hd.o(RESET)
</UL>
<P><STRONG><a name="[23]"></a>TIMER0_UP_TIMER9_IRQHandler</STRONG> (Thumb, 0 bytes, Stack size 0 bytes, startup_gd32e50x_hd.o(.text))
<BR>[Address Reference Count : 1]<UL><LI> startup_gd32e50x_hd.o(RESET)
</UL>
<P><STRONG><a name="[26]"></a>TIMER1_IRQHandler</STRONG> (Thumb, 0 bytes, Stack size 0 bytes, startup_gd32e50x_hd.o(.text))
<BR>[Address Reference Count : 1]<UL><LI> startup_gd32e50x_hd.o(RESET)
</UL>
<P><STRONG><a name="[27]"></a>TIMER2_IRQHandler</STRONG> (Thumb, 0 bytes, Stack size 0 bytes, startup_gd32e50x_hd.o(.text))
<BR>[Address Reference Count : 1]<UL><LI> startup_gd32e50x_hd.o(RESET)
</UL>
<P><STRONG><a name="[28]"></a>TIMER3_IRQHandler</STRONG> (Thumb, 0 bytes, Stack size 0 bytes, startup_gd32e50x_hd.o(.text))
<BR>[Address Reference Count : 1]<UL><LI> startup_gd32e50x_hd.o(RESET)
</UL>
<P><STRONG><a name="[3c]"></a>TIMER4_IRQHandler</STRONG> (Thumb, 0 bytes, Stack size 0 bytes, startup_gd32e50x_hd.o(.text))
<BR>[Address Reference Count : 1]<UL><LI> startup_gd32e50x_hd.o(RESET)
</UL>
<P><STRONG><a name="[40]"></a>TIMER5_DAC_IRQHandler</STRONG> (Thumb, 0 bytes, Stack size 0 bytes, startup_gd32e50x_hd.o(.text))
<BR>[Address Reference Count : 1]<UL><LI> startup_gd32e50x_hd.o(RESET)
</UL>
<P><STRONG><a name="[41]"></a>TIMER6_IRQHandler</STRONG> (Thumb, 0 bytes, Stack size 0 bytes, startup_gd32e50x_hd.o(.text))
<BR>[Address Reference Count : 1]<UL><LI> startup_gd32e50x_hd.o(RESET)
</UL>
<P><STRONG><a name="[35]"></a>TIMER7_BRK_TIMER11_IRQHandler</STRONG> (Thumb, 0 bytes, Stack size 0 bytes, startup_gd32e50x_hd.o(.text))
<BR>[Address Reference Count : 1]<UL><LI> startup_gd32e50x_hd.o(RESET)
</UL>
<P><STRONG><a name="[38]"></a>TIMER7_Channel_IRQHandler</STRONG> (Thumb, 0 bytes, Stack size 0 bytes, startup_gd32e50x_hd.o(.text))
<BR>[Address Reference Count : 1]<UL><LI> startup_gd32e50x_hd.o(RESET)
</UL>
<P><STRONG><a name="[37]"></a>TIMER7_TRG_CMT_TIMER13_IRQHandler</STRONG> (Thumb, 0 bytes, Stack size 0 bytes, startup_gd32e50x_hd.o(.text))
<BR>[Address Reference Count : 1]<UL><LI> startup_gd32e50x_hd.o(RESET)
</UL>
<P><STRONG><a name="[36]"></a>TIMER7_UP_TIMER12_IRQHandler</STRONG> (Thumb, 0 bytes, Stack size 0 bytes, startup_gd32e50x_hd.o(.text))
<BR>[Address Reference Count : 1]<UL><LI> startup_gd32e50x_hd.o(RESET)
</UL>
<P><STRONG><a name="[3e]"></a>UART3_IRQHandler</STRONG> (Thumb, 0 bytes, Stack size 0 bytes, startup_gd32e50x_hd.o(.text))
<BR>[Address Reference Count : 1]<UL><LI> startup_gd32e50x_hd.o(RESET)
</UL>
<P><STRONG><a name="[3f]"></a>UART4_IRQHandler</STRONG> (Thumb, 0 bytes, Stack size 0 bytes, startup_gd32e50x_hd.o(.text))
<BR>[Address Reference Count : 1]<UL><LI> startup_gd32e50x_hd.o(RESET)
</UL>
<P><STRONG><a name="[30]"></a>USART1_IRQHandler</STRONG> (Thumb, 0 bytes, Stack size 0 bytes, startup_gd32e50x_hd.o(.text))
<BR>[Address Reference Count : 1]<UL><LI> startup_gd32e50x_hd.o(RESET)
</UL>
<P><STRONG><a name="[31]"></a>USART2_IRQHandler</STRONG> (Thumb, 0 bytes, Stack size 0 bytes, startup_gd32e50x_hd.o(.text))
<BR>[Address Reference Count : 1]<UL><LI> startup_gd32e50x_hd.o(RESET)
</UL>
<P><STRONG><a name="[53]"></a>USART5_IRQHandler</STRONG> (Thumb, 0 bytes, Stack size 0 bytes, startup_gd32e50x_hd.o(.text))
<BR>[Address Reference Count : 1]<UL><LI> startup_gd32e50x_hd.o(RESET)
</UL>
<P><STRONG><a name="[55]"></a>USART5_WKUP_IRQHandler</STRONG> (Thumb, 0 bytes, Stack size 0 bytes, startup_gd32e50x_hd.o(.text))
<BR>[Address Reference Count : 1]<UL><LI> startup_gd32e50x_hd.o(RESET)
</UL>
<P><STRONG><a name="[1d]"></a>USBD_HP_CAN0_TX_IRQHandler</STRONG> (Thumb, 0 bytes, Stack size 0 bytes, startup_gd32e50x_hd.o(.text))
<BR>[Address Reference Count : 1]<UL><LI> startup_gd32e50x_hd.o(RESET)
</UL>
<P><STRONG><a name="[1e]"></a>USBD_LP_CAN0_RX0_IRQHandler</STRONG> (Thumb, 0 bytes, Stack size 0 bytes, startup_gd32e50x_hd.o(.text))
<BR>[Address Reference Count : 1]<UL><LI> startup_gd32e50x_hd.o(RESET)
</UL>
<P><STRONG><a name="[34]"></a>USBD_WKUP_IRQHandler</STRONG> (Thumb, 0 bytes, Stack size 0 bytes, startup_gd32e50x_hd.o(.text))
<BR>[Address Reference Count : 1]<UL><LI> startup_gd32e50x_hd.o(RESET)
</UL>
<P><STRONG><a name="[a]"></a>WWDGT_IRQHandler</STRONG> (Thumb, 0 bytes, Stack size 0 bytes, startup_gd32e50x_hd.o(.text))
<BR>[Address Reference Count : 1]<UL><LI> startup_gd32e50x_hd.o(RESET)
</UL>
<P><STRONG><a name="[96]"></a>__aeabi_memcpy</STRONG> (Thumb, 36 bytes, Stack size 0 bytes, memcpya.o(.text))
<BR><BR>[Called By]<UL><LI><a href="#[94]">&gt;&gt;</a>&nbsp;&nbsp;&nbsp;ring_buf_write
</UL>

<P><STRONG><a name="[ba]"></a>__aeabi_memcpy4</STRONG> (Thumb, 0 bytes, Stack size 0 bytes, memcpya.o(.text), UNUSED)

<P><STRONG><a name="[bb]"></a>__aeabi_memcpy8</STRONG> (Thumb, 0 bytes, Stack size 0 bytes, memcpya.o(.text), UNUSED)

<P><STRONG><a name="[89]"></a>strcmp</STRONG> (Thumb, 28 bytes, Stack size 8 bytes, strcmp.o(.text))
<BR><BR>[Stack]<UL><LI>Max Depth = 8<LI>Call Chain = strcmp
</UL>
<BR>[Called By]<UL><LI><a href="#[2f]">&gt;&gt;</a>&nbsp;&nbsp;&nbsp;USART0_IRQHandler
</UL>

<P><STRONG><a name="[bc]"></a>__aeabi_uidiv</STRONG> (Thumb, 0 bytes, Stack size 12 bytes, uidiv.o(.text), UNUSED)

<P><STRONG><a name="[b3]"></a>__aeabi_uidivmod</STRONG> (Thumb, 44 bytes, Stack size 12 bytes, uidiv.o(.text), UNUSED)
<BR><BR>[Called By]<UL><LI><a href="#[ae]">&gt;&gt;</a>&nbsp;&nbsp;&nbsp;_printf_core
</UL>

<P><STRONG><a name="[5c]"></a>__aeabi_uldivmod</STRONG> (Thumb, 98 bytes, Stack size 40 bytes, uldiv.o(.text), UNUSED)
<BR><BR>[Calls]<UL><LI><a href="#[5d]">&gt;&gt;</a>&nbsp;&nbsp;&nbsp;__aeabi_llsr
<LI><a href="#[5e]">&gt;&gt;</a>&nbsp;&nbsp;&nbsp;__aeabi_llsl
</UL>
<BR>[Called By]<UL><LI><a href="#[ae]">&gt;&gt;</a>&nbsp;&nbsp;&nbsp;_printf_core
<LI><a href="#[af]">&gt;&gt;</a>&nbsp;&nbsp;&nbsp;_fp_digits
</UL>

<P><STRONG><a name="[bd]"></a>__I$use$fp</STRONG> (Thumb, 0 bytes, Stack size 48 bytes, iusefp.o(.text), UNUSED)

<P><STRONG><a name="[5f]"></a>__aeabi_dadd</STRONG> (Thumb, 322 bytes, Stack size 48 bytes, dadd.o(.text), UNUSED)
<BR><BR>[Calls]<UL><LI><a href="#[60]">&gt;&gt;</a>&nbsp;&nbsp;&nbsp;__aeabi_lasr
<LI><a href="#[5e]">&gt;&gt;</a>&nbsp;&nbsp;&nbsp;__aeabi_llsl
<LI><a href="#[62]">&gt;&gt;</a>&nbsp;&nbsp;&nbsp;_double_round
<LI><a href="#[61]">&gt;&gt;</a>&nbsp;&nbsp;&nbsp;_double_epilogue
</UL>
<BR>[Called By]<UL><LI><a href="#[64]">&gt;&gt;</a>&nbsp;&nbsp;&nbsp;__aeabi_drsub
<LI><a href="#[63]">&gt;&gt;</a>&nbsp;&nbsp;&nbsp;__aeabi_dsub
<LI><a href="#[af]">&gt;&gt;</a>&nbsp;&nbsp;&nbsp;_fp_digits
</UL>

<P><STRONG><a name="[63]"></a>__aeabi_dsub</STRONG> (Thumb, 6 bytes, Stack size 0 bytes, dadd.o(.text), UNUSED)
<BR><BR>[Calls]<UL><LI><a href="#[5f]">&gt;&gt;</a>&nbsp;&nbsp;&nbsp;__aeabi_dadd
</UL>

<P><STRONG><a name="[64]"></a>__aeabi_drsub</STRONG> (Thumb, 6 bytes, Stack size 0 bytes, dadd.o(.text), UNUSED)
<BR><BR>[Calls]<UL><LI><a href="#[5f]">&gt;&gt;</a>&nbsp;&nbsp;&nbsp;__aeabi_dadd
</UL>

<P><STRONG><a name="[65]"></a>__aeabi_dmul</STRONG> (Thumb, 228 bytes, Stack size 48 bytes, dmul.o(.text), UNUSED)
<BR><BR>[Calls]<UL><LI><a href="#[61]">&gt;&gt;</a>&nbsp;&nbsp;&nbsp;_double_epilogue
</UL>
<BR>[Called By]<UL><LI><a href="#[af]">&gt;&gt;</a>&nbsp;&nbsp;&nbsp;_fp_digits
</UL>

<P><STRONG><a name="[66]"></a>__aeabi_ddiv</STRONG> (Thumb, 222 bytes, Stack size 32 bytes, ddiv.o(.text), UNUSED)
<BR><BR>[Calls]<UL><LI><a href="#[62]">&gt;&gt;</a>&nbsp;&nbsp;&nbsp;_double_round
</UL>
<BR>[Called By]<UL><LI><a href="#[af]">&gt;&gt;</a>&nbsp;&nbsp;&nbsp;_fp_digits
</UL>

<P><STRONG><a name="[67]"></a>__aeabi_d2ulz</STRONG> (Thumb, 48 bytes, Stack size 0 bytes, dfixul.o(.text), UNUSED)
<BR><BR>[Calls]<UL><LI><a href="#[5d]">&gt;&gt;</a>&nbsp;&nbsp;&nbsp;__aeabi_llsr
<LI><a href="#[5e]">&gt;&gt;</a>&nbsp;&nbsp;&nbsp;__aeabi_llsl
</UL>
<BR>[Called By]<UL><LI><a href="#[af]">&gt;&gt;</a>&nbsp;&nbsp;&nbsp;_fp_digits
</UL>

<P><STRONG><a name="[b0]"></a>__aeabi_cdrcmple</STRONG> (Thumb, 48 bytes, Stack size 0 bytes, cdrcmple.o(.text), UNUSED)
<BR><BR>[Called By]<UL><LI><a href="#[af]">&gt;&gt;</a>&nbsp;&nbsp;&nbsp;_fp_digits
</UL>

<P><STRONG><a name="[5b]"></a>__scatterload</STRONG> (Thumb, 28 bytes, Stack size 0 bytes, init.o(.text))
<BR><BR>[Calls]<UL><LI><a href="#[68]">&gt;&gt;</a>&nbsp;&nbsp;&nbsp;__main_after_scatterload
</UL>
<BR>[Called By]<UL><LI><a href="#[5a]">&gt;&gt;</a>&nbsp;&nbsp;&nbsp;_main_scatterload
</UL>

<P><STRONG><a name="[be]"></a>__scatterload_rt2</STRONG> (Thumb, 0 bytes, Stack size 0 bytes, init.o(.text), UNUSED)

<P><STRONG><a name="[5e]"></a>__aeabi_llsl</STRONG> (Thumb, 30 bytes, Stack size 0 bytes, llshl.o(.text), UNUSED)
<BR><BR>[Called By]<UL><LI><a href="#[61]">&gt;&gt;</a>&nbsp;&nbsp;&nbsp;_double_epilogue
<LI><a href="#[5c]">&gt;&gt;</a>&nbsp;&nbsp;&nbsp;__aeabi_uldivmod
<LI><a href="#[5f]">&gt;&gt;</a>&nbsp;&nbsp;&nbsp;__aeabi_dadd
<LI><a href="#[67]">&gt;&gt;</a>&nbsp;&nbsp;&nbsp;__aeabi_d2ulz
</UL>

<P><STRONG><a name="[bf]"></a>_ll_shift_l</STRONG> (Thumb, 0 bytes, Stack size 0 bytes, llshl.o(.text), UNUSED)

<P><STRONG><a name="[5d]"></a>__aeabi_llsr</STRONG> (Thumb, 32 bytes, Stack size 0 bytes, llushr.o(.text), UNUSED)
<BR><BR>[Called By]<UL><LI><a href="#[61]">&gt;&gt;</a>&nbsp;&nbsp;&nbsp;_double_epilogue
<LI><a href="#[5c]">&gt;&gt;</a>&nbsp;&nbsp;&nbsp;__aeabi_uldivmod
<LI><a href="#[67]">&gt;&gt;</a>&nbsp;&nbsp;&nbsp;__aeabi_d2ulz
</UL>

<P><STRONG><a name="[c0]"></a>_ll_ushift_r</STRONG> (Thumb, 0 bytes, Stack size 0 bytes, llushr.o(.text), UNUSED)

<P><STRONG><a name="[60]"></a>__aeabi_lasr</STRONG> (Thumb, 36 bytes, Stack size 0 bytes, llsshr.o(.text), UNUSED)
<BR><BR>[Called By]<UL><LI><a href="#[5f]">&gt;&gt;</a>&nbsp;&nbsp;&nbsp;__aeabi_dadd
</UL>

<P><STRONG><a name="[c1]"></a>_ll_sshift_r</STRONG> (Thumb, 0 bytes, Stack size 0 bytes, llsshr.o(.text), UNUSED)

<P><STRONG><a name="[62]"></a>_double_round</STRONG> (Thumb, 30 bytes, Stack size 8 bytes, depilogue.o(.text), UNUSED)
<BR><BR>[Called By]<UL><LI><a href="#[61]">&gt;&gt;</a>&nbsp;&nbsp;&nbsp;_double_epilogue
<LI><a href="#[66]">&gt;&gt;</a>&nbsp;&nbsp;&nbsp;__aeabi_ddiv
<LI><a href="#[5f]">&gt;&gt;</a>&nbsp;&nbsp;&nbsp;__aeabi_dadd
</UL>

<P><STRONG><a name="[61]"></a>_double_epilogue</STRONG> (Thumb, 156 bytes, Stack size 32 bytes, depilogue.o(.text), UNUSED)
<BR><BR>[Calls]<UL><LI><a href="#[5d]">&gt;&gt;</a>&nbsp;&nbsp;&nbsp;__aeabi_llsr
<LI><a href="#[5e]">&gt;&gt;</a>&nbsp;&nbsp;&nbsp;__aeabi_llsl
<LI><a href="#[62]">&gt;&gt;</a>&nbsp;&nbsp;&nbsp;_double_round
</UL>
<BR>[Called By]<UL><LI><a href="#[65]">&gt;&gt;</a>&nbsp;&nbsp;&nbsp;__aeabi_dmul
<LI><a href="#[5f]">&gt;&gt;</a>&nbsp;&nbsp;&nbsp;__aeabi_dadd
</UL>

<P><STRONG><a name="[4]"></a>BusFault_Handler</STRONG> (Thumb, 4 bytes, Stack size 0 bytes, gd32e50x_it.o(.text.BusFault_Handler))
<BR>[Address Reference Count : 1]<UL><LI> startup_gd32e50x_hd.o(RESET)
</UL>
<P><STRONG><a name="[18]"></a>DMA0_Channel3_IRQHandler</STRONG> (Thumb, 86 bytes, Stack size 16 bytes, main.o(.text.DMA0_Channel3_IRQHandler))
<BR><BR>[Stack]<UL><LI>Max Depth = 88<LI>Call Chain = DMA0_Channel3_IRQHandler &rArr; DMA_TX_start &rArr; dma_transfer_number_config &rArr; dma_periph_and_channel_check
</UL>
<BR>[Calls]<UL><LI><a href="#[69]">&gt;&gt;</a>&nbsp;&nbsp;&nbsp;dma_interrupt_flag_get
<LI><a href="#[6a]">&gt;&gt;</a>&nbsp;&nbsp;&nbsp;dma_interrupt_flag_clear
<LI><a href="#[6b]">&gt;&gt;</a>&nbsp;&nbsp;&nbsp;DMA_TX_start
</UL>
<BR>[Address Reference Count : 1]<UL><LI> startup_gd32e50x_hd.o(RESET)
</UL>
<P><STRONG><a name="[7]"></a>DebugMon_Handler</STRONG> (Thumb, 4 bytes, Stack size 0 bytes, gd32e50x_it.o(.text.DebugMon_Handler))
<BR>[Address Reference Count : 1]<UL><LI> startup_gd32e50x_hd.o(RESET)
</UL>
<P><STRONG><a name="[2]"></a>HardFault_Handler</STRONG> (Thumb, 4 bytes, Stack size 0 bytes, gd32e50x_it.o(.text.HardFault_Handler))
<BR>[Address Reference Count : 1]<UL><LI> startup_gd32e50x_hd.o(RESET)
</UL>
<P><STRONG><a name="[3]"></a>MemManage_Handler</STRONG> (Thumb, 4 bytes, Stack size 0 bytes, gd32e50x_it.o(.text.MemManage_Handler))
<BR>[Address Reference Count : 1]<UL><LI> startup_gd32e50x_hd.o(RESET)
</UL>
<P><STRONG><a name="[1]"></a>NMI_Handler</STRONG> (Thumb, 4 bytes, Stack size 0 bytes, gd32e50x_it.o(.text.NMI_Handler))
<BR>[Address Reference Count : 1]<UL><LI> startup_gd32e50x_hd.o(RESET)
</UL>
<P><STRONG><a name="[71]"></a>NOR_Erase</STRONG> (Thumb, 138 bytes, Stack size 32 bytes, spi_dma_flash.o(.text.NOR_Erase))
<BR><BR>[Stack]<UL><LI>Max Depth = 100<LI>Call Chain = NOR_Erase &rArr; nor_read_sr &rArr; spi2rw &rArr; spi_i2s_flag_get
</UL>
<BR>[Calls]<UL><LI><a href="#[72]">&gt;&gt;</a>&nbsp;&nbsp;&nbsp;nor_read_sr
</UL>
<BR>[Called By]<UL><LI><a href="#[73]">&gt;&gt;</a>&nbsp;&nbsp;&nbsp;NOR_Write_Test
</UL>

<P><STRONG><a name="[73]"></a>NOR_Write_Test</STRONG> (Thumb, 12 bytes, Stack size 8 bytes, spi_dma_flash.o(.text.NOR_Write_Test))
<BR><BR>[Stack]<UL><LI>Max Depth = 108<LI>Call Chain = NOR_Write_Test &rArr; NOR_Erase &rArr; nor_read_sr &rArr; spi2rw &rArr; spi_i2s_flag_get
</UL>
<BR>[Calls]<UL><LI><a href="#[71]">&gt;&gt;</a>&nbsp;&nbsp;&nbsp;NOR_Erase
</UL>
<BR>[Called By]<UL><LI><a href="#[56]">&gt;&gt;</a>&nbsp;&nbsp;&nbsp;main
</UL>

<P><STRONG><a name="[8]"></a>PendSV_Handler</STRONG> (Thumb, 4 bytes, Stack size 0 bytes, gd32e50x_it.o(.text.PendSV_Handler))
<BR>[Address Reference Count : 1]<UL><LI> startup_gd32e50x_hd.o(RESET)
</UL>
<P><STRONG><a name="[74]"></a>SPI_X_DMA_X_Init</STRONG> (Thumb, 322 bytes, Stack size 112 bytes, spi_dma_flash.o(.text.SPI_X_DMA_X_Init))
<BR><BR>[Stack]<UL><LI>Max Depth = 172<LI>Call Chain = SPI_X_DMA_X_Init &rArr; gpio_init
</UL>
<BR>[Calls]<UL><LI><a href="#[77]">&gt;&gt;</a>&nbsp;&nbsp;&nbsp;spi_init
<LI><a href="#[78]">&gt;&gt;</a>&nbsp;&nbsp;&nbsp;spi_enable
<LI><a href="#[7d]">&gt;&gt;</a>&nbsp;&nbsp;&nbsp;gpio_bit_set
<LI><a href="#[7c]">&gt;&gt;</a>&nbsp;&nbsp;&nbsp;dma_memory_to_memory_disable
<LI><a href="#[7b]">&gt;&gt;</a>&nbsp;&nbsp;&nbsp;dma_circulation_disable
<LI><a href="#[75]">&gt;&gt;</a>&nbsp;&nbsp;&nbsp;rcu_periph_clock_enable
<LI><a href="#[76]">&gt;&gt;</a>&nbsp;&nbsp;&nbsp;gpio_init
<LI><a href="#[7a]">&gt;&gt;</a>&nbsp;&nbsp;&nbsp;dma_init
<LI><a href="#[79]">&gt;&gt;</a>&nbsp;&nbsp;&nbsp;dma_deinit
</UL>
<BR>[Called By]<UL><LI><a href="#[56]">&gt;&gt;</a>&nbsp;&nbsp;&nbsp;main
</UL>

<P><STRONG><a name="[6]"></a>SVC_Handler</STRONG> (Thumb, 4 bytes, Stack size 0 bytes, gd32e50x_it.o(.text.SVC_Handler))
<BR>[Address Reference Count : 1]<UL><LI> startup_gd32e50x_hd.o(RESET)
</UL>
<P><STRONG><a name="[9]"></a>SysTick_Handler</STRONG> (Thumb, 8 bytes, Stack size 8 bytes, gd32e50x_it.o(.text.SysTick_Handler))
<BR><BR>[Stack]<UL><LI>Max Depth = 8<LI>Call Chain = SysTick_Handler
</UL>
<BR>[Calls]<UL><LI><a href="#[80]">&gt;&gt;</a>&nbsp;&nbsp;&nbsp;delay_decrement
</UL>
<BR>[Address Reference Count : 1]<UL><LI> startup_gd32e50x_hd.o(RESET)
</UL>
<P><STRONG><a name="[57]"></a>SystemInit</STRONG> (Thumb, 236 bytes, Stack size 16 bytes, system_gd32e50x.o(.text.SystemInit))
<BR><BR>[Stack]<UL><LI>Max Depth = 40<LI>Call Chain = SystemInit &rArr; system_clock_config &rArr; system_clock_180m_hxtal
</UL>
<BR>[Calls]<UL><LI><a href="#[82]">&gt;&gt;</a>&nbsp;&nbsp;&nbsp;nvic_vector_table_set
<LI><a href="#[81]">&gt;&gt;</a>&nbsp;&nbsp;&nbsp;system_clock_config
</UL>
<BR>[Address Reference Count : 1]<UL><LI> startup_gd32e50x_hd.o(.text)
</UL>
<P><STRONG><a name="[2f]"></a>USART0_IRQHandler</STRONG> (Thumb, 216 bytes, Stack size 24 bytes, main.o(.text.USART0_IRQHandler))
<BR><BR>[Stack]<UL><LI>Max Depth = 144<LI>Call Chain = USART0_IRQHandler &rArr; uprintf &rArr; DMA_TX_start &rArr; dma_transfer_number_config &rArr; dma_periph_and_channel_check
</UL>
<BR>[Calls]<UL><LI><a href="#[85]">&gt;&gt;</a>&nbsp;&nbsp;&nbsp;usart_interrupt_flag_get
<LI><a href="#[86]">&gt;&gt;</a>&nbsp;&nbsp;&nbsp;usart_interrupt_flag_clear
<LI><a href="#[8a]">&gt;&gt;</a>&nbsp;&nbsp;&nbsp;uprintf
<LI><a href="#[88]">&gt;&gt;</a>&nbsp;&nbsp;&nbsp;strip_crlf
<LI><a href="#[87]">&gt;&gt;</a>&nbsp;&nbsp;&nbsp;dma_transfer_number_get
<LI><a href="#[6f]">&gt;&gt;</a>&nbsp;&nbsp;&nbsp;dma_transfer_number_config
<LI><a href="#[70]">&gt;&gt;</a>&nbsp;&nbsp;&nbsp;dma_channel_enable
<LI><a href="#[6d]">&gt;&gt;</a>&nbsp;&nbsp;&nbsp;dma_channel_disable
<LI><a href="#[89]">&gt;&gt;</a>&nbsp;&nbsp;&nbsp;strcmp
</UL>
<BR>[Address Reference Count : 1]<UL><LI> startup_gd32e50x_hd.o(RESET)
</UL>
<P><STRONG><a name="[5]"></a>UsageFault_Handler</STRONG> (Thumb, 4 bytes, Stack size 0 bytes, gd32e50x_it.o(.text.UsageFault_Handler))
<BR>[Address Reference Count : 1]<UL><LI> startup_gd32e50x_hd.o(RESET)
</UL>
<P><STRONG><a name="[8f]"></a>delay_1ms</STRONG> (Thumb, 44 bytes, Stack size 8 bytes, systick.o(.text.delay_1ms))
<BR><BR>[Stack]<UL><LI>Max Depth = 8<LI>Call Chain = delay_1ms
</UL>
<BR>[Called By]<UL><LI><a href="#[56]">&gt;&gt;</a>&nbsp;&nbsp;&nbsp;main
</UL>

<P><STRONG><a name="[80]"></a>delay_decrement</STRONG> (Thumb, 34 bytes, Stack size 0 bytes, systick.o(.text.delay_decrement))
<BR><BR>[Called By]<UL><LI><a href="#[9]">&gt;&gt;</a>&nbsp;&nbsp;&nbsp;SysTick_Handler
</UL>

<P><STRONG><a name="[6d]"></a>dma_channel_disable</STRONG> (Thumb, 64 bytes, Stack size 24 bytes, gd32e50x_dma.o(.text.dma_channel_disable))
<BR><BR>[Stack]<UL><LI>Max Depth = 40<LI>Call Chain = dma_channel_disable &rArr; dma_periph_and_channel_check
</UL>
<BR>[Calls]<UL><LI><a href="#[8b]">&gt;&gt;</a>&nbsp;&nbsp;&nbsp;dma_periph_and_channel_check
</UL>
<BR>[Called By]<UL><LI><a href="#[2f]">&gt;&gt;</a>&nbsp;&nbsp;&nbsp;USART0_IRQHandler
<LI><a href="#[6b]">&gt;&gt;</a>&nbsp;&nbsp;&nbsp;DMA_TX_start
</UL>

<P><STRONG><a name="[70]"></a>dma_channel_enable</STRONG> (Thumb, 64 bytes, Stack size 24 bytes, gd32e50x_dma.o(.text.dma_channel_enable))
<BR><BR>[Stack]<UL><LI>Max Depth = 40<LI>Call Chain = dma_channel_enable &rArr; dma_periph_and_channel_check
</UL>
<BR>[Calls]<UL><LI><a href="#[8b]">&gt;&gt;</a>&nbsp;&nbsp;&nbsp;dma_periph_and_channel_check
</UL>
<BR>[Called By]<UL><LI><a href="#[8e]">&gt;&gt;</a>&nbsp;&nbsp;&nbsp;uart_dma_init
<LI><a href="#[2f]">&gt;&gt;</a>&nbsp;&nbsp;&nbsp;USART0_IRQHandler
<LI><a href="#[6b]">&gt;&gt;</a>&nbsp;&nbsp;&nbsp;DMA_TX_start
</UL>

<P><STRONG><a name="[7b]"></a>dma_circulation_disable</STRONG> (Thumb, 64 bytes, Stack size 24 bytes, gd32e50x_dma.o(.text.dma_circulation_disable))
<BR><BR>[Stack]<UL><LI>Max Depth = 40<LI>Call Chain = dma_circulation_disable &rArr; dma_periph_and_channel_check
</UL>
<BR>[Calls]<UL><LI><a href="#[8b]">&gt;&gt;</a>&nbsp;&nbsp;&nbsp;dma_periph_and_channel_check
</UL>
<BR>[Called By]<UL><LI><a href="#[74]">&gt;&gt;</a>&nbsp;&nbsp;&nbsp;SPI_X_DMA_X_Init
</UL>

<P><STRONG><a name="[79]"></a>dma_deinit</STRONG> (Thumb, 150 bytes, Stack size 24 bytes, gd32e50x_dma.o(.text.dma_deinit))
<BR><BR>[Stack]<UL><LI>Max Depth = 40<LI>Call Chain = dma_deinit &rArr; dma_periph_and_channel_check
</UL>
<BR>[Calls]<UL><LI><a href="#[8b]">&gt;&gt;</a>&nbsp;&nbsp;&nbsp;dma_periph_and_channel_check
</UL>
<BR>[Called By]<UL><LI><a href="#[8e]">&gt;&gt;</a>&nbsp;&nbsp;&nbsp;uart_dma_init
<LI><a href="#[74]">&gt;&gt;</a>&nbsp;&nbsp;&nbsp;SPI_X_DMA_X_Init
</UL>

<P><STRONG><a name="[7a]"></a>dma_init</STRONG> (Thumb, 360 bytes, Stack size 40 bytes, gd32e50x_dma.o(.text.dma_init))
<BR><BR>[Stack]<UL><LI>Max Depth = 56<LI>Call Chain = dma_init &rArr; dma_periph_and_channel_check
</UL>
<BR>[Calls]<UL><LI><a href="#[8b]">&gt;&gt;</a>&nbsp;&nbsp;&nbsp;dma_periph_and_channel_check
</UL>
<BR>[Called By]<UL><LI><a href="#[8e]">&gt;&gt;</a>&nbsp;&nbsp;&nbsp;uart_dma_init
<LI><a href="#[74]">&gt;&gt;</a>&nbsp;&nbsp;&nbsp;SPI_X_DMA_X_Init
</UL>

<P><STRONG><a name="[8c]"></a>dma_interrupt_enable</STRONG> (Thumb, 74 bytes, Stack size 32 bytes, gd32e50x_dma.o(.text.dma_interrupt_enable))
<BR><BR>[Stack]<UL><LI>Max Depth = 48<LI>Call Chain = dma_interrupt_enable &rArr; dma_periph_and_channel_check
</UL>
<BR>[Calls]<UL><LI><a href="#[8b]">&gt;&gt;</a>&nbsp;&nbsp;&nbsp;dma_periph_and_channel_check
</UL>
<BR>[Called By]<UL><LI><a href="#[8e]">&gt;&gt;</a>&nbsp;&nbsp;&nbsp;uart_dma_init
</UL>

<P><STRONG><a name="[6a]"></a>dma_interrupt_flag_clear</STRONG> (Thumb, 70 bytes, Stack size 32 bytes, gd32e50x_dma.o(.text.dma_interrupt_flag_clear))
<BR><BR>[Stack]<UL><LI>Max Depth = 48<LI>Call Chain = dma_interrupt_flag_clear &rArr; dma_periph_and_channel_check
</UL>
<BR>[Calls]<UL><LI><a href="#[8b]">&gt;&gt;</a>&nbsp;&nbsp;&nbsp;dma_periph_and_channel_check
</UL>
<BR>[Called By]<UL><LI><a href="#[18]">&gt;&gt;</a>&nbsp;&nbsp;&nbsp;DMA0_Channel3_IRQHandler
</UL>

<P><STRONG><a name="[69]"></a>dma_interrupt_flag_get</STRONG> (Thumb, 250 bytes, Stack size 48 bytes, gd32e50x_dma.o(.text.dma_interrupt_flag_get))
<BR><BR>[Stack]<UL><LI>Max Depth = 64<LI>Call Chain = dma_interrupt_flag_get &rArr; dma_periph_and_channel_check
</UL>
<BR>[Calls]<UL><LI><a href="#[8b]">&gt;&gt;</a>&nbsp;&nbsp;&nbsp;dma_periph_and_channel_check
</UL>
<BR>[Called By]<UL><LI><a href="#[18]">&gt;&gt;</a>&nbsp;&nbsp;&nbsp;DMA0_Channel3_IRQHandler
</UL>

<P><STRONG><a name="[6e]"></a>dma_memory_address_config</STRONG> (Thumb, 70 bytes, Stack size 32 bytes, gd32e50x_dma.o(.text.dma_memory_address_config))
<BR><BR>[Stack]<UL><LI>Max Depth = 48<LI>Call Chain = dma_memory_address_config &rArr; dma_periph_and_channel_check
</UL>
<BR>[Calls]<UL><LI><a href="#[8b]">&gt;&gt;</a>&nbsp;&nbsp;&nbsp;dma_periph_and_channel_check
</UL>
<BR>[Called By]<UL><LI><a href="#[6b]">&gt;&gt;</a>&nbsp;&nbsp;&nbsp;DMA_TX_start
</UL>

<P><STRONG><a name="[7c]"></a>dma_memory_to_memory_disable</STRONG> (Thumb, 64 bytes, Stack size 24 bytes, gd32e50x_dma.o(.text.dma_memory_to_memory_disable))
<BR><BR>[Stack]<UL><LI>Max Depth = 40<LI>Call Chain = dma_memory_to_memory_disable &rArr; dma_periph_and_channel_check
</UL>
<BR>[Calls]<UL><LI><a href="#[8b]">&gt;&gt;</a>&nbsp;&nbsp;&nbsp;dma_periph_and_channel_check
</UL>
<BR>[Called By]<UL><LI><a href="#[74]">&gt;&gt;</a>&nbsp;&nbsp;&nbsp;SPI_X_DMA_X_Init
</UL>

<P><STRONG><a name="[6f]"></a>dma_transfer_number_config</STRONG> (Thumb, 72 bytes, Stack size 32 bytes, gd32e50x_dma.o(.text.dma_transfer_number_config))
<BR><BR>[Stack]<UL><LI>Max Depth = 48<LI>Call Chain = dma_transfer_number_config &rArr; dma_periph_and_channel_check
</UL>
<BR>[Calls]<UL><LI><a href="#[8b]">&gt;&gt;</a>&nbsp;&nbsp;&nbsp;dma_periph_and_channel_check
</UL>
<BR>[Called By]<UL><LI><a href="#[2f]">&gt;&gt;</a>&nbsp;&nbsp;&nbsp;USART0_IRQHandler
<LI><a href="#[6b]">&gt;&gt;</a>&nbsp;&nbsp;&nbsp;DMA_TX_start
</UL>

<P><STRONG><a name="[87]"></a>dma_transfer_number_get</STRONG> (Thumb, 58 bytes, Stack size 24 bytes, gd32e50x_dma.o(.text.dma_transfer_number_get))
<BR><BR>[Stack]<UL><LI>Max Depth = 40<LI>Call Chain = dma_transfer_number_get &rArr; dma_periph_and_channel_check
</UL>
<BR>[Calls]<UL><LI><a href="#[8b]">&gt;&gt;</a>&nbsp;&nbsp;&nbsp;dma_periph_and_channel_check
</UL>
<BR>[Called By]<UL><LI><a href="#[2f]">&gt;&gt;</a>&nbsp;&nbsp;&nbsp;USART0_IRQHandler
</UL>

<P><STRONG><a name="[90]"></a>gpio_bit_reset</STRONG> (Thumb, 24 bytes, Stack size 16 bytes, gd32e50x_gpio.o(.text.gpio_bit_reset))
<BR><BR>[Stack]<UL><LI>Max Depth = 16<LI>Call Chain = gpio_bit_reset
</UL>
<BR>[Called By]<UL><LI><a href="#[72]">&gt;&gt;</a>&nbsp;&nbsp;&nbsp;nor_read_sr
</UL>

<P><STRONG><a name="[7d]"></a>gpio_bit_set</STRONG> (Thumb, 24 bytes, Stack size 16 bytes, gd32e50x_gpio.o(.text.gpio_bit_set))
<BR><BR>[Stack]<UL><LI>Max Depth = 16<LI>Call Chain = gpio_bit_set
</UL>
<BR>[Called By]<UL><LI><a href="#[72]">&gt;&gt;</a>&nbsp;&nbsp;&nbsp;nor_read_sr
<LI><a href="#[74]">&gt;&gt;</a>&nbsp;&nbsp;&nbsp;SPI_X_DMA_X_Init
</UL>

<P><STRONG><a name="[76]"></a>gpio_init</STRONG> (Thumb, 424 bytes, Stack size 60 bytes, gd32e50x_gpio.o(.text.gpio_init))
<BR><BR>[Stack]<UL><LI>Max Depth = 60<LI>Call Chain = gpio_init
</UL>
<BR>[Called By]<UL><LI><a href="#[8e]">&gt;&gt;</a>&nbsp;&nbsp;&nbsp;uart_dma_init
<LI><a href="#[74]">&gt;&gt;</a>&nbsp;&nbsp;&nbsp;SPI_X_DMA_X_Init
</UL>

<P><STRONG><a name="[56]"></a>main</STRONG> (Thumb, 52 bytes, Stack size 16 bytes, main.o(.text.main))
<BR><BR>[Stack]<UL><LI>Max Depth = 272<LI>Call Chain = main &rArr; uart_dma_init &rArr; usart_baudrate_set &rArr; rcu_clock_freq_get
</UL>
<BR>[Calls]<UL><LI><a href="#[8a]">&gt;&gt;</a>&nbsp;&nbsp;&nbsp;uprintf
<LI><a href="#[8e]">&gt;&gt;</a>&nbsp;&nbsp;&nbsp;uart_dma_init
<LI><a href="#[8d]">&gt;&gt;</a>&nbsp;&nbsp;&nbsp;systick_config
<LI><a href="#[8f]">&gt;&gt;</a>&nbsp;&nbsp;&nbsp;delay_1ms
<LI><a href="#[74]">&gt;&gt;</a>&nbsp;&nbsp;&nbsp;SPI_X_DMA_X_Init
<LI><a href="#[73]">&gt;&gt;</a>&nbsp;&nbsp;&nbsp;NOR_Write_Test
</UL>
<BR>[Address Reference Count : 1]<UL><LI> entry9a.o(.ARM.Collect$$$$0000000B)
</UL>
<P><STRONG><a name="[92]"></a>nvic_irq_enable</STRONG> (Thumb, 318 bytes, Stack size 40 bytes, gd32e50x_misc.o(.text.nvic_irq_enable))
<BR><BR>[Stack]<UL><LI>Max Depth = 48<LI>Call Chain = nvic_irq_enable &rArr; nvic_priority_group_set
</UL>
<BR>[Calls]<UL><LI><a href="#[93]">&gt;&gt;</a>&nbsp;&nbsp;&nbsp;nvic_priority_group_set
</UL>
<BR>[Called By]<UL><LI><a href="#[8e]">&gt;&gt;</a>&nbsp;&nbsp;&nbsp;uart_dma_init
</UL>

<P><STRONG><a name="[93]"></a>nvic_priority_group_set</STRONG> (Thumb, 32 bytes, Stack size 8 bytes, gd32e50x_misc.o(.text.nvic_priority_group_set))
<BR><BR>[Stack]<UL><LI>Max Depth = 8<LI>Call Chain = nvic_priority_group_set
</UL>
<BR>[Called By]<UL><LI><a href="#[92]">&gt;&gt;</a>&nbsp;&nbsp;&nbsp;nvic_irq_enable
</UL>

<P><STRONG><a name="[82]"></a>nvic_vector_table_set</STRONG> (Thumb, 50 bytes, Stack size 16 bytes, gd32e50x_misc.o(.text.nvic_vector_table_set))
<BR><BR>[Stack]<UL><LI>Max Depth = 16<LI>Call Chain = nvic_vector_table_set
</UL>
<BR>[Called By]<UL><LI><a href="#[57]">&gt;&gt;</a>&nbsp;&nbsp;&nbsp;SystemInit
</UL>

<P><STRONG><a name="[aa]"></a>rcu_clock_freq_get</STRONG> (Thumb, 630 bytes, Stack size 104 bytes, gd32e50x_rcu.o(.text.rcu_clock_freq_get))
<BR><BR>[Stack]<UL><LI>Max Depth = 104<LI>Call Chain = rcu_clock_freq_get
</UL>
<BR>[Called By]<UL><LI><a href="#[9d]">&gt;&gt;</a>&nbsp;&nbsp;&nbsp;usart_baudrate_set
</UL>

<P><STRONG><a name="[75]"></a>rcu_periph_clock_enable</STRONG> (Thumb, 48 bytes, Stack size 8 bytes, gd32e50x_rcu.o(.text.rcu_periph_clock_enable))
<BR><BR>[Stack]<UL><LI>Max Depth = 8<LI>Call Chain = rcu_periph_clock_enable
</UL>
<BR>[Called By]<UL><LI><a href="#[8e]">&gt;&gt;</a>&nbsp;&nbsp;&nbsp;uart_dma_init
<LI><a href="#[74]">&gt;&gt;</a>&nbsp;&nbsp;&nbsp;SPI_X_DMA_X_Init
</UL>

<P><STRONG><a name="[ac]"></a>rcu_periph_reset_disable</STRONG> (Thumb, 48 bytes, Stack size 8 bytes, gd32e50x_rcu.o(.text.rcu_periph_reset_disable))
<BR><BR>[Stack]<UL><LI>Max Depth = 8<LI>Call Chain = rcu_periph_reset_disable
</UL>
<BR>[Called By]<UL><LI><a href="#[9c]">&gt;&gt;</a>&nbsp;&nbsp;&nbsp;usart_deinit
</UL>

<P><STRONG><a name="[ab]"></a>rcu_periph_reset_enable</STRONG> (Thumb, 48 bytes, Stack size 8 bytes, gd32e50x_rcu.o(.text.rcu_periph_reset_enable))
<BR><BR>[Stack]<UL><LI>Max Depth = 8<LI>Call Chain = rcu_periph_reset_enable
</UL>
<BR>[Called By]<UL><LI><a href="#[9c]">&gt;&gt;</a>&nbsp;&nbsp;&nbsp;usart_deinit
</UL>

<P><STRONG><a name="[78]"></a>spi_enable</STRONG> (Thumb, 22 bytes, Stack size 8 bytes, gd32e50x_spi.o(.text.spi_enable))
<BR><BR>[Stack]<UL><LI>Max Depth = 8<LI>Call Chain = spi_enable
</UL>
<BR>[Called By]<UL><LI><a href="#[74]">&gt;&gt;</a>&nbsp;&nbsp;&nbsp;SPI_X_DMA_X_Init
</UL>

<P><STRONG><a name="[9a]"></a>spi_i2s_data_receive</STRONG> (Thumb, 18 bytes, Stack size 8 bytes, gd32e50x_spi.o(.text.spi_i2s_data_receive))
<BR><BR>[Stack]<UL><LI>Max Depth = 8<LI>Call Chain = spi_i2s_data_receive
</UL>
<BR>[Called By]<UL><LI><a href="#[91]">&gt;&gt;</a>&nbsp;&nbsp;&nbsp;spi2rw
</UL>

<P><STRONG><a name="[99]"></a>spi_i2s_data_transmit</STRONG> (Thumb, 28 bytes, Stack size 16 bytes, gd32e50x_spi.o(.text.spi_i2s_data_transmit))
<BR><BR>[Stack]<UL><LI>Max Depth = 16<LI>Call Chain = spi_i2s_data_transmit
</UL>
<BR>[Called By]<UL><LI><a href="#[91]">&gt;&gt;</a>&nbsp;&nbsp;&nbsp;spi2rw
</UL>

<P><STRONG><a name="[98]"></a>spi_i2s_flag_get</STRONG> (Thumb, 50 bytes, Stack size 20 bytes, gd32e50x_spi.o(.text.spi_i2s_flag_get))
<BR><BR>[Stack]<UL><LI>Max Depth = 20<LI>Call Chain = spi_i2s_flag_get
</UL>
<BR>[Called By]<UL><LI><a href="#[91]">&gt;&gt;</a>&nbsp;&nbsp;&nbsp;spi2rw
</UL>

<P><STRONG><a name="[77]"></a>spi_init</STRONG> (Thumb, 122 bytes, Stack size 20 bytes, gd32e50x_spi.o(.text.spi_init))
<BR><BR>[Stack]<UL><LI>Max Depth = 20<LI>Call Chain = spi_init
</UL>
<BR>[Called By]<UL><LI><a href="#[74]">&gt;&gt;</a>&nbsp;&nbsp;&nbsp;SPI_X_DMA_X_Init
</UL>

<P><STRONG><a name="[88]"></a>strip_crlf</STRONG> (Thumb, 64 bytes, Stack size 12 bytes, main.o(.text.strip_crlf))
<BR><BR>[Stack]<UL><LI>Max Depth = 12<LI>Call Chain = strip_crlf
</UL>
<BR>[Called By]<UL><LI><a href="#[2f]">&gt;&gt;</a>&nbsp;&nbsp;&nbsp;USART0_IRQHandler
</UL>

<P><STRONG><a name="[8d]"></a>systick_config</STRONG> (Thumb, 60 bytes, Stack size 16 bytes, systick.o(.text.systick_config))
<BR><BR>[Stack]<UL><LI>Max Depth = 56<LI>Call Chain = systick_config &rArr; SysTick_Config &rArr; __NVIC_SetPriority
</UL>
<BR>[Calls]<UL><LI><a href="#[7f]">&gt;&gt;</a>&nbsp;&nbsp;&nbsp;__NVIC_SetPriority
<LI><a href="#[7e]">&gt;&gt;</a>&nbsp;&nbsp;&nbsp;SysTick_Config
</UL>
<BR>[Called By]<UL><LI><a href="#[56]">&gt;&gt;</a>&nbsp;&nbsp;&nbsp;main
</UL>

<P><STRONG><a name="[8e]"></a>uart_dma_init</STRONG> (Thumb, 392 bytes, Stack size 104 bytes, main.o(.text.uart_dma_init))
<BR><BR>[Stack]<UL><LI>Max Depth = 256<LI>Call Chain = uart_dma_init &rArr; usart_baudrate_set &rArr; rcu_clock_freq_get
</UL>
<BR>[Calls]<UL><LI><a href="#[9e]">&gt;&gt;</a>&nbsp;&nbsp;&nbsp;usart_word_length_set
<LI><a href="#[a4]">&gt;&gt;</a>&nbsp;&nbsp;&nbsp;usart_transmit_config
<LI><a href="#[9f]">&gt;&gt;</a>&nbsp;&nbsp;&nbsp;usart_stop_bit_set
<LI><a href="#[a3]">&gt;&gt;</a>&nbsp;&nbsp;&nbsp;usart_receive_config
<LI><a href="#[a0]">&gt;&gt;</a>&nbsp;&nbsp;&nbsp;usart_parity_config
<LI><a href="#[a8]">&gt;&gt;</a>&nbsp;&nbsp;&nbsp;usart_interrupt_enable
<LI><a href="#[a1]">&gt;&gt;</a>&nbsp;&nbsp;&nbsp;usart_hardware_flow_rts_config
<LI><a href="#[a2]">&gt;&gt;</a>&nbsp;&nbsp;&nbsp;usart_hardware_flow_cts_config
<LI><a href="#[a5]">&gt;&gt;</a>&nbsp;&nbsp;&nbsp;usart_enable
<LI><a href="#[a6]">&gt;&gt;</a>&nbsp;&nbsp;&nbsp;usart_dma_transmit_config
<LI><a href="#[a7]">&gt;&gt;</a>&nbsp;&nbsp;&nbsp;usart_dma_receive_config
<LI><a href="#[9c]">&gt;&gt;</a>&nbsp;&nbsp;&nbsp;usart_deinit
<LI><a href="#[9d]">&gt;&gt;</a>&nbsp;&nbsp;&nbsp;usart_baudrate_set
<LI><a href="#[75]">&gt;&gt;</a>&nbsp;&nbsp;&nbsp;rcu_periph_clock_enable
<LI><a href="#[92]">&gt;&gt;</a>&nbsp;&nbsp;&nbsp;nvic_irq_enable
<LI><a href="#[76]">&gt;&gt;</a>&nbsp;&nbsp;&nbsp;gpio_init
<LI><a href="#[8c]">&gt;&gt;</a>&nbsp;&nbsp;&nbsp;dma_interrupt_enable
<LI><a href="#[7a]">&gt;&gt;</a>&nbsp;&nbsp;&nbsp;dma_init
<LI><a href="#[79]">&gt;&gt;</a>&nbsp;&nbsp;&nbsp;dma_deinit
<LI><a href="#[70]">&gt;&gt;</a>&nbsp;&nbsp;&nbsp;dma_channel_enable
</UL>
<BR>[Called By]<UL><LI><a href="#[56]">&gt;&gt;</a>&nbsp;&nbsp;&nbsp;main
</UL>

<P><STRONG><a name="[8a]"></a>uprintf</STRONG> (Thumb, 90 bytes, Stack size 48 bytes, main.o(.text.uprintf))
<BR><BR>[Stack]<UL><LI>Max Depth = 120<LI>Call Chain = uprintf &rArr; DMA_TX_start &rArr; dma_transfer_number_config &rArr; dma_periph_and_channel_check
</UL>
<BR>[Calls]<UL><LI><a href="#[94]">&gt;&gt;</a>&nbsp;&nbsp;&nbsp;ring_buf_write
<LI><a href="#[6b]">&gt;&gt;</a>&nbsp;&nbsp;&nbsp;DMA_TX_start
<LI><a href="#[a9]">&gt;&gt;</a>&nbsp;&nbsp;&nbsp;vsnprintf
</UL>
<BR>[Called By]<UL><LI><a href="#[56]">&gt;&gt;</a>&nbsp;&nbsp;&nbsp;main
<LI><a href="#[2f]">&gt;&gt;</a>&nbsp;&nbsp;&nbsp;USART0_IRQHandler
</UL>

<P><STRONG><a name="[9d]"></a>usart_baudrate_set</STRONG> (Thumb, 402 bytes, Stack size 48 bytes, gd32e50x_usart.o(.text.usart_baudrate_set))
<BR><BR>[Stack]<UL><LI>Max Depth = 152<LI>Call Chain = usart_baudrate_set &rArr; rcu_clock_freq_get
</UL>
<BR>[Calls]<UL><LI><a href="#[aa]">&gt;&gt;</a>&nbsp;&nbsp;&nbsp;rcu_clock_freq_get
</UL>
<BR>[Called By]<UL><LI><a href="#[8e]">&gt;&gt;</a>&nbsp;&nbsp;&nbsp;uart_dma_init
</UL>

<P><STRONG><a name="[9c]"></a>usart_deinit</STRONG> (Thumb, 222 bytes, Stack size 48 bytes, gd32e50x_usart.o(.text.usart_deinit))
<BR><BR>[Stack]<UL><LI>Max Depth = 56<LI>Call Chain = usart_deinit &rArr; rcu_periph_reset_enable
</UL>
<BR>[Calls]<UL><LI><a href="#[ab]">&gt;&gt;</a>&nbsp;&nbsp;&nbsp;rcu_periph_reset_enable
<LI><a href="#[ac]">&gt;&gt;</a>&nbsp;&nbsp;&nbsp;rcu_periph_reset_disable
</UL>
<BR>[Called By]<UL><LI><a href="#[8e]">&gt;&gt;</a>&nbsp;&nbsp;&nbsp;uart_dma_init
</UL>

<P><STRONG><a name="[a7]"></a>usart_dma_receive_config</STRONG> (Thumb, 104 bytes, Stack size 20 bytes, gd32e50x_usart.o(.text.usart_dma_receive_config))
<BR><BR>[Stack]<UL><LI>Max Depth = 20<LI>Call Chain = usart_dma_receive_config
</UL>
<BR>[Called By]<UL><LI><a href="#[8e]">&gt;&gt;</a>&nbsp;&nbsp;&nbsp;uart_dma_init
</UL>

<P><STRONG><a name="[a6]"></a>usart_dma_transmit_config</STRONG> (Thumb, 104 bytes, Stack size 20 bytes, gd32e50x_usart.o(.text.usart_dma_transmit_config))
<BR><BR>[Stack]<UL><LI>Max Depth = 20<LI>Call Chain = usart_dma_transmit_config
</UL>
<BR>[Called By]<UL><LI><a href="#[8e]">&gt;&gt;</a>&nbsp;&nbsp;&nbsp;uart_dma_init
</UL>

<P><STRONG><a name="[a5]"></a>usart_enable</STRONG> (Thumb, 52 bytes, Stack size 8 bytes, gd32e50x_usart.o(.text.usart_enable))
<BR><BR>[Stack]<UL><LI>Max Depth = 8<LI>Call Chain = usart_enable
</UL>
<BR>[Called By]<UL><LI><a href="#[8e]">&gt;&gt;</a>&nbsp;&nbsp;&nbsp;uart_dma_init
</UL>

<P><STRONG><a name="[a2]"></a>usart_hardware_flow_cts_config</STRONG> (Thumb, 46 bytes, Stack size 16 bytes, gd32e50x_usart.o(.text.usart_hardware_flow_cts_config))
<BR><BR>[Stack]<UL><LI>Max Depth = 16<LI>Call Chain = usart_hardware_flow_cts_config
</UL>
<BR>[Called By]<UL><LI><a href="#[8e]">&gt;&gt;</a>&nbsp;&nbsp;&nbsp;uart_dma_init
</UL>

<P><STRONG><a name="[a1]"></a>usart_hardware_flow_rts_config</STRONG> (Thumb, 46 bytes, Stack size 16 bytes, gd32e50x_usart.o(.text.usart_hardware_flow_rts_config))
<BR><BR>[Stack]<UL><LI>Max Depth = 16<LI>Call Chain = usart_hardware_flow_rts_config
</UL>
<BR>[Called By]<UL><LI><a href="#[8e]">&gt;&gt;</a>&nbsp;&nbsp;&nbsp;uart_dma_init
</UL>

<P><STRONG><a name="[a8]"></a>usart_interrupt_enable</STRONG> (Thumb, 56 bytes, Stack size 24 bytes, gd32e50x_usart.o(.text.usart_interrupt_enable))
<BR><BR>[Stack]<UL><LI>Max Depth = 24<LI>Call Chain = usart_interrupt_enable
</UL>
<BR>[Called By]<UL><LI><a href="#[8e]">&gt;&gt;</a>&nbsp;&nbsp;&nbsp;uart_dma_init
</UL>

<P><STRONG><a name="[86]"></a>usart_interrupt_flag_clear</STRONG> (Thumb, 44 bytes, Stack size 16 bytes, gd32e50x_usart.o(.text.usart_interrupt_flag_clear))
<BR><BR>[Stack]<UL><LI>Max Depth = 16<LI>Call Chain = usart_interrupt_flag_clear
</UL>
<BR>[Called By]<UL><LI><a href="#[2f]">&gt;&gt;</a>&nbsp;&nbsp;&nbsp;USART0_IRQHandler
</UL>

<P><STRONG><a name="[85]"></a>usart_interrupt_flag_get</STRONG> (Thumb, 110 bytes, Stack size 28 bytes, gd32e50x_usart.o(.text.usart_interrupt_flag_get))
<BR><BR>[Stack]<UL><LI>Max Depth = 28<LI>Call Chain = usart_interrupt_flag_get
</UL>
<BR>[Called By]<UL><LI><a href="#[2f]">&gt;&gt;</a>&nbsp;&nbsp;&nbsp;USART0_IRQHandler
</UL>

<P><STRONG><a name="[a0]"></a>usart_parity_config</STRONG> (Thumb, 96 bytes, Stack size 16 bytes, gd32e50x_usart.o(.text.usart_parity_config))
<BR><BR>[Stack]<UL><LI>Max Depth = 16<LI>Call Chain = usart_parity_config
</UL>
<BR>[Called By]<UL><LI><a href="#[8e]">&gt;&gt;</a>&nbsp;&nbsp;&nbsp;uart_dma_init
</UL>

<P><STRONG><a name="[a3]"></a>usart_receive_config</STRONG> (Thumb, 106 bytes, Stack size 20 bytes, gd32e50x_usart.o(.text.usart_receive_config))
<BR><BR>[Stack]<UL><LI>Max Depth = 20<LI>Call Chain = usart_receive_config
</UL>
<BR>[Called By]<UL><LI><a href="#[8e]">&gt;&gt;</a>&nbsp;&nbsp;&nbsp;uart_dma_init
</UL>

<P><STRONG><a name="[9f]"></a>usart_stop_bit_set</STRONG> (Thumb, 96 bytes, Stack size 16 bytes, gd32e50x_usart.o(.text.usart_stop_bit_set))
<BR><BR>[Stack]<UL><LI>Max Depth = 16<LI>Call Chain = usart_stop_bit_set
</UL>
<BR>[Called By]<UL><LI><a href="#[8e]">&gt;&gt;</a>&nbsp;&nbsp;&nbsp;uart_dma_init
</UL>

<P><STRONG><a name="[a4]"></a>usart_transmit_config</STRONG> (Thumb, 106 bytes, Stack size 20 bytes, gd32e50x_usart.o(.text.usart_transmit_config))
<BR><BR>[Stack]<UL><LI>Max Depth = 20<LI>Call Chain = usart_transmit_config
</UL>
<BR>[Called By]<UL><LI><a href="#[8e]">&gt;&gt;</a>&nbsp;&nbsp;&nbsp;uart_dma_init
</UL>

<P><STRONG><a name="[9e]"></a>usart_word_length_set</STRONG> (Thumb, 96 bytes, Stack size 16 bytes, gd32e50x_usart.o(.text.usart_word_length_set))
<BR><BR>[Stack]<UL><LI>Max Depth = 16<LI>Call Chain = usart_word_length_set
</UL>
<BR>[Called By]<UL><LI><a href="#[8e]">&gt;&gt;</a>&nbsp;&nbsp;&nbsp;uart_dma_init
</UL>

<P><STRONG><a name="[ad]"></a>__0vsnprintf</STRONG> (Thumb, 40 bytes, Stack size 24 bytes, printfa.o(i.__0vsnprintf), UNUSED)
<BR><BR>[Calls]<UL><LI><a href="#[ae]">&gt;&gt;</a>&nbsp;&nbsp;&nbsp;_printf_core
</UL>

<P><STRONG><a name="[c2]"></a>__1vsnprintf</STRONG> (Thumb, 0 bytes, Stack size 24 bytes, printfa.o(i.__0vsnprintf), UNUSED)

<P><STRONG><a name="[c3]"></a>__2vsnprintf</STRONG> (Thumb, 0 bytes, Stack size 24 bytes, printfa.o(i.__0vsnprintf), UNUSED)

<P><STRONG><a name="[c4]"></a>__c89vsnprintf</STRONG> (Thumb, 0 bytes, Stack size 24 bytes, printfa.o(i.__0vsnprintf), UNUSED)

<P><STRONG><a name="[a9]"></a>vsnprintf</STRONG> (Thumb, 0 bytes, Stack size 24 bytes, printfa.o(i.__0vsnprintf))
<BR><BR>[Stack]<UL><LI>Max Depth = 24<LI>Call Chain = vsnprintf
</UL>
<BR>[Called By]<UL><LI><a href="#[8a]">&gt;&gt;</a>&nbsp;&nbsp;&nbsp;uprintf
</UL>

<P><STRONG><a name="[c5]"></a>__scatterload_copy</STRONG> (Thumb, 14 bytes, Stack size unknown bytes, handlers.o(i.__scatterload_copy), UNUSED)

<P><STRONG><a name="[c6]"></a>__scatterload_null</STRONG> (Thumb, 2 bytes, Stack size unknown bytes, handlers.o(i.__scatterload_null), UNUSED)

<P><STRONG><a name="[c7]"></a>__scatterload_zeroinit</STRONG> (Thumb, 14 bytes, Stack size unknown bytes, handlers.o(i.__scatterload_zeroinit), UNUSED)
<P>
<H3>
Local Symbols
</H3>
<P><STRONG><a name="[6b]"></a>DMA_TX_start</STRONG> (Thumb, 166 bytes, Stack size 24 bytes, main.o(.text.DMA_TX_start))
<BR><BR>[Stack]<UL><LI>Max Depth = 72<LI>Call Chain = DMA_TX_start &rArr; dma_transfer_number_config &rArr; dma_periph_and_channel_check
</UL>
<BR>[Calls]<UL><LI><a href="#[6f]">&gt;&gt;</a>&nbsp;&nbsp;&nbsp;dma_transfer_number_config
<LI><a href="#[6e]">&gt;&gt;</a>&nbsp;&nbsp;&nbsp;dma_memory_address_config
<LI><a href="#[70]">&gt;&gt;</a>&nbsp;&nbsp;&nbsp;dma_channel_enable
<LI><a href="#[6d]">&gt;&gt;</a>&nbsp;&nbsp;&nbsp;dma_channel_disable
<LI><a href="#[6c]">&gt;&gt;</a>&nbsp;&nbsp;&nbsp;This_Time_TX_len
</UL>
<BR>[Called By]<UL><LI><a href="#[8a]">&gt;&gt;</a>&nbsp;&nbsp;&nbsp;uprintf
<LI><a href="#[18]">&gt;&gt;</a>&nbsp;&nbsp;&nbsp;DMA0_Channel3_IRQHandler
</UL>

<P><STRONG><a name="[6c]"></a>This_Time_TX_len</STRONG> (Thumb, 84 bytes, Stack size 24 bytes, main.o(.text.This_Time_TX_len))
<BR><BR>[Stack]<UL><LI>Max Depth = 24<LI>Call Chain = This_Time_TX_len
</UL>
<BR>[Calls]<UL><LI><a href="#[83]">&gt;&gt;</a>&nbsp;&nbsp;&nbsp;ring_used
<LI><a href="#[84]">&gt;&gt;</a>&nbsp;&nbsp;&nbsp;cont_to_end_from_tail
</UL>
<BR>[Called By]<UL><LI><a href="#[6b]">&gt;&gt;</a>&nbsp;&nbsp;&nbsp;DMA_TX_start
</UL>

<P><STRONG><a name="[84]"></a>cont_to_end_from_tail</STRONG> (Thumb, 20 bytes, Stack size 0 bytes, main.o(.text.cont_to_end_from_tail))
<BR><BR>[Called By]<UL><LI><a href="#[6c]">&gt;&gt;</a>&nbsp;&nbsp;&nbsp;This_Time_TX_len
</UL>

<P><STRONG><a name="[95]"></a>irq_lock</STRONG> (Thumb, 26 bytes, Stack size 12 bytes, main.o(.text.irq_lock))
<BR><BR>[Stack]<UL><LI>Max Depth = 12<LI>Call Chain = irq_lock
</UL>
<BR>[Called By]<UL><LI><a href="#[94]">&gt;&gt;</a>&nbsp;&nbsp;&nbsp;ring_buf_write
</UL>

<P><STRONG><a name="[97]"></a>irq_unlock</STRONG> (Thumb, 24 bytes, Stack size 8 bytes, main.o(.text.irq_unlock))
<BR><BR>[Stack]<UL><LI>Max Depth = 8<LI>Call Chain = irq_unlock
</UL>
<BR>[Called By]<UL><LI><a href="#[94]">&gt;&gt;</a>&nbsp;&nbsp;&nbsp;ring_buf_write
</UL>

<P><STRONG><a name="[94]"></a>ring_buf_write</STRONG> (Thumb, 264 bytes, Stack size 56 bytes, main.o(.text.ring_buf_write))
<BR><BR>[Stack]<UL><LI>Max Depth = 68<LI>Call Chain = ring_buf_write &rArr; irq_lock
</UL>
<BR>[Calls]<UL><LI><a href="#[97]">&gt;&gt;</a>&nbsp;&nbsp;&nbsp;irq_unlock
<LI><a href="#[95]">&gt;&gt;</a>&nbsp;&nbsp;&nbsp;irq_lock
<LI><a href="#[96]">&gt;&gt;</a>&nbsp;&nbsp;&nbsp;__aeabi_memcpy
</UL>
<BR>[Called By]<UL><LI><a href="#[8a]">&gt;&gt;</a>&nbsp;&nbsp;&nbsp;uprintf
</UL>

<P><STRONG><a name="[83]"></a>ring_used</STRONG> (Thumb, 26 bytes, Stack size 0 bytes, main.o(.text.ring_used))
<BR><BR>[Called By]<UL><LI><a href="#[6c]">&gt;&gt;</a>&nbsp;&nbsp;&nbsp;This_Time_TX_len
</UL>

<P><STRONG><a name="[7e]"></a>SysTick_Config</STRONG> (Thumb, 90 bytes, Stack size 24 bytes, systick.o(.text.SysTick_Config))
<BR><BR>[Stack]<UL><LI>Max Depth = 40<LI>Call Chain = SysTick_Config &rArr; __NVIC_SetPriority
</UL>
<BR>[Calls]<UL><LI><a href="#[7f]">&gt;&gt;</a>&nbsp;&nbsp;&nbsp;__NVIC_SetPriority
</UL>
<BR>[Called By]<UL><LI><a href="#[8d]">&gt;&gt;</a>&nbsp;&nbsp;&nbsp;systick_config
</UL>

<P><STRONG><a name="[7f]"></a>__NVIC_SetPriority</STRONG> (Thumb, 74 bytes, Stack size 16 bytes, systick.o(.text.__NVIC_SetPriority))
<BR><BR>[Stack]<UL><LI>Max Depth = 16<LI>Call Chain = __NVIC_SetPriority
</UL>
<BR>[Called By]<UL><LI><a href="#[7e]">&gt;&gt;</a>&nbsp;&nbsp;&nbsp;SysTick_Config
<LI><a href="#[8d]">&gt;&gt;</a>&nbsp;&nbsp;&nbsp;systick_config
</UL>

<P><STRONG><a name="[72]"></a>nor_read_sr</STRONG> (Thumb, 70 bytes, Stack size 32 bytes, spi_dma_flash.o(.text.nor_read_sr))
<BR><BR>[Stack]<UL><LI>Max Depth = 68<LI>Call Chain = nor_read_sr &rArr; spi2rw &rArr; spi_i2s_flag_get
</UL>
<BR>[Calls]<UL><LI><a href="#[7d]">&gt;&gt;</a>&nbsp;&nbsp;&nbsp;gpio_bit_set
<LI><a href="#[90]">&gt;&gt;</a>&nbsp;&nbsp;&nbsp;gpio_bit_reset
<LI><a href="#[91]">&gt;&gt;</a>&nbsp;&nbsp;&nbsp;spi2rw
</UL>
<BR>[Called By]<UL><LI><a href="#[71]">&gt;&gt;</a>&nbsp;&nbsp;&nbsp;NOR_Erase
</UL>

<P><STRONG><a name="[91]"></a>spi2rw</STRONG> (Thumb, 118 bytes, Stack size 16 bytes, spi_dma_flash.o(.text.spi2rw))
<BR><BR>[Stack]<UL><LI>Max Depth = 36<LI>Call Chain = spi2rw &rArr; spi_i2s_flag_get
</UL>
<BR>[Calls]<UL><LI><a href="#[98]">&gt;&gt;</a>&nbsp;&nbsp;&nbsp;spi_i2s_flag_get
<LI><a href="#[99]">&gt;&gt;</a>&nbsp;&nbsp;&nbsp;spi_i2s_data_transmit
<LI><a href="#[9a]">&gt;&gt;</a>&nbsp;&nbsp;&nbsp;spi_i2s_data_receive
</UL>
<BR>[Called By]<UL><LI><a href="#[72]">&gt;&gt;</a>&nbsp;&nbsp;&nbsp;nor_read_sr
</UL>

<P><STRONG><a name="[9b]"></a>system_clock_180m_hxtal</STRONG> (Thumb, 402 bytes, Stack size 16 bytes, system_gd32e50x.o(.text.system_clock_180m_hxtal))
<BR><BR>[Stack]<UL><LI>Max Depth = 16<LI>Call Chain = system_clock_180m_hxtal
</UL>
<BR>[Called By]<UL><LI><a href="#[81]">&gt;&gt;</a>&nbsp;&nbsp;&nbsp;system_clock_config
</UL>

<P><STRONG><a name="[81]"></a>system_clock_config</STRONG> (Thumb, 8 bytes, Stack size 8 bytes, system_gd32e50x.o(.text.system_clock_config))
<BR><BR>[Stack]<UL><LI>Max Depth = 24<LI>Call Chain = system_clock_config &rArr; system_clock_180m_hxtal
</UL>
<BR>[Calls]<UL><LI><a href="#[9b]">&gt;&gt;</a>&nbsp;&nbsp;&nbsp;system_clock_180m_hxtal
</UL>
<BR>[Called By]<UL><LI><a href="#[57]">&gt;&gt;</a>&nbsp;&nbsp;&nbsp;SystemInit
</UL>

<P><STRONG><a name="[8b]"></a>dma_periph_and_channel_check</STRONG> (Thumb, 66 bytes, Stack size 16 bytes, gd32e50x_dma.o(.text.dma_periph_and_channel_check))
<BR><BR>[Stack]<UL><LI>Max Depth = 16<LI>Call Chain = dma_periph_and_channel_check
</UL>
<BR>[Called By]<UL><LI><a href="#[7c]">&gt;&gt;</a>&nbsp;&nbsp;&nbsp;dma_memory_to_memory_disable
<LI><a href="#[7b]">&gt;&gt;</a>&nbsp;&nbsp;&nbsp;dma_circulation_disable
<LI><a href="#[87]">&gt;&gt;</a>&nbsp;&nbsp;&nbsp;dma_transfer_number_get
<LI><a href="#[6f]">&gt;&gt;</a>&nbsp;&nbsp;&nbsp;dma_transfer_number_config
<LI><a href="#[6e]">&gt;&gt;</a>&nbsp;&nbsp;&nbsp;dma_memory_address_config
<LI><a href="#[69]">&gt;&gt;</a>&nbsp;&nbsp;&nbsp;dma_interrupt_flag_get
<LI><a href="#[6a]">&gt;&gt;</a>&nbsp;&nbsp;&nbsp;dma_interrupt_flag_clear
<LI><a href="#[8c]">&gt;&gt;</a>&nbsp;&nbsp;&nbsp;dma_interrupt_enable
<LI><a href="#[7a]">&gt;&gt;</a>&nbsp;&nbsp;&nbsp;dma_init
<LI><a href="#[79]">&gt;&gt;</a>&nbsp;&nbsp;&nbsp;dma_deinit
<LI><a href="#[70]">&gt;&gt;</a>&nbsp;&nbsp;&nbsp;dma_channel_enable
<LI><a href="#[6d]">&gt;&gt;</a>&nbsp;&nbsp;&nbsp;dma_channel_disable
</UL>

<P><STRONG><a name="[af]"></a>_fp_digits</STRONG> (Thumb, 366 bytes, Stack size 64 bytes, printfa.o(i._fp_digits), UNUSED)
<BR><BR>[Calls]<UL><LI><a href="#[5c]">&gt;&gt;</a>&nbsp;&nbsp;&nbsp;__aeabi_uldivmod
<LI><a href="#[65]">&gt;&gt;</a>&nbsp;&nbsp;&nbsp;__aeabi_dmul
<LI><a href="#[66]">&gt;&gt;</a>&nbsp;&nbsp;&nbsp;__aeabi_ddiv
<LI><a href="#[5f]">&gt;&gt;</a>&nbsp;&nbsp;&nbsp;__aeabi_dadd
<LI><a href="#[67]">&gt;&gt;</a>&nbsp;&nbsp;&nbsp;__aeabi_d2ulz
<LI><a href="#[b0]">&gt;&gt;</a>&nbsp;&nbsp;&nbsp;__aeabi_cdrcmple
</UL>
<BR>[Called By]<UL><LI><a href="#[ae]">&gt;&gt;</a>&nbsp;&nbsp;&nbsp;_printf_core
</UL>

<P><STRONG><a name="[ae]"></a>_printf_core</STRONG> (Thumb, 1744 bytes, Stack size 136 bytes, printfa.o(i._printf_core), UNUSED)
<BR><BR>[Calls]<UL><LI><a href="#[5c]">&gt;&gt;</a>&nbsp;&nbsp;&nbsp;__aeabi_uldivmod
<LI><a href="#[b3]">&gt;&gt;</a>&nbsp;&nbsp;&nbsp;__aeabi_uidivmod
<LI><a href="#[b1]">&gt;&gt;</a>&nbsp;&nbsp;&nbsp;_printf_pre_padding
<LI><a href="#[b2]">&gt;&gt;</a>&nbsp;&nbsp;&nbsp;_printf_post_padding
<LI><a href="#[af]">&gt;&gt;</a>&nbsp;&nbsp;&nbsp;_fp_digits
</UL>
<BR>[Called By]<UL><LI><a href="#[ad]">&gt;&gt;</a>&nbsp;&nbsp;&nbsp;__0vsnprintf
</UL>

<P><STRONG><a name="[b2]"></a>_printf_post_padding</STRONG> (Thumb, 36 bytes, Stack size 24 bytes, printfa.o(i._printf_post_padding), UNUSED)
<BR><BR>[Called By]<UL><LI><a href="#[ae]">&gt;&gt;</a>&nbsp;&nbsp;&nbsp;_printf_core
</UL>

<P><STRONG><a name="[b1]"></a>_printf_pre_padding</STRONG> (Thumb, 46 bytes, Stack size 24 bytes, printfa.o(i._printf_pre_padding), UNUSED)
<BR><BR>[Called By]<UL><LI><a href="#[ae]">&gt;&gt;</a>&nbsp;&nbsp;&nbsp;_printf_core
</UL>

<P><STRONG><a name="[59]"></a>_snputc</STRONG> (Thumb, 22 bytes, Stack size 0 bytes, printfa.o(i._snputc))
<BR>[Address Reference Count : 1]<UL><LI> printfa.o(i.__0vsnprintf)
</UL><P>
<H3>
Undefined Global Symbols
</H3><HR></body></html>
